 hw8_two_tanks_sfun

 Timestamp is 546bd7f5 (Tue Nov 18 17:36:21 2014)

 Preferred load address is 0000000180000000

 Start         Length     Name                   Class
 0001:00000000 0002d67eH .text                   CODE
 0001:0002d680 0000007bH .text$x                 CODE
 0002:00000000 00000480H .idata$5                DATA
 0002:00000480 00000008H .CRT$XCA                DATA
 0002:00000488 00000008H .CRT$XCZ                DATA
 0002:00000490 00000008H .CRT$XIA                DATA
 0002:00000498 00000008H .CRT$XIAA               DATA
 0002:000004a0 00000008H .CRT$XIC                DATA
 0002:000004a8 00000008H .CRT$XIZ                DATA
 0002:000004b0 00000750H .rdata                  DATA
 0002:00000c00 00000008H .rtc$IAA                DATA
 0002:00000c08 00000008H .rtc$IZZ                DATA
 0002:00000c10 00000008H .rtc$TAA                DATA
 0002:00000c18 00000008H .rtc$TZZ                DATA
 0002:00000c20 00000774H .xdata                  DATA
 0002:00001394 0000008cH .idata$2                DATA
 0002:00001420 00000014H .idata$3                DATA
 0002:00001438 00000480H .idata$4                DATA
 0002:000018b8 00000cb4H .idata$6                DATA
 0002:00002570 00000058H .edata                  DATA
 0003:00000000 000033f8H .data                   DATA
 0003:00003400 000006c8H .bss                    DATA
 0004:00000000 00000930H .pdata                  DATA

  Address         Publics by Value              Rva+Base               Lib:Object

 0000:00000000       ___safe_se_handler_count   0000000000000000     <absolute>
 0000:00000000       ___safe_se_handler_table   0000000000000000     <absolute>
 0000:00000000       __ImageBase                0000000180000000     <linker-defined>
 0001:00000000       hw8_two_tanks_initializer  0000000180001000 f   hw8_two_tanks_sfun.obj
 0001:00000010       hw8_two_tanks_terminator   0000000180001010 f   hw8_two_tanks_sfun.obj
 0001:00000020       load_hw8_two_tanks_optimization_info 0000000180001020 f   hw8_two_tanks_sfun.obj
 0001:00000070       unload_hw8_two_tanks_optimization_info 0000000180001070 f   hw8_two_tanks_sfun.obj
 0001:000000a0       sf_hw8_two_tanks_method_dispatcher 00000001800010a0 f   hw8_two_tanks_sfun.obj
 0001:000000f0       sf_hw8_two_tanks_process_check_sum_call 00000001800010f0 f   hw8_two_tanks_sfun.obj
 0001:00000770       sf_hw8_two_tanks_autoinheritance_info 0000000180001770 f   hw8_two_tanks_sfun.obj
 0001:00000950       sf_hw8_two_tanks_get_eml_resolved_functions_info 0000000180001950 f   hw8_two_tanks_sfun.obj
 0001:00000ad0       sf_hw8_two_tanks_third_party_uses_info 0000000180001ad0 f   hw8_two_tanks_sfun.obj
 0001:00000ca0       sf_hw8_two_tanks_updateBuildInfo_args_info 0000000180001ca0 f   hw8_two_tanks_sfun.obj
 0001:00000e70       hw8_two_tanks_debug_initialize 0000000180001e70 f   hw8_two_tanks_sfun.obj
 0001:00000ef0       hw8_two_tanks_register_exported_symbols 0000000180001ef0 f   hw8_two_tanks_sfun.obj
 0001:00000f00       sf_c3_hw8_two_tanks_get_eml_resolved_functions_info 0000000180001f00 f   c3_hw8_two_tanks.obj
 0001:00000f70       sf_c3_hw8_two_tanks_get_check_sum 0000000180001f70 f   c3_hw8_two_tanks.obj
 0001:00001040       c3_hw8_two_tanks_method_dispatcher 0000000180002040 f   c3_hw8_two_tanks.obj
 0001:000204b0       sf_c3_hw8_two_tanks_get_autoinheritance_info 00000001800214b0 f   c3_hw8_two_tanks.obj
 0001:000213a0       sf_c3_hw8_two_tanks_third_party_uses_info 00000001800223a0 f   c3_hw8_two_tanks.obj
 0001:000213d0       sf_c3_hw8_two_tanks_updateBuildInfo_args_info 00000001800223d0 f   c3_hw8_two_tanks.obj
 0001:00025450       sf_internal_get_sim_state_c3_hw8_two_tanks 0000000180026450 f   c3_hw8_two_tanks.obj
 0001:000255b0       sf_internal_set_sim_state_c3_hw8_two_tanks 00000001800265b0 f   c3_hw8_two_tanks.obj
 0001:00026100       mexFunction                0000000180027100 f   hw8_two_tanks_sfun_registry.obj
 0001:000272a0       _ssSetInputPortDirectFeedThroughFcn 00000001800282a0 f   hw8_two_tanks_sfun_registry.obj
 0001:00027400       _ssGetInputPortSignalPtrsFcn 0000000180028400 f   hw8_two_tanks_sfun_registry.obj
 0001:00027620       _ssGetInputPortSignalFcn   0000000180028620 f   hw8_two_tanks_sfun_registry.obj
 0001:00027840       _ssSetInputPortReusableFcn 0000000180028840 f   hw8_two_tanks_sfun_registry.obj
 0001:00027920       _ssSetOutputPortReusableFcn 0000000180028920 f   hw8_two_tanks_sfun_registry.obj
 0001:00027a00       ssGetIsZeroCrossControlDisabled 0000000180028a00 f   hw8_two_tanks_sfun_registry.obj
 0001:00027a70       ssSetIsInputPortUsedForContZcSignal 0000000180028a70 f   hw8_two_tanks_sfun_registry.obj
 0001:00027ae0       ssSetZcSignalIsZcElementDisc 0000000180028ae0 f   hw8_two_tanks_sfun_registry.obj
 0001:00027b90       ssSetZcSignalName          0000000180028b90 f   hw8_two_tanks_sfun_registry.obj
 0001:00027c00       ssSetZcSignalWidth         0000000180028c00 f   hw8_two_tanks_sfun_registry.obj
 0001:00027c70       ssSetZcSignalZcEventType   0000000180028c70 f   hw8_two_tanks_sfun_registry.obj
 0001:00027ce0       ssSetZcSignalType          0000000180028ce0 f   hw8_two_tanks_sfun_registry.obj
 0001:00027d50       ssSetZcSignalZcTol         0000000180028d50 f   hw8_two_tanks_sfun_registry.obj
 0001:00027dc0       ssSetZcSignalNeedsEventNotification 0000000180028dc0 f   hw8_two_tanks_sfun_registry.obj
 0001:00027e30       ssCreateAndAddZcSignalInfo 0000000180028e30 f   hw8_two_tanks_sfun_registry.obj
 0001:00027ea0       ssCloneAndAddZcSignalInfo  0000000180028ea0 f   hw8_two_tanks_sfun_registry.obj
 0001:00027f10       ssGetNumZcSignals          0000000180028f10 f   hw8_two_tanks_sfun_registry.obj
 0001:00027f80       ssGetZcSignalVector        0000000180028f80 f   hw8_two_tanks_sfun_registry.obj
 0001:00027ff0       ssGetZcSignalName          0000000180028ff0 f   hw8_two_tanks_sfun_registry.obj
 0001:00028060       ssGetZcSignalWidth         0000000180029060 f   hw8_two_tanks_sfun_registry.obj
 0001:000280d0       ssGetZcSignalZcEventType   00000001800290d0 f   hw8_two_tanks_sfun_registry.obj
 0001:00028140       ssGetZcSignalZcEvents      0000000180029140 f   hw8_two_tanks_sfun_registry.obj
 0001:000281b0       ssGetZcSignalType          00000001800291b0 f   hw8_two_tanks_sfun_registry.obj
 0001:00028220       ssGetZcSignalZcTol         0000000180029220 f   hw8_two_tanks_sfun_registry.obj
 0001:000282a0       ssGetZcSignalNeedsEventNotification 00000001800292a0 f   hw8_two_tanks_sfun_registry.obj
 0001:00028310       ssGetZcSignalIsZcElementDisc 0000000180029310 f   hw8_two_tanks_sfun_registry.obj
 0001:000283b0       ssGetIsInputPortElementContinuous 00000001800293b0 f   hw8_two_tanks_sfun_registry.obj
 0001:00028450       ssGetDTypeIdFromMxArray    0000000180029450 f   hw8_two_tanks_sfun_registry.obj
 0001:00028570       ssWriteRTWStr              0000000180029570 f   hw8_two_tanks_sfun_registry.obj
 0001:000285d0       ssWriteRTWNameValuePair    00000001800295d0 f   hw8_two_tanks_sfun_registry.obj
 0001:00028ad0       ssWriteRTWParamSettings    0000000180029ad0 f   hw8_two_tanks_sfun_registry.obj
 0001:000291c0       ssWriteRTWParameters       000000018002a1c0 f   hw8_two_tanks_sfun_registry.obj
 0001:00029790       ssWriteRTWWorkVect         000000018002a790 f   hw8_two_tanks_sfun_registry.obj
 0001:00029c80       ssWriteRTWMxVectParam      000000018002ac80 f   hw8_two_tanks_sfun_registry.obj
 0001:00029d00       ssWriteRTWMx2dMatParam     000000018002ad00 f   hw8_two_tanks_sfun_registry.obj
 0001:00029d90       _ssSetInputPortMatrixDimensions 000000018002ad90 f   hw8_two_tanks_sfun_registry.obj
 0001:00029e90       _ssSetOutputPortMatrixDimensions 000000018002ae90 f   hw8_two_tanks_sfun_registry.obj
 0001:00029f90       _ssSetInputPortVectorDimension 000000018002af90 f   hw8_two_tanks_sfun_registry.obj
 0001:0002a040       _ssSetOutputPortVectorDimension 000000018002b040 f   hw8_two_tanks_sfun_registry.obj
 0001:0002a0f0       ssIsRunTimeParamTunable    000000018002b0f0 f   hw8_two_tanks_sfun_registry.obj
 0001:0002a160       ssGetSFuncBlockHandle      000000018002b160 f   hw8_two_tanks_sfun_registry.obj
 0001:0002a1d0       _ssGetCurrentInputPortWidth 000000018002b1d0 f   hw8_two_tanks_sfun_registry.obj
 0001:0002a2f0       _ssGetCurrentOutputPortWidth 000000018002b2f0 f   hw8_two_tanks_sfun_registry.obj
 0001:0002a410       _ssGetCallSystemNumFcnCallDestinations 000000018002b410 f   hw8_two_tanks_sfun_registry.obj
 0001:0002a480       ssWarning                  000000018002b480 f   hw8_two_tanks_sfun_registry.obj
 0001:0002a570       _ssGetAbsTol               000000018002b570 f   hw8_two_tanks_sfun_registry.obj
 0001:0002a5e0       _ssSetStateAbsTol          000000018002b5e0 f   hw8_two_tanks_sfun_registry.obj
 0001:0002a6c0       sf_process_check_sum_call  000000018002b6c0 f   hw8_two_tanks_sfun_registry.obj
 0001:0002a710       sf_process_autoinheritance_call 000000018002b710 f   hw8_two_tanks_sfun_registry.obj
 0001:0002a940       sf_process_get_third_party_uses_info_call 000000018002b940 f   hw8_two_tanks_sfun_registry.obj
 0001:0002ab70       sf_process_get_updateBuildInfo_args_info_call 000000018002bb70 f   hw8_two_tanks_sfun_registry.obj
 0001:0002ada0       sf_process_get_eml_resolved_functions_info_call 000000018002bda0 f   hw8_two_tanks_sfun_registry.obj
 0001:0002afa0       sf_mex_unlock_call         000000018002bfa0 f   hw8_two_tanks_sfun_registry.obj
 0001:0002b210       sf_machine_global_initializer_called 000000018002c210 f   hw8_two_tanks_sfun_registry.obj
 0001:0002b240       sf_machine_global_method_dispatcher 000000018002c240 f   hw8_two_tanks_sfun_registry.obj
 0001:0002b2a0       sf_machine_global_terminator 000000018002c2a0 f   hw8_two_tanks_sfun_registry.obj
 0001:0002b2f0       sf_register_machine_exported_symbols 000000018002c2f0 f   hw8_two_tanks_sfun_registry.obj
 0001:0002b310       callCustomFcn              000000018002c310 f   hw8_two_tanks_sfun_registry.obj
 0001:0002b320       sf_machine_global_initializer 000000018002c320 f   hw8_two_tanks_sfun_registry.obj
 0001:0002b3e0       mdlGetSimState             000000018002c3e0 f   hw8_two_tanks_sfun_registry.obj
 0001:0002b420       mdlSetSimState             000000018002c420 f   hw8_two_tanks_sfun_registry.obj
 0001:0002bbc0       ProcessMexSfunctionEveryCall 000000018002cbc0 f   hw8_two_tanks_sfun_registry.obj
 0001:0002c834       sf_load_rtw_optimization_info 000000018002d834 f   sf_runtime:sf_runtime.dll
 0001:0002c83a       sf_debug_initialize_machine 000000018002d83a f   sf_runtime:sf_runtime.dll
 0001:0002c840       sf_debug_set_machine_event_thresholds 000000018002d840 f   sf_runtime:sf_runtime.dll
 0001:0002c846       sf_debug_set_machine_data_thresholds 000000018002d846 f   sf_runtime:sf_runtime.dll
 0001:0002c84c       sf_rtw_info_uint_prop      000000018002d84c f   sf_runtime:sf_runtime.dll
 0001:0002c852       sf_update_buildInfo        000000018002d852 f   sf_runtime:sf_runtime.dll
 0001:0002c858       sf_is_chart_inlinable      000000018002d858 f   sf_runtime:sf_runtime.dll
 0001:0002c85e       sf_mark_chart_reusable_outputs 000000018002d85e f   sf_runtime:sf_runtime.dll
 0001:0002c864       sf_mark_chart_expressionable_inputs 000000018002d864 f   sf_runtime:sf_runtime.dll
 0001:0002c86a       sim_mode_is_rtw_gen        000000018002d86a f   sf_runtime:sf_runtime.dll
 0001:0002c870       sim_mode_is_external       000000018002d870 f   sf_runtime:sf_runtime.dll
 0001:0002c876       sf_clear_rtw_identifier    000000018002d876 f   sf_runtime:sf_runtime.dll
 0001:0002c87c       sf_set_rtw_dwork_info      000000018002d87c f   sf_runtime:sf_runtime.dll
 0001:0002c882       sf_get_time                000000018002d882 f   sf_runtime:sf_runtime.dll
 0001:0002c888       sf_mex_printf              000000018002d888 f   sf_runtime:sf_runtime.dll
 0001:0002c88e       sf_mex_call_matlab         000000018002d88e f   sf_runtime:sf_runtime.dll
 0001:0002c894       sf_mex_call_debug          000000018002d894 f   sf_runtime:sf_runtime.dll
 0001:0002c89a       sf_mex_error_message       000000018002d89a f   sf_runtime:sf_runtime.dll
 0001:0002c8a0       sf_mex_addfield            000000018002d8a0 f   sf_runtime:sf_runtime.dll
 0001:0002c8a6       sf_mex_createstruct        000000018002d8a6 f   sf_runtime:sf_runtime.dll
 0001:0002c8ac       sf_mex_create              000000018002d8ac f   sf_runtime:sf_runtime.dll
 0001:0002c8b2       sf_mex_createcellmatrix    000000018002d8b2 f   sf_runtime:sf_runtime.dll
 0001:0002c8b8       sf_mex_setcell             000000018002d8b8 f   sf_runtime:sf_runtime.dll
 0001:0002c8be       sf_mex_getcell             000000018002d8be f   sf_runtime:sf_runtime.dll
 0001:0002c8c4       sf_mex_assign              000000018002d8c4 f   sf_runtime:sf_runtime.dll
 0001:0002c8ca       sf_mex_dup                 000000018002d8ca f   sf_runtime:sf_runtime.dll
 0001:0002c8d0       sf_mex_destroy             000000018002d8d0 f   sf_runtime:sf_runtime.dll
 0001:0002c8d6       sf_mex_import              000000018002d8d6 f   sf_runtime:sf_runtime.dll
 0001:0002c8dc       sf_mex_decode_encoded_mx_struct_array 000000018002d8dc f   sf_runtime:sf_runtime.dll
 0001:0002c8e2       sf_mex_duplicatearraysafe  000000018002d8e2 f   sf_runtime:sf_runtime.dll
 0001:0002c8e8       sf_mex_emlrtNameCapturePostProcessR2012a 000000018002d8e8 f   sf_runtime:sf_runtime.dll
 0001:0002c8ee       sf_debug_initialize_chart  000000018002d8ee f   sf_runtime:sf_runtime.dll
 0001:0002c8f4       sf_debug_call              000000018002d8f4 f   sf_runtime:sf_runtime.dll
 0001:0002c8fa       eml_debug_line_call        000000018002d8fa f   sf_runtime:sf_runtime.dll
 0001:0002c900       cv_eval_point              000000018002d900 f   sf_runtime:sf_runtime.dll
 0001:0002c906       cv_eml_eval                000000018002d906 f   sf_runtime:sf_runtime.dll
 0001:0002c90c       cv_eml_init_script         000000018002d90c f   sf_runtime:sf_runtime.dll
 0001:0002c912       cv_eml_init_fcn            000000018002d912 f   sf_runtime:sf_runtime.dll
 0001:0002c918       cv_eml_init_if             000000018002d918 f   sf_runtime:sf_runtime.dll
 0001:0002c91e       cv_eml_init_mcdc           000000018002d91e f   sf_runtime:sf_runtime.dll
 0001:0002c924       sf_debug_reset_current_state_configuration 000000018002d924 f   sf_runtime:sf_runtime.dll
 0001:0002c92a       sf_debug_check_for_state_inconsistency 000000018002d92a f   sf_runtime:sf_runtime.dll
 0001:0002c930       sf_debug_set_honor_breakpoints 000000018002d930 f   sf_runtime:sf_runtime.dll
 0001:0002c936       sf_debug_get_animation     000000018002d936 f   sf_runtime:sf_runtime.dll
 0001:0002c93c       sf_debug_set_animation     000000018002d93c f   sf_runtime:sf_runtime.dll
 0001:0002c942       sf_debug_animate           000000018002d942 f   sf_runtime:sf_runtime.dll
 0001:0002c948       sf_debug_set_chart_data_props 000000018002d948 f   sf_runtime:sf_runtime.dll
 0001:0002c94e       sf_debug_set_chart_data_compiled_props 000000018002d94e f   sf_runtime:sf_runtime.dll
 0001:0002c954       sf_debug_symbol_scope_push 000000018002d954 f   sf_runtime:sf_runtime.dll
 0001:0002c95a       sf_debug_symbol_scope_push_eml 000000018002d95a f   sf_runtime:sf_runtime.dll
 0001:0002c960       sf_debug_symbol_scope_pop  000000018002d960 f   sf_runtime:sf_runtime.dll
 0001:0002c966       sf_debug_symbol_scope_add_eml_importable 000000018002d966 f   sf_runtime:sf_runtime.dll
 0001:0002c96c       sf_debug_set_instance_data_value_ptr 000000018002d96c f   sf_runtime:sf_runtime.dll
 0001:0002c972       sf_debug_set_chart_disable_implicit_casting 000000018002d972 f   sf_runtime:sf_runtime.dll
 0001:0002c978       sf_debug_set_chart_event_thresholds 000000018002d978 f   sf_runtime:sf_runtime.dll
 0001:0002c97e       sf_debug_set_chart_state_info 000000018002d97e f   sf_runtime:sf_runtime.dll
 0001:0002c984       sf_debug_set_chart_decomposition 000000018002d984 f   sf_runtime:sf_runtime.dll
 0001:0002c98a       sf_debug_set_chart_substate_count 000000018002d98a f   sf_runtime:sf_runtime.dll
 0001:0002c990       sf_debug_set_chart_substate_index 000000018002d990 f   sf_runtime:sf_runtime.dll
 0001:0002c996       sf_debug_set_chart_state_substate_count 000000018002d996 f   sf_runtime:sf_runtime.dll
 0001:0002c99c       sf_debug_read_before_write_check 000000018002d99c f   sf_runtime:sf_runtime.dll
 0001:0002c9a2       sf_debug_eml_data_array_bounds_error_check 000000018002d9a2 f   sf_runtime:sf_runtime.dll
 0001:0002c9a8       sf_debug_data_range_wrapper 000000018002d9a8 f   sf_runtime:sf_runtime.dll
 0001:0002c9ae       sf_debug_cv_init_trans     000000018002d9ae f   sf_runtime:sf_runtime.dll
 0001:0002c9b4       sf_debug_cv_init_chart     000000018002d9b4 f   sf_runtime:sf_runtime.dll
 0001:0002c9ba       sf_debug_cv_init_state     000000018002d9ba f   sf_runtime:sf_runtime.dll
 0001:0002c9c0       callMdlMethodAndReportError 000000018002d9c0 f   sf_runtime:sf_runtime.dll
 0001:0002c9c6       call_sf_machine_global_method_dispatcher 000000018002d9c6 f   sf_runtime:sf_runtime.dll
 0001:0002c9cc       sf_mex_error_direct_call   000000018002d9cc f   sf_runtime:sf_runtime.dll
 0001:0002c9d2       sf_clear_error_manager_info 000000018002d9d2 f   sf_runtime:sf_runtime.dll
 0001:0002c9d8       sf_debug_create_debug_instance_struct 000000018002d9d8 f   sf_runtime:sf_runtime.dll
 0001:0002c9de       sf_debug_terminate         000000018002d9de f   sf_runtime:sf_runtime.dll
 0001:0002c9e4       sf_debug_api               000000018002d9e4 f   sf_runtime:sf_runtime.dll
 0001:0002c9ea       mxIsChar                   000000018002d9ea f   libmx:libmx.dll
 0001:0002c9f0       mxGetPr                    000000018002d9f0 f   libmx:libmx.dll
 0001:0002c9f6       mxGetScalar                000000018002d9f6 f   libmx:libmx.dll
 0001:0002c9fc       mxDestroyArray             000000018002d9fc f   libmx:libmx.dll
 0001:0002ca02       mxCreateDoubleMatrix_730   000000018002da02 f   libmx:libmx.dll
 0001:0002ca08       mxGetString_730            000000018002da08 f   libmx:libmx.dll
 0001:0002ca0e       mxDuplicateArray           000000018002da0e f   libmx:libmx.dll
 0001:0002ca14       mxSetField_730             000000018002da14 f   libmx:libmx.dll
 0001:0002ca1a       mxCreateDoubleScalar       000000018002da1a f   libmx:libmx.dll
 0001:0002ca20       mxCreateString             000000018002da20 f   libmx:libmx.dll
 0001:0002ca26       mxCreateCellMatrix_730     000000018002da26 f   libmx:libmx.dll
 0001:0002ca2c       mxCreateStructMatrix_730   000000018002da2c f   libmx:libmx.dll
 0001:0002ca32       mxCalloc                   000000018002da32 f   libmx:libmx.dll
 0001:0002ca38       mxGetM                     000000018002da38 f   libmx:libmx.dll
 0001:0002ca3e       mxGetClassID               000000018002da3e f   libmx:libmx.dll
 0001:0002ca44       mxIsNumeric                000000018002da44 f   libmx:libmx.dll
 0001:0002ca4a       mxIsComplex                000000018002da4a f   libmx:libmx.dll
 0001:0002ca50       mxGetN                     000000018002da50 f   libmx:libmx.dll
 0001:0002ca56       mexMakeArrayPersistent     000000018002da56 f   libmex:libmex.dll
 0001:0002ca5c       mexErrMsgTxt               000000018002da5c f   libmex:libmex.dll
 0001:0002ca62       mexWarnMsgTxt              000000018002da62 f   libmex:libmex.dll
 0001:0002ca68       mexCallMATLAB              000000018002da68 f   libmex:libmex.dll
 0001:0002ca6e       mexLock                    000000018002da6e f   libmex:libmex.dll
 0001:0002ca74       mexUnlock                  000000018002da74 f   libmex:libmex.dll
 0001:0002ca7a       mexIsLocked                000000018002da7a f   libmex:libmex.dll
 0001:0002ca80       utMalloc                   000000018002da80 f   libut:libut.dll
 0001:0002ca86       utFree                     000000018002da86 f   libut:libut.dll
 0001:0002ca8c       muDoubleScalarAbs          000000018002da8c f   libmwmathutil:libmwmathutil.dll
 0001:0002ca92       muDoubleScalarSign         000000018002da92 f   libmwmathutil:libmwmathutil.dll
 0001:0002ca98       muDoubleScalarSqrt         000000018002da98 f   libmwmathutil:libmwmathutil.dll
 0001:0002caa0       __raise_securityfailure    000000018002daa0 f   MSVCRT:gs_report.obj
 0001:0002caec       __report_gsfailure         000000018002daec f   MSVCRT:gs_report.obj
 0001:0002cbc0       __report_rangecheckfailure 000000018002dbc0 f   MSVCRT:gs_report.obj
 0001:0002cbd4       __report_securityfailure   000000018002dbd4 f   MSVCRT:gs_report.obj
 0001:0002cc70       __report_securityfailureEx 000000018002dc70 f   MSVCRT:gs_report.obj
 0001:0002cd7e       strcmp                     000000018002dd7e f   MSVCRT:MSVCR110.dll
 0001:0002cd84       __GSHandlerCheck           000000018002dd84 f   MSVCRT:gshandler.obj
 0001:0002cda4       __GSHandlerCheckCommon     000000018002dda4 f   MSVCRT:gshandler.obj
 0001:0002ce20       __security_check_cookie    000000018002de20 f   MSVCRT:amdsecgs.obj
 0001:0002ce40       memset                     000000018002de40 f   MSVCRT:MSVCR110.dll
 0001:0002ce46       strlen                     000000018002de46 f   MSVCRT:MSVCR110.dll
 0001:0002ce4c       memcpy                     000000018002de4c f   MSVCRT:MSVCR110.dll
 0001:0002ce52       strcat                     000000018002de52 f   MSVCRT:MSVCR110.dll
 0001:0002ce58       sprintf                    000000018002de58 f   MSVCRT:MSVCR110.dll
 0001:0002ce5e       free                       000000018002de5e f   MSVCRT:MSVCR110.dll
 0001:0002ce64       malloc                     000000018002de64 f   MSVCRT:MSVCR110.dll
 0001:0002cecc       NtCurrentTeb               000000018002decc f i MSVCRT:crtdll.obj
 0001:0002ced8       _CRT_INIT                  000000018002ded8 f   MSVCRT:crtdll.obj
 0001:0002d124       _DllMainCRTStartup         000000018002e124 f   MSVCRT:crtdll.obj
 0001:0002d29a       __crt_debugger_hook        000000018002e29a f   MSVCRT:MSVCR110.dll
 0001:0002d2a0       __crtUnhandledException    000000018002e2a0 f   MSVCRT:MSVCR110.dll
 0001:0002d2a6       __crtTerminateProcess      000000018002e2a6 f   MSVCRT:MSVCR110.dll
 0001:0002d2ac       __crtCaptureCurrentContext 000000018002e2ac f   MSVCRT:MSVCR110.dll
 0001:0002d2b2       __crtCapturePreviousContext 000000018002e2b2 f   MSVCRT:MSVCR110.dll
 0001:0002d2b8       __CppXcptFilter            000000018002e2b8 f   MSVCRT:MSVCR110.dll
 0001:0002d2be       _amsg_exit                 000000018002e2be f   MSVCRT:MSVCR110.dll
 0001:0002d2d0       _FindPESection             000000018002e2d0 f   MSVCRT:pesect.obj
 0001:0002d320       _IsNonwritableInCurrentImage 000000018002e320 f   MSVCRT:pesect.obj
 0001:0002d370       _ValidateImageBase         000000018002e370 f   MSVCRT:pesect.obj
 0001:0002d3a0       __atonexitinit             000000018002e3a0 f   MSVCRT:atonexit.obj
 0001:0002d3f0       _onexit                    000000018002e3f0 f   MSVCRT:atonexit.obj
 0001:0002d4a0       atexit                     000000018002e4a0 f   MSVCRT:atonexit.obj
 0001:0002d4b8       __security_init_cookie     000000018002e4b8 f   MSVCRT:gs_support.obj
 0001:0002d570       DllMain                    000000018002e570 f   MSVCRT:dllmain.obj
 0001:0002d594       _malloc_crt                000000018002e594 f   MSVCRT:MSVCR110.dll
 0001:0002d59c       _RTC_Initialize            000000018002e59c f   MSVCRT:initsect.obj
 0001:0002d5d4       _RTC_Terminate             000000018002e5d4 f   MSVCRT:initsect.obj
 0001:0002d60c       _initterm                  000000018002e60c f   MSVCRT:MSVCR110.dll
 0001:0002d612       _initterm_e                000000018002e612 f   MSVCRT:MSVCR110.dll
 0001:0002d618       __clean_type_info_names    000000018002e618 f   MSVCRT:tncleanup.obj
 0001:0002d624       __C_specific_handler       000000018002e624 f   MSVCRT:MSVCR110.dll
 0001:0002d62a       _lock                      000000018002e62a f   MSVCRT:MSVCR110.dll
 0001:0002d630       _unlock                    000000018002e630 f   MSVCRT:MSVCR110.dll
 0001:0002d636       _calloc_crt                000000018002e636 f   MSVCRT:MSVCR110.dll
 0001:0002d63c       __dllonexit                000000018002e63c f   MSVCRT:MSVCR110.dll
 0001:0002d642       __clean_type_info_names_internal 000000018002e642 f   MSVCRT:MSVCR110.dll
 0001:0002d648       IsDebuggerPresent          000000018002e648 f   kernel32:KERNEL32.dll
 0001:0002d64e       IsProcessorFeaturePresent  000000018002e64e f   kernel32:KERNEL32.dll
 0001:0002d654       EncodePointer              000000018002e654 f   kernel32:KERNEL32.dll
 0001:0002d65a       DecodePointer              000000018002e65a f   kernel32:KERNEL32.dll
 0001:0002d660       QueryPerformanceCounter    000000018002e660 f   kernel32:KERNEL32.dll
 0001:0002d666       GetCurrentThreadId         000000018002e666 f   kernel32:KERNEL32.dll
 0001:0002d66c       GetSystemTimeAsFileTime    000000018002e66c f   kernel32:KERNEL32.dll
 0001:0002d672       GetTickCount64             000000018002e672 f   kernel32:KERNEL32.dll
 0001:0002d678       DisableThreadLibraryCalls  000000018002e678 f   kernel32:KERNEL32.dll
 0002:00000000       __imp_GetTickCount64       000000018002f000     kernel32:KERNEL32.dll
 0002:00000008       __imp_GetSystemTimeAsFileTime 000000018002f008     kernel32:KERNEL32.dll
 0002:00000010       __imp_GetCurrentThreadId   000000018002f010     kernel32:KERNEL32.dll
 0002:00000018       __imp_QueryPerformanceCounter 000000018002f018     kernel32:KERNEL32.dll
 0002:00000020       __imp_DecodePointer        000000018002f020     kernel32:KERNEL32.dll
 0002:00000028       __imp_EncodePointer        000000018002f028     kernel32:KERNEL32.dll
 0002:00000030       __imp_IsProcessorFeaturePresent 000000018002f030     kernel32:KERNEL32.dll
 0002:00000038       __imp_IsDebuggerPresent    000000018002f038     kernel32:KERNEL32.dll
 0002:00000040       __imp_DisableThreadLibraryCalls 000000018002f040     kernel32:KERNEL32.dll
 0002:00000048       \177KERNEL32_NULL_THUNK_DATA 000000018002f048     kernel32:KERNEL32.dll
 0002:00000050       __imp___clean_type_info_names_internal 000000018002f050     MSVCRT:MSVCR110.dll
 0002:00000058       __imp__onexit              000000018002f058     MSVCRT:MSVCR110.dll
 0002:00000060       __imp___dllonexit          000000018002f060     MSVCRT:MSVCR110.dll
 0002:00000068       __imp__calloc_crt          000000018002f068     MSVCRT:MSVCR110.dll
 0002:00000070       __imp__unlock              000000018002f070     MSVCRT:MSVCR110.dll
 0002:00000078       __imp__lock                000000018002f078     MSVCRT:MSVCR110.dll
 0002:00000080       __imp___C_specific_handler 000000018002f080     MSVCRT:MSVCR110.dll
 0002:00000088       __imp__initterm_e          000000018002f088     MSVCRT:MSVCR110.dll
 0002:00000090       __imp__initterm            000000018002f090     MSVCRT:MSVCR110.dll
 0002:00000098       __imp__malloc_crt          000000018002f098     MSVCRT:MSVCR110.dll
 0002:000000a0       __imp__amsg_exit           000000018002f0a0     MSVCRT:MSVCR110.dll
 0002:000000a8       __imp___CppXcptFilter      000000018002f0a8     MSVCRT:MSVCR110.dll
 0002:000000b0       __imp___crtCapturePreviousContext 000000018002f0b0     MSVCRT:MSVCR110.dll
 0002:000000b8       __imp___crtCaptureCurrentContext 000000018002f0b8     MSVCRT:MSVCR110.dll
 0002:000000c0       __imp___crtTerminateProcess 000000018002f0c0     MSVCRT:MSVCR110.dll
 0002:000000c8       __imp___crtUnhandledException 000000018002f0c8     MSVCRT:MSVCR110.dll
 0002:000000d0       __imp___crt_debugger_hook  000000018002f0d0     MSVCRT:MSVCR110.dll
 0002:000000d8       __imp_malloc               000000018002f0d8     MSVCRT:MSVCR110.dll
 0002:000000e0       __imp_free                 000000018002f0e0     MSVCRT:MSVCR110.dll
 0002:000000e8       __imp_sprintf              000000018002f0e8     MSVCRT:MSVCR110.dll
 0002:000000f0       __imp_strcat               000000018002f0f0     MSVCRT:MSVCR110.dll
 0002:000000f8       __imp_memcpy               000000018002f0f8     MSVCRT:MSVCR110.dll
 0002:00000100       __imp_strlen               000000018002f100     MSVCRT:MSVCR110.dll
 0002:00000108       __imp_memset               000000018002f108     MSVCRT:MSVCR110.dll
 0002:00000110       __imp_strcmp               000000018002f110     MSVCRT:MSVCR110.dll
 0002:00000118       \177MSVCR110_NULL_THUNK_DATA 000000018002f118     MSVCRT:MSVCR110.dll
 0002:00000120       __imp_mexUnlock            000000018002f120     libmex:libmex.dll
 0002:00000128       __imp_mexErrMsgTxt         000000018002f128     libmex:libmex.dll
 0002:00000130       __imp_mexWarnMsgTxt        000000018002f130     libmex:libmex.dll
 0002:00000138       __imp_mexCallMATLAB        000000018002f138     libmex:libmex.dll
 0002:00000140       __imp_mexIsLocked          000000018002f140     libmex:libmex.dll
 0002:00000148       __imp_mexMakeArrayPersistent 000000018002f148     libmex:libmex.dll
 0002:00000150       __imp_mexLock              000000018002f150     libmex:libmex.dll
 0002:00000158       \177libmex_NULL_THUNK_DATA 000000018002f158     libmex:libmex.dll
 0002:00000160       __imp_muDoubleScalarSign   000000018002f160     libmwmathutil:libmwmathutil.dll
 0002:00000168       __imp_muDoubleScalarSqrt   000000018002f168     libmwmathutil:libmwmathutil.dll
 0002:00000170       __imp_muDoubleScalarAbs    000000018002f170     libmwmathutil:libmwmathutil.dll
 0002:00000178       \177libmwmathutil_NULL_THUNK_DATA 000000018002f178     libmwmathutil:libmwmathutil.dll
 0002:00000180       __imp_mxGetN               000000018002f180     libmx:libmx.dll
 0002:00000188       __imp_mxIsComplex          000000018002f188     libmx:libmx.dll
 0002:00000190       __imp_mxIsNumeric          000000018002f190     libmx:libmx.dll
 0002:00000198       __imp_mxGetClassID         000000018002f198     libmx:libmx.dll
 0002:000001a0       __imp_mxGetM               000000018002f1a0     libmx:libmx.dll
 0002:000001a8       __imp_mxCalloc             000000018002f1a8     libmx:libmx.dll
 0002:000001b0       __imp_mxCreateStructMatrix_730 000000018002f1b0     libmx:libmx.dll
 0002:000001b8       __imp_mxCreateCellMatrix_730 000000018002f1b8     libmx:libmx.dll
 0002:000001c0       __imp_mxCreateString       000000018002f1c0     libmx:libmx.dll
 0002:000001c8       __imp_mxCreateDoubleScalar 000000018002f1c8     libmx:libmx.dll
 0002:000001d0       __imp_mxSetField_730       000000018002f1d0     libmx:libmx.dll
 0002:000001d8       __imp_mxDuplicateArray     000000018002f1d8     libmx:libmx.dll
 0002:000001e0       __imp_mxGetString_730      000000018002f1e0     libmx:libmx.dll
 0002:000001e8       __imp_mxCreateDoubleMatrix_730 000000018002f1e8     libmx:libmx.dll
 0002:000001f0       __imp_mxDestroyArray       000000018002f1f0     libmx:libmx.dll
 0002:000001f8       __imp_mxGetPr              000000018002f1f8     libmx:libmx.dll
 0002:00000200       __imp_mxIsChar             000000018002f200     libmx:libmx.dll
 0002:00000208       __imp_mxGetScalar          000000018002f208     libmx:libmx.dll
 0002:00000210       \177libmx_NULL_THUNK_DATA  000000018002f210     libmx:libmx.dll
 0002:00000218       __imp_utMalloc             000000018002f218     libut:libut.dll
 0002:00000220       __imp_utFree               000000018002f220     libut:libut.dll
 0002:00000228       \177libut_NULL_THUNK_DATA  000000018002f228     libut:libut.dll
 0002:00000230       __imp_sf_debug_create_debug_instance_struct 000000018002f230     sf_runtime:sf_runtime.dll
 0002:00000238       __imp_sim_mode_is_rtw_gen  000000018002f238     sf_runtime:sf_runtime.dll
 0002:00000240       __imp_callMdlMethodAndReportError 000000018002f240     sf_runtime:sf_runtime.dll
 0002:00000248       __imp_sf_debug_cv_init_state 000000018002f248     sf_runtime:sf_runtime.dll
 0002:00000250       __imp_sf_debug_cv_init_chart 000000018002f250     sf_runtime:sf_runtime.dll
 0002:00000258       __imp_sim_mode_is_external 000000018002f258     sf_runtime:sf_runtime.dll
 0002:00000260       __imp_sf_debug_cv_init_trans 000000018002f260     sf_runtime:sf_runtime.dll
 0002:00000268       __imp_sf_debug_data_range_wrapper 000000018002f268     sf_runtime:sf_runtime.dll
 0002:00000270       __imp_sf_debug_eml_data_array_bounds_error_check 000000018002f270     sf_runtime:sf_runtime.dll
 0002:00000278       __imp_sf_debug_read_before_write_check 000000018002f278     sf_runtime:sf_runtime.dll
 0002:00000280       __imp_sf_debug_set_chart_state_substate_count 000000018002f280     sf_runtime:sf_runtime.dll
 0002:00000288       __imp_sf_debug_set_chart_substate_index 000000018002f288     sf_runtime:sf_runtime.dll
 0002:00000290       __imp_sf_debug_set_chart_substate_count 000000018002f290     sf_runtime:sf_runtime.dll
 0002:00000298       __imp_sf_debug_set_chart_decomposition 000000018002f298     sf_runtime:sf_runtime.dll
 0002:000002a0       __imp_sf_clear_error_manager_info 000000018002f2a0     sf_runtime:sf_runtime.dll
 0002:000002a8       __imp_sf_debug_set_chart_event_thresholds 000000018002f2a8     sf_runtime:sf_runtime.dll
 0002:000002b0       __imp_sf_debug_set_chart_disable_implicit_casting 000000018002f2b0     sf_runtime:sf_runtime.dll
 0002:000002b8       __imp_sf_debug_set_instance_data_value_ptr 000000018002f2b8     sf_runtime:sf_runtime.dll
 0002:000002c0       __imp_sf_debug_symbol_scope_add_eml_importable 000000018002f2c0     sf_runtime:sf_runtime.dll
 0002:000002c8       __imp_sf_debug_symbol_scope_pop 000000018002f2c8     sf_runtime:sf_runtime.dll
 0002:000002d0       __imp_sf_debug_symbol_scope_push_eml 000000018002f2d0     sf_runtime:sf_runtime.dll
 0002:000002d8       __imp_sf_debug_symbol_scope_push 000000018002f2d8     sf_runtime:sf_runtime.dll
 0002:000002e0       __imp_sf_debug_set_chart_data_compiled_props 000000018002f2e0     sf_runtime:sf_runtime.dll
 0002:000002e8       __imp_sf_debug_set_chart_data_props 000000018002f2e8     sf_runtime:sf_runtime.dll
 0002:000002f0       __imp_sf_debug_animate     000000018002f2f0     sf_runtime:sf_runtime.dll
 0002:000002f8       __imp_sf_debug_set_animation 000000018002f2f8     sf_runtime:sf_runtime.dll
 0002:00000300       __imp_sf_debug_get_animation 000000018002f300     sf_runtime:sf_runtime.dll
 0002:00000308       __imp_sf_debug_set_honor_breakpoints 000000018002f308     sf_runtime:sf_runtime.dll
 0002:00000310       __imp_sf_debug_check_for_state_inconsistency 000000018002f310     sf_runtime:sf_runtime.dll
 0002:00000318       __imp_sf_debug_reset_current_state_configuration 000000018002f318     sf_runtime:sf_runtime.dll
 0002:00000320       __imp_sf_mex_error_direct_call 000000018002f320     sf_runtime:sf_runtime.dll
 0002:00000328       __imp_sf_debug_set_chart_state_info 000000018002f328     sf_runtime:sf_runtime.dll
 0002:00000330       __imp_call_sf_machine_global_method_dispatcher 000000018002f330     sf_runtime:sf_runtime.dll
 0002:00000338       __imp_cv_eml_init_mcdc     000000018002f338     sf_runtime:sf_runtime.dll
 0002:00000340       __imp_cv_eml_init_if       000000018002f340     sf_runtime:sf_runtime.dll
 0002:00000348       __imp_cv_eml_init_fcn      000000018002f348     sf_runtime:sf_runtime.dll
 0002:00000350       __imp_cv_eml_init_script   000000018002f350     sf_runtime:sf_runtime.dll
 0002:00000358       __imp_cv_eml_eval          000000018002f358     sf_runtime:sf_runtime.dll
 0002:00000360       __imp_cv_eval_point        000000018002f360     sf_runtime:sf_runtime.dll
 0002:00000368       __imp_eml_debug_line_call  000000018002f368     sf_runtime:sf_runtime.dll
 0002:00000370       __imp_sf_debug_call        000000018002f370     sf_runtime:sf_runtime.dll
 0002:00000378       __imp_sf_debug_initialize_chart 000000018002f378     sf_runtime:sf_runtime.dll
 0002:00000380       __imp_sf_mex_emlrtNameCapturePostProcessR2012a 000000018002f380     sf_runtime:sf_runtime.dll
 0002:00000388       __imp_sf_mex_duplicatearraysafe 000000018002f388     sf_runtime:sf_runtime.dll
 0002:00000390       __imp_sf_mex_decode_encoded_mx_struct_array 000000018002f390     sf_runtime:sf_runtime.dll
 0002:00000398       __imp_sf_mex_import        000000018002f398     sf_runtime:sf_runtime.dll
 0002:000003a0       __imp_sf_mex_destroy       000000018002f3a0     sf_runtime:sf_runtime.dll
 0002:000003a8       __imp_sf_mex_dup           000000018002f3a8     sf_runtime:sf_runtime.dll
 0002:000003b0       __imp_sf_mex_assign        000000018002f3b0     sf_runtime:sf_runtime.dll
 0002:000003b8       __imp_sf_mex_getcell       000000018002f3b8     sf_runtime:sf_runtime.dll
 0002:000003c0       __imp_sf_mex_setcell       000000018002f3c0     sf_runtime:sf_runtime.dll
 0002:000003c8       __imp_sf_mex_createcellmatrix 000000018002f3c8     sf_runtime:sf_runtime.dll
 0002:000003d0       __imp_sf_mex_create        000000018002f3d0     sf_runtime:sf_runtime.dll
 0002:000003d8       __imp_sf_mex_createstruct  000000018002f3d8     sf_runtime:sf_runtime.dll
 0002:000003e0       __imp_sf_mex_addfield      000000018002f3e0     sf_runtime:sf_runtime.dll
 0002:000003e8       __imp_sf_mex_error_message 000000018002f3e8     sf_runtime:sf_runtime.dll
 0002:000003f0       __imp_sf_mex_call_debug    000000018002f3f0     sf_runtime:sf_runtime.dll
 0002:000003f8       __imp_sf_mex_call_matlab   000000018002f3f8     sf_runtime:sf_runtime.dll
 0002:00000400       __imp_sf_mex_printf        000000018002f400     sf_runtime:sf_runtime.dll
 0002:00000408       __imp_sf_get_time          000000018002f408     sf_runtime:sf_runtime.dll
 0002:00000410       __imp_sf_set_rtw_dwork_info 000000018002f410     sf_runtime:sf_runtime.dll
 0002:00000418       __imp_sf_clear_rtw_identifier 000000018002f418     sf_runtime:sf_runtime.dll
 0002:00000420       __imp_sf_debug_api         000000018002f420     sf_runtime:sf_runtime.dll
 0002:00000428       __imp_sf_mark_chart_expressionable_inputs 000000018002f428     sf_runtime:sf_runtime.dll
 0002:00000430       __imp_sf_mark_chart_reusable_outputs 000000018002f430     sf_runtime:sf_runtime.dll
 0002:00000438       __imp_sf_is_chart_inlinable 000000018002f438     sf_runtime:sf_runtime.dll
 0002:00000440       __imp_sf_update_buildInfo  000000018002f440     sf_runtime:sf_runtime.dll
 0002:00000448       __imp_sf_rtw_info_uint_prop 000000018002f448     sf_runtime:sf_runtime.dll
 0002:00000450       __imp_sf_debug_set_machine_data_thresholds 000000018002f450     sf_runtime:sf_runtime.dll
 0002:00000458       __imp_sf_debug_set_machine_event_thresholds 000000018002f458     sf_runtime:sf_runtime.dll
 0002:00000460       __imp_sf_debug_initialize_machine 000000018002f460     sf_runtime:sf_runtime.dll
 0002:00000468       __imp_sf_debug_terminate   000000018002f468     sf_runtime:sf_runtime.dll
 0002:00000470       __imp_sf_load_rtw_optimization_info 000000018002f470     sf_runtime:sf_runtime.dll
 0002:00000478       \177sf_runtime_NULL_THUNK_DATA 000000018002f478     sf_runtime:sf_runtime.dll
 0002:00000480       __xc_a                     000000018002f480     MSVCRT:cinitexe.obj
 0002:00000488       __xc_z                     000000018002f488     MSVCRT:cinitexe.obj
 0002:00000490       __xi_a                     000000018002f490     MSVCRT:cinitexe.obj
 0002:000004a8       __xi_z                     000000018002f4a8     MSVCRT:cinitexe.obj
 0002:000004b0       __real@41a666f810000000    000000018002f4b0     hw8_two_tanks_sfun.obj
 0002:000004b8       __real@41c0752ec9000000    000000018002f4b8     hw8_two_tanks_sfun.obj
 0002:000004c0       __real@41c900e78a000000    000000018002f4c0     hw8_two_tanks_sfun.obj
 0002:000004c8       __real@41d26f3b20400000    000000018002f4c8     hw8_two_tanks_sfun.obj
 0002:000004d0       __real@41da35ef27c00000    000000018002f4d0     hw8_two_tanks_sfun.obj
 0002:000004d8       __real@41db88d17f800000    000000018002f4d8     hw8_two_tanks_sfun.obj
 0002:000004e0       __real@41e214d375200000    000000018002f4e0     hw8_two_tanks_sfun.obj
 0002:000004e8       __real@41e3fcc5d1a00000    000000018002f4e8     hw8_two_tanks_sfun.obj
 0002:000004f0       __real@41e531c5ed800000    000000018002f4f0     hw8_two_tanks_sfun.obj
 0002:000004f8       __real@41e695dff8600000    000000018002f4f8     hw8_two_tanks_sfun.obj
 0002:00000500       __real@41e8a4c4ffc00000    000000018002f500     hw8_two_tanks_sfun.obj
 0002:00000508       __real@41e97fdbc9400000    000000018002f508     hw8_two_tanks_sfun.obj
 0002:00000510       __real@41ecd964c3a00000    000000018002f510     hw8_two_tanks_sfun.obj
 0002:00000518       __real@41eda5398c800000    000000018002f518     hw8_two_tanks_sfun.obj
 0002:00000520       __real@41edcf5b43c00000    000000018002f520     hw8_two_tanks_sfun.obj
 0002:00000528       __real@41eec80950200000    000000018002f528     hw8_two_tanks_sfun.obj
 0002:00000530       __real@3f50624dd2f1a9fc    000000018002f530     c3_hw8_two_tanks.obj
 0002:00000538       __real@3f8f8a0902de00d2    000000018002f538     c3_hw8_two_tanks.obj
 0002:00000540       __real@3faeb851eb851eb8    000000018002f540     c3_hw8_two_tanks.obj
 0002:00000548       __real@3fd3333333333333    000000018002f548     c3_hw8_two_tanks.obj
 0002:00000550       __real@3ff0000000000000    000000018002f550     c3_hw8_two_tanks.obj
 0002:00000558       __real@4000000000000000    000000018002f558     c3_hw8_two_tanks.obj
 0002:00000560       __real@40239eb851eb851f    000000018002f560     c3_hw8_two_tanks.obj
 0002:00000568       __real@4024000000000000    000000018002f568     c3_hw8_two_tanks.obj
 0002:00000570       __real@408f400000000000    000000018002f570     c3_hw8_two_tanks.obj
 0002:00000578       __real@40c3290000000000    000000018002f578     c3_hw8_two_tanks.obj
 0002:00000580       __real@41d5bf7585400000    000000018002f580     c3_hw8_two_tanks.obj
 0002:00000588       __real@41e7ad0a97200000    000000018002f588     c3_hw8_two_tanks.obj
 0002:00000590       __real@41ea4de006200000    000000018002f590     c3_hw8_two_tanks.obj
 0002:00000598       __real@41eba7db2e600000    000000018002f598     c3_hw8_two_tanks.obj
 0002:000005a0       __real@bff0000000000000    000000018002f5a0     c3_hw8_two_tanks.obj
 0002:000005b0       __xmm@80000000000000008000000000000000 000000018002f5b0     c3_hw8_two_tanks.obj
 0002:000005c0       DYNAMIC_DIMENSION_DEF      000000018002f5c0     hw8_two_tanks_sfun_registry.obj
 0002:000005e0       _ssBadLevel2InputAccessMsg 000000018002f5e0     hw8_two_tanks_sfun_registry.obj
 0002:00000770       _ssBadLevel2DirectFeedMsg  000000018002f770     hw8_two_tanks_sfun_registry.obj
 0002:000008b0       _ssBadLevel2DirectFeedSolutionMsg 000000018002f8b0     hw8_two_tanks_sfun_registry.obj
 0002:00000920       _ssBadLevel2ZeroDirectFeedMsg 000000018002f920     hw8_two_tanks_sfun_registry.obj
 0002:00000a60       _ssBadLevel2ZeroDirectFeedMsg2 000000018002fa60     hw8_two_tanks_sfun_registry.obj
 0002:00000b48       __real@0000000000000000    000000018002fb48     hw8_two_tanks_sfun_registry.obj
 0002:00000b50       __real@41602cbca0000000    000000018002fb50     hw8_two_tanks_sfun_registry.obj
 0002:00000b68       _pDefaultRawDllMain        000000018002fb68     MSVCRT:crtdll.obj
 0002:00000b68       _pRawDllMain               000000018002fb68     MSVCRT:crtdll.obj
 0002:00000b70       ?ProcessDetach@NativeDll@<CrtImplementationDetails>@@0IB 000000018002fb70     MSVCRT:initsect.obj
 0002:00000b74       ?ProcessAttach@NativeDll@<CrtImplementationDetails>@@0IB 000000018002fb74     MSVCRT:initsect.obj
 0002:00000b78       ?ThreadAttach@NativeDll@<CrtImplementationDetails>@@0IB 000000018002fb78     MSVCRT:initsect.obj
 0002:00000b7c       ?ThreadDetach@NativeDll@<CrtImplementationDetails>@@0IB 000000018002fb7c     MSVCRT:initsect.obj
 0002:00000b80       ?ProcessVerifier@NativeDll@<CrtImplementationDetails>@@0IB 000000018002fb80     MSVCRT:initsect.obj
 0002:00000b84       ?value@?$integral_constant@_N$0A@@std@@2_NB 000000018002fb84     MSVCRT:tncleanup.obj
 0002:00000b85       ?value@?$integral_constant@_N$00@std@@2_NB 000000018002fb85     MSVCRT:tncleanup.obj
 0002:00000b88       ?value@?$_Sizeof@U_Nil@std@@U12@U12@U12@U12@U12@U12@U12@@std@@2_KB 000000018002fb88     MSVCRT:tncleanup.obj
 0002:00000b90       _load_config_used          000000018002fb90     MSVCRT:loadcfg.obj
 0002:00000c00       __rtc_iaa                  000000018002fc00     MSVCRT:initsect.obj
 0002:00000c08       __rtc_izz                  000000018002fc08     MSVCRT:initsect.obj
 0002:00000c10       __rtc_taa                  000000018002fc10     MSVCRT:initsect.obj
 0002:00000c18       __rtc_tzz                  000000018002fc18     MSVCRT:initsect.obj
 0002:00001394       __IMPORT_DESCRIPTOR_sf_runtime 0000000180030394     sf_runtime:sf_runtime.dll
 0002:000013a8       __IMPORT_DESCRIPTOR_libmx  00000001800303a8     libmx:libmx.dll
 0002:000013bc       __IMPORT_DESCRIPTOR_libmex 00000001800303bc     libmex:libmex.dll
 0002:000013d0       __IMPORT_DESCRIPTOR_libut  00000001800303d0     libut:libut.dll
 0002:000013e4       __IMPORT_DESCRIPTOR_libmwmathutil 00000001800303e4     libmwmathutil:libmwmathutil.dll
 0002:000013f8       __IMPORT_DESCRIPTOR_MSVCR110 00000001800303f8     MSVCRT:MSVCR110.dll
 0002:0000140c       __IMPORT_DESCRIPTOR_KERNEL32 000000018003040c     kernel32:KERNEL32.dll
 0002:00001420       __NULL_IMPORT_DESCRIPTOR   0000000180030420     sf_runtime:sf_runtime.dll
 0003:00002770       DYNAMIC_DIMENSION          0000000180034770     hw8_two_tanks_sfun_registry.obj
 0003:000033e0       __security_cookie          00000001800353e0     MSVCRT:gs_cookie.obj
 0003:000033e8       __security_cookie_complement 00000001800353e8     MSVCRT:gs_cookie.obj
 0003:000033f0       _fltused                   00000001800353f0     MSVCRT:dllsupp.obj
 0003:000033f4       __native_dllmain_reason    00000001800353f4     MSVCRT:natstart.obj
 0003:00003438       sfGlobalDebugInstanceStruct 0000000180035438     hw8_two_tanks_sfun_registry.obj
 0003:00003a88       ?__type_info_root_node@@3U__type_info_node@@A 0000000180035a88     MSVCRT:tncleanup.obj
 0003:00003a98       _hw8_two_tanksMachineNumber_ 0000000180035a98     <common>
 0003:00003aa0       __native_startup_lock      0000000180035aa0     <common>
 0003:00003aa8       __native_startup_state     0000000180035aa8     <common>
 0003:00003ab0       __onexitend                0000000180035ab0     <common>
 0003:00003ab8       __onexitbegin              0000000180035ab8     <common>
 0003:00003ac0       __dyn_tls_init_callback    0000000180035ac0     <common>

 entry point at        0001:0002d124

 Static symbols

 0000:00000000       .debug$S                   0000000180000000     kernel32:KERNEL32.dll
 0000:00000000       .debug$S                   0000000180000000     kernel32:KERNEL32.dll
 0000:00000000       .debug$S                   0000000180000000     kernel32:KERNEL32.dll
 0000:00000000       .debug$S                   0000000180000000     kernel32:KERNEL32.dll
 0000:00000000       .debug$S                   0000000180000000     kernel32:KERNEL32.dll
 0000:00000000       .debug$S                   0000000180000000     kernel32:KERNEL32.dll
 0000:00000000       .debug$S                   0000000180000000     kernel32:KERNEL32.dll
 0000:00000000       .debug$S                   0000000180000000     kernel32:KERNEL32.dll
 0000:00000000       .debug$S                   0000000180000000     kernel32:KERNEL32.dll
 0000:00000000       .debug$S                   0000000180000000     sf_runtime:sf_runtime.dll
 0000:00000000       .debug$S                   0000000180000000     MSVCRT:MSVCR110.dll
 0000:00000000       .debug$S                   0000000180000000     MSVCRT:MSVCR110.dll
 0000:00000000       .debug$S                   0000000180000000     MSVCRT:MSVCR110.dll
 0000:00000000       .debug$S                   0000000180000000     MSVCRT:MSVCR110.dll
 0000:00000000       .debug$S                   0000000180000000     MSVCRT:MSVCR110.dll
 0000:00000000       .debug$S                   0000000180000000     MSVCRT:MSVCR110.dll
 0000:00000000       .debug$S                   0000000180000000     MSVCRT:MSVCR110.dll
 0000:00000000       .debug$S                   0000000180000000     MSVCRT:MSVCR110.dll
 0000:00000000       .debug$S                   0000000180000000     MSVCRT:MSVCR110.dll
 0000:00000000       .debug$S                   0000000180000000     MSVCRT:MSVCR110.dll
 0000:00000000       .debug$S                   0000000180000000     MSVCRT:MSVCR110.dll
 0000:00000000       .debug$S                   0000000180000000     MSVCRT:MSVCR110.dll
 0000:00000000       .debug$S                   0000000180000000     MSVCRT:MSVCR110.dll
 0000:00000000       .debug$S                   0000000180000000     MSVCRT:MSVCR110.dll
 0000:00000000       .debug$S                   0000000180000000     MSVCRT:MSVCR110.dll
 0000:00000000       .debug$S                   0000000180000000     MSVCRT:MSVCR110.dll
 0000:00000000       .debug$S                   0000000180000000     MSVCRT:MSVCR110.dll
 0000:00000000       .debug$S                   0000000180000000     MSVCRT:MSVCR110.dll
 0000:00000000       .debug$S                   0000000180000000     MSVCRT:MSVCR110.dll
 0000:00000000       .debug$S                   0000000180000000     MSVCRT:MSVCR110.dll
 0000:00000000       .debug$S                   0000000180000000     MSVCRT:MSVCR110.dll
 0000:00000000       .debug$S                   0000000180000000     MSVCRT:MSVCR110.dll
 0000:00000000       .debug$S                   0000000180000000     MSVCRT:MSVCR110.dll
 0000:00000000       .debug$S                   0000000180000000     MSVCRT:MSVCR110.dll
 0000:00000000       .debug$S                   0000000180000000     MSVCRT:MSVCR110.dll
 0000:00000000       .debug$S                   0000000180000000     sf_runtime:sf_runtime.dll
 0000:00000000       .debug$S                   0000000180000000     sf_runtime:sf_runtime.dll
 0000:00000000       .debug$S                   0000000180000000     sf_runtime:sf_runtime.dll
 0000:00000000       .debug$S                   0000000180000000     sf_runtime:sf_runtime.dll
 0000:00000000       .debug$S                   0000000180000000     sf_runtime:sf_runtime.dll
 0000:00000000       .debug$S                   0000000180000000     sf_runtime:sf_runtime.dll
 0000:00000000       .debug$S                   0000000180000000     sf_runtime:sf_runtime.dll
 0000:00000000       .debug$S                   0000000180000000     sf_runtime:sf_runtime.dll
 0000:00000000       .debug$S                   0000000180000000     sf_runtime:sf_runtime.dll
 0000:00000000       .debug$S                   0000000180000000     sf_runtime:sf_runtime.dll
 0000:00000000       .debug$S                   0000000180000000     sf_runtime:sf_runtime.dll
 0000:00000000       .debug$S                   0000000180000000     sf_runtime:sf_runtime.dll
 0000:00000000       .debug$S                   0000000180000000     sf_runtime:sf_runtime.dll
 0000:00000000       .debug$S                   0000000180000000     sf_runtime:sf_runtime.dll
 0000:00000000       .debug$S                   0000000180000000     sf_runtime:sf_runtime.dll
 0000:00000000       .debug$S                   0000000180000000     sf_runtime:sf_runtime.dll
 0000:00000000       .debug$S                   0000000180000000     sf_runtime:sf_runtime.dll
 0000:00000000       .debug$S                   0000000180000000     sf_runtime:sf_runtime.dll
 0000:00000000       .debug$S                   0000000180000000     sf_runtime:sf_runtime.dll
 0000:00000000       .debug$S                   0000000180000000     sf_runtime:sf_runtime.dll
 0000:00000000       .debug$S                   0000000180000000     sf_runtime:sf_runtime.dll
 0000:00000000       .debug$S                   0000000180000000     sf_runtime:sf_runtime.dll
 0000:00000000       .debug$S                   0000000180000000     sf_runtime:sf_runtime.dll
 0000:00000000       .debug$S                   0000000180000000     sf_runtime:sf_runtime.dll
 0000:00000000       .debug$S                   0000000180000000     sf_runtime:sf_runtime.dll
 0000:00000000       .debug$S                   0000000180000000     sf_runtime:sf_runtime.dll
 0000:00000000       .debug$S                   0000000180000000     sf_runtime:sf_runtime.dll
 0000:00000000       .debug$S                   0000000180000000     sf_runtime:sf_runtime.dll
 0000:00000000       .debug$S                   0000000180000000     sf_runtime:sf_runtime.dll
 0000:00000000       .debug$S                   0000000180000000     sf_runtime:sf_runtime.dll
 0000:00000000       .debug$S                   0000000180000000     sf_runtime:sf_runtime.dll
 0000:00000000       .debug$S                   0000000180000000     sf_runtime:sf_runtime.dll
 0000:00000000       .debug$S                   0000000180000000     sf_runtime:sf_runtime.dll
 0000:00000000       .debug$S                   0000000180000000     sf_runtime:sf_runtime.dll
 0000:00000000       .debug$S                   0000000180000000     sf_runtime:sf_runtime.dll
 0000:00000000       .debug$S                   0000000180000000     sf_runtime:sf_runtime.dll
 0000:00000000       .debug$S                   0000000180000000     libmwmathutil:libmwmathutil.dll
 0000:00000000       .debug$S                   0000000180000000     libmwmathutil:libmwmathutil.dll
 0000:00000000       .debug$S                   0000000180000000     libmwmathutil:libmwmathutil.dll
 0000:00000000       .debug$S                   0000000180000000     sf_runtime:sf_runtime.dll
 0000:00000000       .debug$S                   0000000180000000     libut:libut.dll
 0000:00000000       .debug$S                   0000000180000000     libut:libut.dll
 0000:00000000       .debug$S                   0000000180000000     sf_runtime:sf_runtime.dll
 0000:00000000       .debug$S                   0000000180000000     libmex:libmex.dll
 0000:00000000       .debug$S                   0000000180000000     libmex:libmex.dll
 0000:00000000       .debug$S                   0000000180000000     libmex:libmex.dll
 0000:00000000       .debug$S                   0000000180000000     libmex:libmex.dll
 0000:00000000       .debug$S                   0000000180000000     libmex:libmex.dll
 0000:00000000       .debug$S                   0000000180000000     libmex:libmex.dll
 0000:00000000       .debug$S                   0000000180000000     libmex:libmex.dll
 0000:00000000       .debug$S                   0000000180000000     sf_runtime:sf_runtime.dll
 0000:00000000       .debug$S                   0000000180000000     libmx:libmx.dll
 0000:00000000       .debug$S                   0000000180000000     libmx:libmx.dll
 0000:00000000       .debug$S                   0000000180000000     libmx:libmx.dll
 0000:00000000       .debug$S                   0000000180000000     libmx:libmx.dll
 0000:00000000       .debug$S                   0000000180000000     libmx:libmx.dll
 0000:00000000       .debug$S                   0000000180000000     libmx:libmx.dll
 0000:00000000       .debug$S                   0000000180000000     libmx:libmx.dll
 0000:00000000       .debug$S                   0000000180000000     libmx:libmx.dll
 0000:00000000       .debug$S                   0000000180000000     libmx:libmx.dll
 0000:00000000       .debug$S                   0000000180000000     sf_runtime:sf_runtime.dll
 0000:00000000       .debug$S                   0000000180000000     sf_runtime:sf_runtime.dll
 0000:00000000       .debug$S                   0000000180000000     sf_runtime:sf_runtime.dll
 0000:00000000       .debug$S                   0000000180000000     sf_runtime:sf_runtime.dll
 0000:00000000       .debug$S                   0000000180000000     sf_runtime:sf_runtime.dll
 0000:00000000       .debug$S                   0000000180000000     sf_runtime:sf_runtime.dll
 0000:00000000       .debug$S                   0000000180000000     sf_runtime:sf_runtime.dll
 0000:00000000       .debug$S                   0000000180000000     sf_runtime:sf_runtime.dll
 0000:00000000       .debug$S                   0000000180000000     sf_runtime:sf_runtime.dll
 0000:00000000       .debug$S                   0000000180000000     sf_runtime:sf_runtime.dll
 0000:00000000       .debug$S                   0000000180000000     sf_runtime:sf_runtime.dll
 0000:00000000       .debug$S                   0000000180000000     sf_runtime:sf_runtime.dll
 0000:00000000       .debug$S                   0000000180000000     sf_runtime:sf_runtime.dll
 0000:00000000       .debug$S                   0000000180000000     sf_runtime:sf_runtime.dll
 0000:00000000       .debug$S                   0000000180000000     sf_runtime:sf_runtime.dll
 0000:00000000       .debug$S                   0000000180000000     sf_runtime:sf_runtime.dll
 0000:00000000       .debug$S                   0000000180000000     sf_runtime:sf_runtime.dll
 0000:00000000       .debug$S                   0000000180000000     sf_runtime:sf_runtime.dll
 0000:00000000       .debug$S                   0000000180000000     sf_runtime:sf_runtime.dll
 0000:00000000       .debug$S                   0000000180000000     sf_runtime:sf_runtime.dll
 0000:00000000       .debug$S                   0000000180000000     sf_runtime:sf_runtime.dll
 0000:00000000       .debug$S                   0000000180000000     sf_runtime:sf_runtime.dll
 0000:00000000       .debug$S                   0000000180000000     sf_runtime:sf_runtime.dll
 0000:00000000       .debug$S                   0000000180000000     sf_runtime:sf_runtime.dll
 0000:00000000       .debug$S                   0000000180000000     sf_runtime:sf_runtime.dll
 0000:00000000       .debug$S                   0000000180000000     sf_runtime:sf_runtime.dll
 0000:00000000       .debug$S                   0000000180000000     sf_runtime:sf_runtime.dll
 0000:00000000       .debug$S                   0000000180000000     sf_runtime:sf_runtime.dll
 0000:00000000       .debug$S                   0000000180000000     sf_runtime:sf_runtime.dll
 0000:00000000       .debug$S                   0000000180000000     sf_runtime:sf_runtime.dll
 0000:00000000       .debug$S                   0000000180000000     sf_runtime:sf_runtime.dll
 0000:00000000       .debug$S                   0000000180000000     sf_runtime:sf_runtime.dll
 0000:00000000       .debug$S                   0000000180000000     sf_runtime:sf_runtime.dll
 0000:00000000       .debug$S                   0000000180000000     libmx:libmx.dll
 0000:00000000       .debug$S                   0000000180000000     libmx:libmx.dll
 0000:00000000       .debug$S                   0000000180000000     libmx:libmx.dll
 0000:00000000       .debug$S                   0000000180000000     libmx:libmx.dll
 0000:00000000       .debug$S                   0000000180000000     libmx:libmx.dll
 0000:00000000       .debug$S                   0000000180000000     libmx:libmx.dll
 0000:00000000       .debug$S                   0000000180000000     libmx:libmx.dll
 0000:00000000       .debug$S                   0000000180000000     libmx:libmx.dll
 0000:00000000       .debug$S                   0000000180000000     libmx:libmx.dll
 0001:000010b0       initialize_c3_hw8_two_tanks 00000001800020b0 f   c3_hw8_two_tanks.obj
 0001:000011e0       initialize_params_c3_hw8_two_tanks 00000001800021e0 f   c3_hw8_two_tanks.obj
 0001:000011f0       enable_c3_hw8_two_tanks    00000001800021f0 f   c3_hw8_two_tanks.obj
 0001:00001220       disable_c3_hw8_two_tanks   0000000180002220 f   c3_hw8_two_tanks.obj
 0001:00001250       c3_update_debugger_state_c3_hw8_two_tanks 0000000180002250 f   c3_hw8_two_tanks.obj
 0001:00001850       get_sim_state_c3_hw8_two_tanks 0000000180002850 f   c3_hw8_two_tanks.obj
 0001:000018a0       set_sim_state_c3_hw8_two_tanks 00000001800028a0 f   c3_hw8_two_tanks.obj
 0001:000018f0       c3_set_sim_state_side_effects_c3_hw8_two_tanks 00000001800028f0 f   c3_hw8_two_tanks.obj
 0001:000019d0       finalize_c3_hw8_two_tanks  00000001800029d0 f   c3_hw8_two_tanks.obj
 0001:00001a00       sf_gateway_c3_hw8_two_tanks 0000000180002a00 f   c3_hw8_two_tanks.obj
 0001:0000dd70       zeroCrossings_c3_hw8_two_tanks 000000018000ed70 f   c3_hw8_two_tanks.obj
 0001:00011180       derivatives_c3_hw8_two_tanks 0000000180012180 f   c3_hw8_two_tanks.obj
 0001:00016ff0       outputs_c3_hw8_two_tanks   0000000180017ff0 f   c3_hw8_two_tanks.obj
 0001:0001cb20       initSimStructsc3_hw8_two_tanks 000000018001db20 f   c3_hw8_two_tanks.obj
 0001:0001cb30       c3_abs                     000000018001db30 f   c3_hw8_two_tanks.obj
 0001:0001cb60       c3_eml_scalar_abs          000000018001db60 f   c3_hw8_two_tanks.obj
 0001:0001cb90       c3_eml_error               000000018001db90 f   c3_hw8_two_tanks.obj
 0001:0001cc40       c3_mrdivide                000000018001dc40 f   c3_hw8_two_tanks.obj
 0001:0001cc80       c3_rdivide                 000000018001dc80 f   c3_hw8_two_tanks.obj
 0001:0001ccc0       c3_eml_div                 000000018001dcc0 f   c3_hw8_two_tanks.obj
 0001:0001cd00       c3_div                     000000018001dd00 f   c3_hw8_two_tanks.obj
 0001:0001cd30       init_script_number_translation 000000018001dd30 f   c3_hw8_two_tanks.obj
 0001:0001cd50       c3_emlrt_marshallOut       000000018001dd50 f   c3_hw8_two_tanks.obj
 0001:0001cde0       c3_b_emlrt_marshallOut     000000018001dde0 f   c3_hw8_two_tanks.obj
 0001:0001ce70       c3_c_emlrt_marshallOut     000000018001de70 f   c3_hw8_two_tanks.obj
 0001:0001cef0       c3_sf_marshallOut          000000018001def0 f   c3_hw8_two_tanks.obj
 0001:0001cf50       c3_emlrt_marshallIn        000000018001df50 f   c3_hw8_two_tanks.obj
 0001:0001cfc0       c3_b_emlrt_marshallIn      000000018001dfc0 f   c3_hw8_two_tanks.obj
 0001:0001d050       c3_sf_marshallIn           000000018001e050 f   c3_hw8_two_tanks.obj
 0001:0001d0b0       c3_d_emlrt_marshallOut     000000018001e0b0 f   c3_hw8_two_tanks.obj
 0001:0001d130       c3_b_sf_marshallOut        000000018001e130 f   c3_hw8_two_tanks.obj
 0001:0001d190       c3_c_emlrt_marshallIn      000000018001e190 f   c3_hw8_two_tanks.obj
 0001:0001d1f0       c3_d_emlrt_marshallIn      000000018001e1f0 f   c3_hw8_two_tanks.obj
 0001:0001d280       c3_b_sf_marshallIn         000000018001e280 f   c3_hw8_two_tanks.obj
 0001:0001d2e0       c3_info_helper             000000018001e2e0 f   c3_hw8_two_tanks.obj
 0001:0001f9c0       c3_e_emlrt_marshallOut     00000001800209c0 f   c3_hw8_two_tanks.obj
 0001:0001fa50       c3_f_emlrt_marshallOut     0000000180020a50 f   c3_hw8_two_tanks.obj
 0001:0001fac0       c3_h_emlrt_marshallOut     0000000180020ac0 f   c3_hw8_two_tanks.obj
 0001:0001fb40       c3_g_emlrt_marshallIn      0000000180020b40 f   c3_hw8_two_tanks.obj
 0001:0001fba0       c3_h_emlrt_marshallIn      0000000180020ba0 f   c3_hw8_two_tanks.obj
 0001:0001fc30       c3_i_emlrt_marshallOut     0000000180020c30 f   c3_hw8_two_tanks.obj
 0001:0001fea0       c3_i_emlrt_marshallIn      0000000180020ea0 f   c3_hw8_two_tanks.obj
 0001:000201b0       c3_j_emlrt_marshallIn      00000001800211b0 f   c3_hw8_two_tanks.obj
 0001:00020230       c3_k_emlrt_marshallIn      0000000180021230 f   c3_hw8_two_tanks.obj
 0001:00020290       c3_updateDataWrittenToVector 0000000180021290 f   c3_hw8_two_tanks.obj
 0001:00020310       c3_errorIfDataNotWrittenToFcn 0000000180021310 f   c3_hw8_two_tanks.obj
 0001:000203d0       c3_b_sqrt                  00000001800213d0 f   c3_hw8_two_tanks.obj
 0001:00020410       c3_b_eml_scalar_sqrt       0000000180021410 f   c3_hw8_two_tanks.obj
 0001:00020440       c3_b_sign                  0000000180021440 f   c3_hw8_two_tanks.obj
 0001:00020470       c3_b_eml_scalar_sign       0000000180021470 f   c3_hw8_two_tanks.obj
 0001:000204a0       init_dsm_address_info      00000001800214a0 f   c3_hw8_two_tanks.obj
 0001:00021400       sf_get_sim_state_info_c3_hw8_two_tanks 0000000180022400 f   c3_hw8_two_tanks.obj
 0001:000214d0       chart_debug_initialization 00000001800224d0 f   c3_hw8_two_tanks.obj
 0001:00025340       sf_get_instance_specialization 0000000180026340 f   c3_hw8_two_tanks.obj
 0001:00025350       sf_opaque_initialize_c3_hw8_two_tanks 0000000180026350 f   c3_hw8_two_tanks.obj
 0001:00025390       sf_opaque_enable_c3_hw8_two_tanks 0000000180026390 f   c3_hw8_two_tanks.obj
 0001:000253b0       sf_opaque_disable_c3_hw8_two_tanks 00000001800263b0 f   c3_hw8_two_tanks.obj
 0001:000253d0       sf_opaque_zeroCrossings_c3_hw8_two_tanks 00000001800263d0 f   c3_hw8_two_tanks.obj
 0001:000253f0       sf_opaque_outputs_c3_hw8_two_tanks 00000001800263f0 f   c3_hw8_two_tanks.obj
 0001:00025410       sf_opaque_derivatives_c3_hw8_two_tanks 0000000180026410 f   c3_hw8_two_tanks.obj
 0001:00025430       sf_opaque_gateway_c3_hw8_two_tanks 0000000180026430 f   c3_hw8_two_tanks.obj
 0001:00025710       sf_opaque_get_sim_state_c3_hw8_two_tanks 0000000180026710 f   c3_hw8_two_tanks.obj
 0001:00025730       sf_opaque_set_sim_state_c3_hw8_two_tanks 0000000180026730 f   c3_hw8_two_tanks.obj
 0001:00025760       sf_opaque_terminate_c3_hw8_two_tanks 0000000180026760 f   c3_hw8_two_tanks.obj
 0001:00025800       sf_opaque_init_subchart_simstructs 0000000180026800 f   c3_hw8_two_tanks.obj
 0001:00025820       mdlProcessParameters_c3_hw8_two_tanks 0000000180026820 f   c3_hw8_two_tanks.obj
 0001:00025900       mdlSetWorkWidths_c3_hw8_two_tanks 0000000180026900 f   c3_hw8_two_tanks.obj
 0001:00025e80       mdlRTW_c3_hw8_two_tanks    0000000180026e80 f   c3_hw8_two_tanks.obj
 0001:00025ec0       mdlStart_c3_hw8_two_tanks  0000000180026ec0 f   c3_hw8_two_tanks.obj
 0001:000271e4       $LN107                     00000001800281e4     hw8_two_tanks_sfun_registry.obj
 0001:00028514       $LN17                      0000000180029514     hw8_two_tanks_sfun_registry.obj
 0001:00028a9c       $LN26                      0000000180029a9c     hw8_two_tanks_sfun_registry.obj
 0001:00029184       $LN23                      000000018002a184     hw8_two_tanks_sfun_registry.obj
 0001:00029760       $LN26                      000000018002a760     hw8_two_tanks_sfun_registry.obj
 0001:0002b090       sf_debug_api_wrapper       000000018002c090 f   hw8_two_tanks_sfun_registry.obj
 0001:0002b0e0       ProcessMexSfunctionCmdLineCall 000000018002c0e0 f   hw8_two_tanks_sfun_registry.obj
 0001:0002b3a0       getChartInfoFromSimStruct  000000018002c3a0 f   hw8_two_tanks_sfun_registry.obj
 0001:0002b460       mdlSetWorkWidths           000000018002c460 f   hw8_two_tanks_sfun_registry.obj
 0001:0002b490       mdlProcessParameters       000000018002c490 f   hw8_two_tanks_sfun_registry.obj
 0001:0002b4c0       mdl_start_processing       000000018002c4c0 f   hw8_two_tanks_sfun_registry.obj
 0001:0002b550       mdl_terminate_processing   000000018002c550 f   hw8_two_tanks_sfun_registry.obj
 0001:0002b5d0       mdlStart                   000000018002c5d0 f   hw8_two_tanks_sfun_registry.obj
 0001:0002b600       mdlTerminate               000000018002c600 f   hw8_two_tanks_sfun_registry.obj
 0001:0002b630       mdlInitializeSizes         000000018002c630 f   hw8_two_tanks_sfun_registry.obj
 0001:0002b660       mdlInitializeSampleTimes   000000018002c660 f   hw8_two_tanks_sfun_registry.obj
 0001:0002b690       mdl_outputs_continuous_legacy 000000018002c690 f   hw8_two_tanks_sfun_registry.obj
 0001:0002b790       mdl_outputs_processing     000000018002c790 f   hw8_two_tanks_sfun_registry.obj
 0001:0002b890       mdl_zeroCrossings_processing 000000018002c890 f   hw8_two_tanks_sfun_registry.obj
 0001:0002b8d0       mdlZeroCrossings           000000018002c8d0 f   hw8_two_tanks_sfun_registry.obj
 0001:0002b900       mdl_derivatives_processing 000000018002c900 f   hw8_two_tanks_sfun_registry.obj
 0001:0002b950       mdlDerivatives             000000018002c950 f   hw8_two_tanks_sfun_registry.obj
 0001:0002b980       mdl_initialize_conditions_processing 000000018002c980 f   hw8_two_tanks_sfun_registry.obj
 0001:0002b9d0       mdlInitializeConditions    000000018002c9d0 f   hw8_two_tanks_sfun_registry.obj
 0001:0002ba00       mdl_ext_mode_exec_processing 000000018002ca00 f   hw8_two_tanks_sfun_registry.obj
 0001:0002ba40       mdlExtModeExec             000000018002ca40 f   hw8_two_tanks_sfun_registry.obj
 0001:0002ba70       mdlRTW                     000000018002ca70 f   hw8_two_tanks_sfun_registry.obj
 0001:0002bab0       mdl_enable_processing      000000018002cab0 f   hw8_two_tanks_sfun_registry.obj
 0001:0002baf0       mdlEnable                  000000018002caf0 f   hw8_two_tanks_sfun_registry.obj
 0001:0002bb20       mdl_disable_processing     000000018002cb20 f   hw8_two_tanks_sfun_registry.obj
 0001:0002bb60       mdlDisable                 000000018002cb60 f   hw8_two_tanks_sfun_registry.obj
 0001:0002bb90       mdlOutputs                 000000018002cb90 f   hw8_two_tanks_sfun_registry.obj
 0001:0002bd60       mdlGetTimeOfNextVarHit     000000018002cd60 f   hw8_two_tanks_sfun_registry.obj
 0001:0002bdb0       _RegNumInputPortsCB        000000018002cdb0 f   hw8_two_tanks_sfun_registry.obj
 0001:0002be30       _RegNumOutputPortsCB       000000018002ce30 f   hw8_two_tanks_sfun_registry.obj
 0001:0002beb0       _CreateSimStruct           000000018002ceb0 f   hw8_two_tanks_sfun_registry.obj
 0001:0002c040       _ssFatalError              000000018002d040 f   hw8_two_tanks_sfun_registry.obj
 0001:0002c0f0       _ProcessMexSfunctionCmdLineCall 000000018002d0f0 f   hw8_two_tanks_sfun_registry.obj
 0001:0002ce10       $$000000                   000000018002de10     MSVCRT:amdsecgs.obj
 0001:0002ce6c       pre_c_init                 000000018002de6c f   MSVCRT:crtdll.obj
 0001:0002d164       __DllMainCRTStartup        000000018002e164 f   MSVCRT:crtdll.obj
 0001:0002d680       __DllMainCRTStartup$filt$0 000000018002e680 f   MSVCRT:crtdll.obj
 0001:0002d6a5       __DllMainCRTStartup$fin$1  000000018002e6a5 f   MSVCRT:crtdll.obj
 0001:0002d6c0       _IsNonwritableInCurrentImage$filt$0 000000018002e6c0 f   MSVCRT:pesect.obj
 0001:0002d6e0       _onexit$fin$0              000000018002e6e0 f   MSVCRT:atonexit.obj
 0002:00000498       pcinit                     000000018002f498     MSVCRT:crtdll.obj
 0002:000004a0       pinit                      000000018002f4a0     MSVCRT:atonexit.obj
 0002:00000b58       GS_ExceptionPointers       000000018002fb58     MSVCRT:gs_report.obj
 0002:00000c20       $unwind$load_hw8_two_tanks_optimization_info 000000018002fc20     hw8_two_tanks_sfun.obj
 0002:00000c28       $unwind$unload_hw8_two_tanks_optimization_info 000000018002fc28     hw8_two_tanks_sfun.obj
 0002:00000c30       $unwind$sf_hw8_two_tanks_method_dispatcher 000000018002fc30     hw8_two_tanks_sfun.obj
 0002:00000c38       $unwind$sf_hw8_two_tanks_process_check_sum_call 000000018002fc38     hw8_two_tanks_sfun.obj
 0002:00000c48       $unwind$sf_hw8_two_tanks_autoinheritance_info 000000018002fc48     hw8_two_tanks_sfun.obj
 0002:00000c58       $unwind$sf_hw8_two_tanks_get_eml_resolved_functions_info 000000018002fc58     hw8_two_tanks_sfun.obj
 0002:00000c68       $unwind$sf_hw8_two_tanks_third_party_uses_info 000000018002fc68     hw8_two_tanks_sfun.obj
 0002:00000c78       $unwind$sf_hw8_two_tanks_updateBuildInfo_args_info 000000018002fc78     hw8_two_tanks_sfun.obj
 0002:00000c88       $unwind$hw8_two_tanks_debug_initialize 000000018002fc88     hw8_two_tanks_sfun.obj
 0002:00000c90       $unwind$sf_c3_hw8_two_tanks_get_eml_resolved_functions_info 000000018002fc90     c3_hw8_two_tanks.obj
 0002:00000c98       $unwind$sf_c3_hw8_two_tanks_get_check_sum 000000018002fc98     c3_hw8_two_tanks.obj
 0002:00000ca0       $unwind$c3_hw8_two_tanks_method_dispatcher 000000018002fca0     c3_hw8_two_tanks.obj
 0002:00000ca8       $unwind$initialize_c3_hw8_two_tanks 000000018002fca8     c3_hw8_two_tanks.obj
 0002:00000cb0       $unwind$enable_c3_hw8_two_tanks 000000018002fcb0     c3_hw8_two_tanks.obj
 0002:00000cb8       $unwind$disable_c3_hw8_two_tanks 000000018002fcb8     c3_hw8_two_tanks.obj
 0002:00000cc0       $unwind$c3_update_debugger_state_c3_hw8_two_tanks 000000018002fcc0     c3_hw8_two_tanks.obj
 0002:00000cc8       $unwind$get_sim_state_c3_hw8_two_tanks 000000018002fcc8     c3_hw8_two_tanks.obj
 0002:00000cd0       $unwind$set_sim_state_c3_hw8_two_tanks 000000018002fcd0     c3_hw8_two_tanks.obj
 0002:00000cd8       $unwind$finalize_c3_hw8_two_tanks 000000018002fcd8     c3_hw8_two_tanks.obj
 0002:00000ce0       $unwind$sf_gateway_c3_hw8_two_tanks 000000018002fce0     c3_hw8_two_tanks.obj
 0002:00000cf0       $unwind$zeroCrossings_c3_hw8_two_tanks 000000018002fcf0     c3_hw8_two_tanks.obj
 0002:00000d00       $unwind$derivatives_c3_hw8_two_tanks 000000018002fd00     c3_hw8_two_tanks.obj
 0002:00000d10       $unwind$outputs_c3_hw8_two_tanks 000000018002fd10     c3_hw8_two_tanks.obj
 0002:00000d20       $unwind$c3_abs             000000018002fd20     c3_hw8_two_tanks.obj
 0002:00000d28       $unwind$c3_eml_scalar_abs  000000018002fd28     c3_hw8_two_tanks.obj
 0002:00000d30       $unwind$c3_eml_error       000000018002fd30     c3_hw8_two_tanks.obj
 0002:00000d38       $unwind$c3_mrdivide        000000018002fd38     c3_hw8_two_tanks.obj
 0002:00000d40       $unwind$c3_rdivide         000000018002fd40     c3_hw8_two_tanks.obj
 0002:00000d48       $unwind$c3_eml_div         000000018002fd48     c3_hw8_two_tanks.obj
 0002:00000d50       $unwind$c3_emlrt_marshallOut 000000018002fd50     c3_hw8_two_tanks.obj
 0002:00000d58       $unwind$c3_b_emlrt_marshallOut 000000018002fd58     c3_hw8_two_tanks.obj
 0002:00000d60       $unwind$c3_c_emlrt_marshallOut 000000018002fd60     c3_hw8_two_tanks.obj
 0002:00000d68       $unwind$c3_sf_marshallOut  000000018002fd68     c3_hw8_two_tanks.obj
 0002:00000d70       $unwind$c3_emlrt_marshallIn 000000018002fd70     c3_hw8_two_tanks.obj
 0002:00000d78       $unwind$c3_b_emlrt_marshallIn 000000018002fd78     c3_hw8_two_tanks.obj
 0002:00000d80       $unwind$c3_sf_marshallIn   000000018002fd80     c3_hw8_two_tanks.obj
 0002:00000d88       $unwind$c3_d_emlrt_marshallOut 000000018002fd88     c3_hw8_two_tanks.obj
 0002:00000d90       $unwind$c3_b_sf_marshallOut 000000018002fd90     c3_hw8_two_tanks.obj
 0002:00000d98       $unwind$c3_c_emlrt_marshallIn 000000018002fd98     c3_hw8_two_tanks.obj
 0002:00000da0       $unwind$c3_d_emlrt_marshallIn 000000018002fda0     c3_hw8_two_tanks.obj
 0002:00000da8       $unwind$c3_b_sf_marshallIn 000000018002fda8     c3_hw8_two_tanks.obj
 0002:00000db0       $unwind$c3_info_helper     000000018002fdb0     c3_hw8_two_tanks.obj
 0002:00000db8       $unwind$c3_e_emlrt_marshallOut 000000018002fdb8     c3_hw8_two_tanks.obj
 0002:00000dc0       $unwind$c3_f_emlrt_marshallOut 000000018002fdc0     c3_hw8_two_tanks.obj
 0002:00000dc8       $unwind$c3_h_emlrt_marshallOut 000000018002fdc8     c3_hw8_two_tanks.obj
 0002:00000dd0       $unwind$c3_g_emlrt_marshallIn 000000018002fdd0     c3_hw8_two_tanks.obj
 0002:00000dd8       $unwind$c3_h_emlrt_marshallIn 000000018002fdd8     c3_hw8_two_tanks.obj
 0002:00000de0       $unwind$c3_i_emlrt_marshallOut 000000018002fde0     c3_hw8_two_tanks.obj
 0002:00000de8       $unwind$c3_i_emlrt_marshallIn 000000018002fde8     c3_hw8_two_tanks.obj
 0002:00000df0       $unwind$c3_j_emlrt_marshallIn 000000018002fdf0     c3_hw8_two_tanks.obj
 0002:00000df8       $unwind$c3_k_emlrt_marshallIn 000000018002fdf8     c3_hw8_two_tanks.obj
 0002:00000e00       $unwind$c3_updateDataWrittenToVector 000000018002fe00     c3_hw8_two_tanks.obj
 0002:00000e08       $unwind$c3_errorIfDataNotWrittenToFcn 000000018002fe08     c3_hw8_two_tanks.obj
 0002:00000e10       $unwind$c3_b_sqrt          000000018002fe10     c3_hw8_two_tanks.obj
 0002:00000e18       $unwind$c3_b_eml_scalar_sqrt 000000018002fe18     c3_hw8_two_tanks.obj
 0002:00000e20       $unwind$c3_b_sign          000000018002fe20     c3_hw8_two_tanks.obj
 0002:00000e28       $unwind$c3_b_eml_scalar_sign 000000018002fe28     c3_hw8_two_tanks.obj
 0002:00000e30       $unwind$sf_c3_hw8_two_tanks_get_autoinheritance_info 000000018002fe30     c3_hw8_two_tanks.obj
 0002:00000e38       $unwind$sf_c3_hw8_two_tanks_third_party_uses_info 000000018002fe38     c3_hw8_two_tanks.obj
 0002:00000e40       $unwind$sf_c3_hw8_two_tanks_updateBuildInfo_args_info 000000018002fe40     c3_hw8_two_tanks.obj
 0002:00000e48       $unwind$sf_get_sim_state_info_c3_hw8_two_tanks 000000018002fe48     c3_hw8_two_tanks.obj
 0002:00000e50       $unwind$chart_debug_initialization 000000018002fe50     c3_hw8_two_tanks.obj
 0002:00000e58       $unwind$sf_opaque_initialize_c3_hw8_two_tanks 000000018002fe58     c3_hw8_two_tanks.obj
 0002:00000e60       $unwind$sf_opaque_enable_c3_hw8_two_tanks 000000018002fe60     c3_hw8_two_tanks.obj
 0002:00000e68       $unwind$sf_opaque_disable_c3_hw8_two_tanks 000000018002fe68     c3_hw8_two_tanks.obj
 0002:00000e70       $unwind$sf_opaque_zeroCrossings_c3_hw8_two_tanks 000000018002fe70     c3_hw8_two_tanks.obj
 0002:00000e78       $unwind$sf_opaque_outputs_c3_hw8_two_tanks 000000018002fe78     c3_hw8_two_tanks.obj
 0002:00000e80       $unwind$sf_opaque_derivatives_c3_hw8_two_tanks 000000018002fe80     c3_hw8_two_tanks.obj
 0002:00000e88       $unwind$sf_opaque_gateway_c3_hw8_two_tanks 000000018002fe88     c3_hw8_two_tanks.obj
 0002:00000e90       $unwind$sf_internal_get_sim_state_c3_hw8_two_tanks 000000018002fe90     c3_hw8_two_tanks.obj
 0002:00000e98       $unwind$sf_internal_set_sim_state_c3_hw8_two_tanks 000000018002fe98     c3_hw8_two_tanks.obj
 0002:00000ea0       $unwind$sf_opaque_get_sim_state_c3_hw8_two_tanks 000000018002fea0     c3_hw8_two_tanks.obj
 0002:00000ea8       $unwind$sf_opaque_set_sim_state_c3_hw8_two_tanks 000000018002fea8     c3_hw8_two_tanks.obj
 0002:00000eb0       $unwind$sf_opaque_terminate_c3_hw8_two_tanks 000000018002feb0     c3_hw8_two_tanks.obj
 0002:00000eb8       $unwind$sf_opaque_init_subchart_simstructs 000000018002feb8     c3_hw8_two_tanks.obj
 0002:00000ec0       $unwind$mdlProcessParameters_c3_hw8_two_tanks 000000018002fec0     c3_hw8_two_tanks.obj
 0002:00000ec8       $unwind$mdlSetWorkWidths_c3_hw8_two_tanks 000000018002fec8     c3_hw8_two_tanks.obj
 0002:00000ed0       $unwind$mdlRTW_c3_hw8_two_tanks 000000018002fed0     c3_hw8_two_tanks.obj
 0002:00000ed8       $unwind$mdlStart_c3_hw8_two_tanks 000000018002fed8     c3_hw8_two_tanks.obj
 0002:00000ee0       $unwind$mexFunction        000000018002fee0     hw8_two_tanks_sfun_registry.obj
 0002:00000ee8       $unwind$_ssSetInputPortDirectFeedThroughFcn 000000018002fee8     hw8_two_tanks_sfun_registry.obj
 0002:00000ef0       $unwind$_ssGetInputPortSignalPtrsFcn 000000018002fef0     hw8_two_tanks_sfun_registry.obj
 0002:00000ef8       $unwind$_ssGetInputPortSignalFcn 000000018002fef8     hw8_two_tanks_sfun_registry.obj
 0002:00000f00       $unwind$_ssSetInputPortReusableFcn 000000018002ff00     hw8_two_tanks_sfun_registry.obj
 0002:00000f10       $unwind$_ssSetOutputPortReusableFcn 000000018002ff10     hw8_two_tanks_sfun_registry.obj
 0002:00000f20       $unwind$ssGetIsZeroCrossControlDisabled 000000018002ff20     hw8_two_tanks_sfun_registry.obj
 0002:00000f28       $unwind$ssSetIsInputPortUsedForContZcSignal 000000018002ff28     hw8_two_tanks_sfun_registry.obj
[...]
 0004:00000018       $pdata$sf_hw8_two_tanks_method_dispatcher 0000000180036018     hw8_two_tanks_sfun.obj
 0004:00000024       $pdata$sf_hw8_two_tanks_process_check_sum_call 0000000180036024     hw8_two_tanks_sfun.obj
 0004:00000030       $pdata$sf_hw8_two_tanks_autoinheritance_info 0000000180036030     hw8_two_tanks_sfun.obj
 0004:0000003c       $pdata$sf_hw8_two_tanks_get_eml_resolved_functions_info 000000018003603c     hw8_two_tanks_sfun.obj
 0004:00000048       $pdata$sf_hw8_two_tanks_third_party_uses_info 0000000180036048     hw8_two_tanks_sfun.obj
 0004:00000054       $pdata$sf_hw8_two_tanks_updateBuildInfo_args_info 0000000180036054     hw8_two_tanks_sfun.obj
 0004:00000060       $pdata$hw8_two_tanks_debug_initialize 0000000180036060     hw8_two_tanks_sfun.obj
 0004:0000006c       $pdata$sf_c3_hw8_two_tanks_get_eml_resolved_functions_info 000000018003606c     c3_hw8_two_tanks.obj
 0004:00000078       $pdata$sf_c3_hw8_two_tanks_get_check_sum 0000000180036078     c3_hw8_two_tanks.obj
 0004:00000084       $pdata$c3_hw8_two_tanks_method_dispatcher 0000000180036084     c3_hw8_two_tanks.obj
 0004:00000090       $pdata$initialize_c3_hw8_two_tanks 0000000180036090     c3_hw8_two_tanks.obj
 0004:0000009c       $pdata$enable_c3_hw8_two_tanks 000000018003609c     c3_hw8_two_tanks.obj
 0004:000000a8       $pdata$disable_c3_hw8_two_tanks 00000001800360a8     c3_hw8_two_tanks.obj
 0004:000000b4       $pdata$c3_update_debugger_state_c3_hw8_two_tanks 00000001800360b4     c3_hw8_two_tanks.obj
 0004:000000c0       $pdata$get_sim_state_c3_hw8_two_tanks 00000001800360c0     c3_hw8_two_tanks.obj
 0004:000000cc       $pdata$set_sim_state_c3_hw8_two_tanks 00000001800360cc     c3_hw8_two_tanks.obj
 0004:000000d8       $pdata$finalize_c3_hw8_two_tanks 00000001800360d8     c3_hw8_two_tanks.obj
 0004:000000e4       $pdata$sf_gateway_c3_hw8_two_tanks 00000001800360e4     c3_hw8_two_tanks.obj
 0004:000000f0       $pdata$zeroCrossings_c3_hw8_two_tanks 00000001800360f0     c3_hw8_two_tanks.obj
 0004:000000fc       $pdata$derivatives_c3_hw8_two_tanks 00000001800360fc     c3_hw8_two_tanks.obj
 0004:00000108       $pdata$outputs_c3_hw8_two_tanks 0000000180036108     c3_hw8_two_tanks.obj
 0004:00000114       $pdata$c3_abs              0000000180036114     c3_hw8_two_tanks.obj
 0004:00000120       $pdata$c3_eml_scalar_abs   0000000180036120     c3_hw8_two_tanks.obj
 0004:0000012c       $pdata$c3_eml_error        000000018003612c     c3_hw8_two_tanks.obj
 0004:00000138       $pdata$c3_mrdivide         0000000180036138     c3_hw8_two_tanks.obj
 0004:00000144       $pdata$c3_rdivide          0000000180036144     c3_hw8_two_tanks.obj
 0004:00000150       $pdata$c3_eml_div          0000000180036150     c3_hw8_two_tanks.obj
 0004:0000015c       $pdata$c3_emlrt_marshallOut 000000018003615c     c3_hw8_two_tanks.obj
 0004:00000168       $pdata$c3_b_emlrt_marshallOut 0000000180036168     c3_hw8_two_tanks.obj
 0004:00000174       $pdata$c3_c_emlrt_marshallOut 0000000180036174     c3_hw8_two_tanks.obj
 0004:00000180       $pdata$c3_sf_marshallOut   0000000180036180     c3_hw8_two_tanks.obj
 0004:0000018c       $pdata$c3_emlrt_marshallIn 000000018003618c     c3_hw8_two_tanks.obj
 0004:00000198       $pdata$c3_b_emlrt_marshallIn 0000000180036198     c3_hw8_two_tanks.obj
 0004:000001a4       $pdata$c3_sf_marshallIn    00000001800361a4     c3_hw8_two_tanks.obj
 0004:000001b0       $pdata$c3_d_emlrt_marshallOut 00000001800361b0     c3_hw8_two_tanks.obj
 0004:000001bc       $pdata$c3_b_sf_marshallOut 00000001800361bc     c3_hw8_two_tanks.obj
 0004:000001c8       $pdata$c3_c_emlrt_marshallIn 00000001800361c8     c3_hw8_two_tanks.obj
 0004:000001d4       $pdata$c3_d_emlrt_marshallIn 00000001800361d4     c3_hw8_two_tanks.obj
 0004:000001e0       $pdata$c3_b_sf_marshallIn  00000001800361e0     c3_hw8_two_tanks.obj
 0004:000001ec       $pdata$c3_info_helper      00000001800361ec     c3_hw8_two_tanks.obj
 0004:000001f8       $pdata$c3_e_emlrt_marshallOut 00000001800361f8     c3_hw8_two_tanks.obj
 0004:00000204       $pdata$c3_f_emlrt_marshallOut 0000000180036204     c3_hw8_two_tanks.obj
 0004:00000210       $pdata$c3_h_emlrt_marshallOut 0000000180036210     c3_hw8_two_tanks.obj
 0004:0000021c       $pdata$c3_g_emlrt_marshallIn 000000018003621c     c3_hw8_two_tanks.obj
 0004:00000228       $pdata$c3_h_emlrt_marshallIn 0000000180036228     c3_hw8_two_tanks.obj
 0004:00000234       $pdata$c3_i_emlrt_marshallOut 0000000180036234     c3_hw8_two_tanks.obj
 0004:00000240       $pdata$c3_i_emlrt_marshallIn 0000000180036240     c3_hw8_two_tanks.obj
 0004:0000024c       $pdata$c3_j_emlrt_marshallIn 000000018003624c     c3_hw8_two_tanks.obj
 0004:00000258       $pdata$c3_k_emlrt_marshallIn 0000000180036258     c3_hw8_two_tanks.obj
 0004:00000264       $pdata$c3_updateDataWrittenToVector 0000000180036264     c3_hw8_two_tanks.obj
 0004:00000270       $pdata$c3_errorIfDataNotWrittenToFcn 0000000180036270     c3_hw8_two_tanks.obj
 0004:0000027c       $pdata$c3_b_sqrt           000000018003627c     c3_hw8_two_tanks.obj
 0004:00000288       $pdata$c3_b_eml_scalar_sqrt 0000000180036288     c3_hw8_two_tanks.obj
 0004:00000294       $pdata$c3_b_sign           0000000180036294     c3_hw8_two_tanks.obj
 0004:000002a0       $pdata$c3_b_eml_scalar_sign 00000001800362a0     c3_hw8_two_tanks.obj
 0004:000002ac       $pdata$sf_c3_hw8_two_tanks_get_autoinheritance_info 00000001800362ac     c3_hw8_two_tanks.obj
 0004:000002b8       $pdata$sf_c3_hw8_two_tanks_third_party_uses_info 00000001800362b8     c3_hw8_two_tanks.obj
 0004:000002c4       $pdata$sf_c3_hw8_two_tanks_updateBuildInfo_args_info 00000001800362c4     c3_hw8_two_tanks.obj
 0004:000002d0       $pdata$sf_get_sim_state_info_c3_hw8_two_tanks 00000001800362d0     c3_hw8_two_tanks.obj
 0004:000002dc       $pdata$chart_debug_initialization 00000001800362dc     c3_hw8_two_tanks.obj
 0004:000002e8       $pdata$sf_opaque_initialize_c3_hw8_two_tanks 00000001800362e8     c3_hw8_two_tanks.obj
 0004:000002f4       $pdata$sf_opaque_enable_c3_hw8_two_tanks 00000001800362f4     c3_hw8_two_tanks.obj
 0004:00000300       $pdata$sf_opaque_disable_c3_hw8_two_tanks 0000000180036300     c3_hw8_two_tanks.obj
 0004:0000030c       $pdata$sf_opaque_zeroCrossings_c3_hw8_two_tanks 000000018003630c     c3_hw8_two_tanks.obj
 0004:00000318       $pdata$sf_opaque_outputs_c3_hw8_two_tanks 0000000180036318     c3_hw8_two_tanks.obj
 0004:00000324       $pdata$sf_opaque_derivatives_c3_hw8_two_tanks 0000000180036324     c3_hw8_two_tanks.obj
 0004:00000330       $pdata$sf_opaque_gateway_c3_hw8_two_tanks 0000000180036330     c3_hw8_two_tanks.obj
 0004:0000033c       $pdata$sf_internal_get_sim_state_c3_hw8_two_tanks 000000018003633c     c3_hw8_two_tanks.obj
 0004:00000348       $pdata$sf_internal_set_sim_state_c3_hw8_two_tanks 0000000180036348     c3_hw8_two_tanks.obj
 0004:00000354       $pdata$sf_opaque_get_sim_state_c3_hw8_two_tanks 0000000180036354     c3_hw8_two_tanks.obj
 0004:00000360       $pdata$sf_opaque_set_sim_state_c3_hw8_two_tanks 0000000180036360     c3_hw8_two_tanks.obj
 0004:0000036c       $pdata$sf_opaque_terminate_c3_hw8_two_tanks 000000018003636c     c3_hw8_two_tanks.obj
 0004:00000378       $pdata$sf_opaque_init_subchart_simstructs 0000000180036378     c3_hw8_two_tanks.obj
 0004:00000384       $pdata$mdlProcessParameters_c3_hw8_two_tanks 0000000180036384     c3_hw8_two_tanks.obj
 0004:00000390       $pdata$mdlSetWorkWidths_c3_hw8_two_tanks 0000000180036390     c3_hw8_two_tanks.obj
 0004:0000039c       $pdata$mdlRTW_c3_hw8_two_tanks 000000018003639c     c3_hw8_two_tanks.obj
 0004:000003a8       $pdata$mdlStart_c3_hw8_two_tanks 00000001800363a8     c3_hw8_two_tanks.obj
 0004:000003b4       $pdata$mexFunction         00000001800363b4     hw8_two_tanks_sfun_registry.obj
 0004:000003c0       $pdata$_ssSetInputPortDirectFeedThroughFcn 00000001800363c0     hw8_two_tanks_sfun_registry.obj
 0004:000003cc       $pdata$_ssGetInputPortSignalPtrsFcn 00000001800363cc     hw8_two_tanks_sfun_registry.obj
 0004:000003d8       $pdata$_ssGetInputPortSignalFcn 00000001800363d8     hw8_two_tanks_sfun_registry.obj
 0004:000003e4       $pdata$_ssSetInputPortReusableFcn 00000001800363e4     hw8_two_tanks_sfun_registry.obj
 0004:000003f0       $pdata$_ssSetOutputPortReusableFcn 00000001800363f0     hw8_two_tanks_sfun_registry.obj
 0004:000003fc       $pdata$ssGetIsZeroCrossControlDisabled 00000001800363fc     hw8_two_tanks_sfun_registry.obj
 0004:00000408       $pdata$ssSetIsInputPortUsedForContZcSignal 0000000180036408     hw8_two_tanks_sfun_registry.obj
 0004:00000414       $pdata$ssSetZcSignalIsZcElementDisc 0000000180036414     hw8_two_tanks_sfun_registry.obj
 0004:00000420       $pdata$ssSetZcSignalName   0000000180036420     hw8_two_tanks_sfun_registry.obj
 0004:0000042c       $pdata$ssSetZcSignalWidth  000000018003642c     hw8_two_tanks_sfun_registry.obj
 0004:00000438       $pdata$ssSetZcSignalZcEventType 0000000180036438     hw8_two_tanks_sfun_registry.obj
 0004:00000444       $pdata$ssSetZcSignalType   0000000180036444     hw8_two_tanks_sfun_registry.obj
 0004:00000450       $pdata$ssSetZcSignalZcTol  0000000180036450     hw8_two_tanks_sfun_registry.obj
 0004:0000045c       $pdata$ssSetZcSignalNeedsEventNotification 000000018003645c     hw8_two_tanks_sfun_registry.obj
 0004:00000468       $pdata$ssCreateAndAddZcSignalInfo 0000000180036468     hw8_two_tanks_sfun_registry.obj
 0004:00000474       $pdata$ssCloneAndAddZcSignalInfo 0000000180036474     hw8_two_tanks_sfun_registry.obj
 0004:00000480       $pdata$ssGetNumZcSignals   0000000180036480     hw8_two_tanks_sfun_registry.obj
 0004:0000048c       $pdata$ssGetZcSignalVector 000000018003648c     hw8_two_tanks_sfun_registry.obj
 0004:00000498       $pdata$ssGetZcSignalName   0000000180036498     hw8_two_tanks_sfun_registry.obj
 0004:000004a4       $pdata$ssGetZcSignalWidth  00000001800364a4     hw8_two_tanks_sfun_registry.obj
 0004:000004b0       $pdata$ssGetZcSignalZcEventType 00000001800364b0     hw8_two_tanks_sfun_registry.obj
 0004:000004bc       $pdata$ssGetZcSignalZcEvents 00000001800364bc     hw8_two_tanks_sfun_registry.obj
 0004:000004c8       $pdata$ssGetZcSignalType   00000001800364c8     hw8_two_tanks_sfun_registry.obj
 0004:000004d4       $pdata$ssGetZcSignalZcTol  00000001800364d4     hw8_two_tanks_sfun_registry.obj
 0004:000004e0       $pdata$ssGetZcSignalNeedsEventNotification 00000001800364e0     hw8_two_tanks_sfun_registry.obj
 0004:000004ec       $pdata$ssGetZcSignalIsZcElementDisc 00000001800364ec     hw8_two_tanks_sfun_registry.obj
 0004:000004f8       $pdata$ssGetIsInputPortElementContinuous 00000001800364f8     hw8_two_tanks_sfun_registry.obj
 0004:00000504       $pdata$ssGetDTypeIdFromMxArray 0000000180036504     hw8_two_tanks_sfun_registry.obj
 0004:00000510       $pdata$ssWriteRTWStr       0000000180036510     hw8_two_tanks_sfun_registry.obj
 0004:0000051c       $pdata$ssWriteRTWNameValuePair 000000018003651c     hw8_two_tanks_sfun_registry.obj
 0004:00000528       $pdata$ssWriteRTWParamSettings 0000000180036528     hw8_two_tanks_sfun_registry.obj
 0004:00000534       $pdata$ssWriteRTWParameters 0000000180036534     hw8_two_tanks_sfun_registry.obj
 0004:00000540       $pdata$ssWriteRTWWorkVect  0000000180036540     hw8_two_tanks_sfun_registry.obj
 0004:0000054c       $pdata$ssWriteRTWMxVectParam 000000018003654c     hw8_two_tanks_sfun_registry.obj
 0004:00000558       $pdata$ssWriteRTWMx2dMatParam 0000000180036558     hw8_two_tanks_sfun_registry.obj
 0004:00000564       $pdata$_ssSetInputPortMatrixDimensions 0000000180036564     hw8_two_tanks_sfun_registry.obj
 0004:00000570       $pdata$_ssSetOutputPortMatrixDimensions 0000000180036570     hw8_two_tanks_sfun_registry.obj
 0004:0000057c       $pdata$_ssSetInputPortVectorDimension 000000018003657c     hw8_two_tanks_sfun_registry.obj
 0004:00000588       $pdata$_ssSetOutputPortVectorDimension 0000000180036588     hw8_two_tanks_sfun_registry.obj
 0004:00000594       $pdata$ssIsRunTimeParamTunable 0000000180036594     hw8_two_tanks_sfun_registry.obj
 0004:000005a0       $pdata$ssGetSFuncBlockHandle 00000001800365a0     hw8_two_tanks_sfun_registry.obj
 0004:000005ac       $pdata$_ssGetCurrentInputPortWidth 00000001800365ac     hw8_two_tanks_sfun_registry.obj
 0004:000005b8       $pdata$_ssGetCurrentOutputPortWidth 00000001800365b8     hw8_two_tanks_sfun_registry.obj
 0004:000005c4       $pdata$_ssGetCallSystemNumFcnCallDestinations 00000001800365c4     hw8_two_tanks_sfun_registry.obj
 0004:000005d0       $pdata$ssWarning           00000001800365d0     hw8_two_tanks_sfun_registry.obj
 0004:000005dc       $pdata$_ssGetAbsTol        00000001800365dc     hw8_two_tanks_sfun_registry.obj
 0004:000005e8       $pdata$sf_process_check_sum_call 00000001800365e8     hw8_two_tanks_sfun_registry.obj
 0004:000005f4       $pdata$sf_process_autoinheritance_call 00000001800365f4     hw8_two_tanks_sfun_registry.obj
 0004:00000600       $pdata$sf_process_get_third_party_uses_info_call 0000000180036600     hw8_two_tanks_sfun_registry.obj
 0004:0000060c       $pdata$sf_process_get_updateBuildInfo_args_info_call 000000018003660c     hw8_two_tanks_sfun_registry.obj
 0004:00000618       $pdata$sf_process_get_eml_resolved_functions_info_call 0000000180036618     hw8_two_tanks_sfun_registry.obj
 0004:00000624       $pdata$sf_mex_unlock_call  0000000180036624     hw8_two_tanks_sfun_registry.obj
 0004:00000630       $pdata$sf_debug_api_wrapper 0000000180036630     hw8_two_tanks_sfun_registry.obj
 0004:0000063c       $pdata$ProcessMexSfunctionCmdLineCall 000000018003663c     hw8_two_tanks_sfun_registry.obj
 0004:00000648       $pdata$sf_machine_global_initializer_called 0000000180036648     hw8_two_tanks_sfun_registry.obj
 0004:00000654       $pdata$sf_machine_global_method_dispatcher 0000000180036654     hw8_two_tanks_sfun_registry.obj
 0004:00000660       $pdata$sf_machine_global_terminator 0000000180036660     hw8_two_tanks_sfun_registry.obj
 0004:0000066c       $pdata$sf_register_machine_exported_symbols 000000018003666c     hw8_two_tanks_sfun_registry.obj
 0004:00000678       $pdata$sf_machine_global_initializer 0000000180036678     hw8_two_tanks_sfun_registry.obj
 0004:00000684       $pdata$getChartInfoFromSimStruct 0000000180036684     hw8_two_tanks_sfun_registry.obj
 0004:00000690       $pdata$mdlGetSimState      0000000180036690     hw8_two_tanks_sfun_registry.obj
 0004:0000069c       $pdata$mdlSetSimState      000000018003669c     hw8_two_tanks_sfun_registry.obj
 0004:000006a8       $pdata$mdlSetWorkWidths    00000001800366a8     hw8_two_tanks_sfun_registry.obj
 0004:000006b4       $pdata$mdlProcessParameters 00000001800366b4     hw8_two_tanks_sfun_registry.obj
 0004:000006c0       $pdata$mdl_start_processing 00000001800366c0     hw8_two_tanks_sfun_registry.obj
 0004:000006cc       $pdata$mdl_terminate_processing 00000001800366cc     hw8_two_tanks_sfun_registry.obj
 0004:000006d8       $pdata$mdlStart            00000001800366d8     hw8_two_tanks_sfun_registry.obj
 0004:000006e4       $pdata$mdlTerminate        00000001800366e4     hw8_two_tanks_sfun_registry.obj
 0004:000006f0       $pdata$mdlInitializeSizes  00000001800366f0     hw8_two_tanks_sfun_registry.obj
 0004:000006fc       $pdata$mdlInitializeSampleTimes 00000001800366fc     hw8_two_tanks_sfun_registry.obj
 0004:00000708       $pdata$mdl_outputs_continuous_legacy 0000000180036708     hw8_two_tanks_sfun_registry.obj
 0004:00000714       $pdata$mdl_outputs_processing 0000000180036714     hw8_two_tanks_sfun_registry.obj
 0004:00000720       $pdata$mdl_zeroCrossings_processing 0000000180036720     hw8_two_tanks_sfun_registry.obj
 0004:0000072c       $pdata$mdlZeroCrossings    000000018003672c     hw8_two_tanks_sfun_registry.obj
 0004:00000738       $pdata$mdl_derivatives_processing 0000000180036738     hw8_two_tanks_sfun_registry.obj
 0004:00000744       $pdata$mdlDerivatives      0000000180036744     hw8_two_tanks_sfun_registry.obj
 0004:00000750       $pdata$mdl_initialize_conditions_processing 0000000180036750     hw8_two_tanks_sfun_registry.obj
 0004:0000075c       $pdata$mdlInitializeConditions 000000018003675c     hw8_two_tanks_sfun_registry.obj
 0004:00000768       $pdata$mdl_ext_mode_exec_processing 0000000180036768     hw8_two_tanks_sfun_registry.obj
 0004:00000774       $pdata$mdlExtModeExec      0000000180036774     hw8_two_tanks_sfun_registry.obj
 0004:00000780       $pdata$mdlRTW              0000000180036780     hw8_two_tanks_sfun_registry.obj
 0004:0000078c       $pdata$mdl_enable_processing 000000018003678c     hw8_two_tanks_sfun_registry.obj
 0004:00000798       $pdata$mdlEnable           0000000180036798     hw8_two_tanks_sfun_registry.obj
 0004:000007a4       $pdata$mdl_disable_processing 00000001800367a4     hw8_two_tanks_sfun_registry.obj
 0004:000007b0       $pdata$mdlDisable          00000001800367b0     hw8_two_tanks_sfun_registry.obj
 0004:000007bc       $pdata$mdlOutputs          00000001800367bc     hw8_two_tanks_sfun_registry.obj
 0004:000007c8       $pdata$ProcessMexSfunctionEveryCall 00000001800367c8     hw8_two_tanks_sfun_registry.obj
 0004:000007d4       $pdata$_RegNumInputPortsCB 00000001800367d4     hw8_two_tanks_sfun_registry.obj
 0004:000007e0       $pdata$_RegNumOutputPortsCB 00000001800367e0     hw8_two_tanks_sfun_registry.obj
 0004:000007ec       $pdata$_CreateSimStruct    00000001800367ec     hw8_two_tanks_sfun_registry.obj
 0004:000007f8       $pdata$_ssFatalError       00000001800367f8     hw8_two_tanks_sfun_registry.obj
 0004:00000804       $pdata$_ProcessMexSfunctionCmdLineCall 0000000180036804     hw8_two_tanks_sfun_registry.obj
 0004:00000810       $pdata$__raise_securityfailure 0000000180036810     MSVCRT:gs_report.obj
 0004:0000081c       $pdata$__report_gsfailure  000000018003681c     MSVCRT:gs_report.obj
 0004:00000828       $pdata$__report_rangecheckfailure 0000000180036828     MSVCRT:gs_report.obj
 0004:00000834       $pdata$__report_securityfailure 0000000180036834     MSVCRT:gs_report.obj
 0004:00000840       $pdata$__report_securityfailureEx 0000000180036840     MSVCRT:gs_report.obj
 0004:0000084c       $pdata$__GSHandlerCheck    000000018003684c     MSVCRT:gshandler.obj
 0004:00000858       $pdata$__GSHandlerCheckCommon 0000000180036858     MSVCRT:gshandler.obj
 0004:00000870       $pdata$pre_c_init          0000000180036870     MSVCRT:crtdll.obj
 0004:0000087c       $pdata$_CRT_INIT           000000018003687c     MSVCRT:crtdll.obj
 0004:00000888       $pdata$_DllMainCRTStartup  0000000180036888     MSVCRT:crtdll.obj
 0004:00000894       $pdata$__DllMainCRTStartup 0000000180036894     MSVCRT:crtdll.obj
 0004:000008a0       $pdata$_IsNonwritableInCurrentImage 00000001800368a0     MSVCRT:pesect.obj
 0004:000008ac       $pdata$__atonexitinit      00000001800368ac     MSVCRT:atonexit.obj
 0004:000008b8       $pdata$_onexit             00000001800368b8     MSVCRT:atonexit.obj
 0004:000008c4       $pdata$atexit              00000001800368c4     MSVCRT:atonexit.obj
 0004:000008d0       $pdata$__security_init_cookie 00000001800368d0     MSVCRT:gs_support.obj
 0004:000008dc       $pdata$DllMain             00000001800368dc     MSVCRT:dllmain.obj
 0004:000008e8       $pdata$_RTC_Initialize     00000001800368e8     MSVCRT:initsect.obj
 0004:000008f4       $pdata$_RTC_Terminate      00000001800368f4     MSVCRT:initsect.obj
 0004:00000900       $pdata$__DllMainCRTStartup$filt$0 0000000180036900     MSVCRT:crtdll.obj
 0004:0000090c       $pdata$__DllMainCRTStartup$fin$1 000000018003690c     MSVCRT:crtdll.obj
 0004:00000918       $pdata$_IsNonwritableInCurrentImage$filt$0 0000000180036918     MSVCRT:pesect.obj
 0004:00000924       $pdata$_onexit$fin$0       0000000180036924     MSVCRT:atonexit.obj
