 hw8_two_tanks_sfun

 Timestamp is 546bf2a9 (Tue Nov 18 19:30:17 2014)

 Preferred load address is 0000000180000000

 Start         Length     Name                   Class
 0001:00000000 0002ea7eH .text                   CODE
 0001:0002ea80 0000007bH .text$x                 CODE
 0002:00000000 00000480H .idata$5                DATA
 0002:00000480 00000008H .CRT$XCA                DATA
 0002:00000488 00000008H .CRT$XCZ                DATA
 0002:00000490 00000008H .CRT$XIA                DATA
 0002:00000498 00000008H .CRT$XIAA               DATA
 0002:000004a0 00000008H .CRT$XIC                DATA
 0002:000004a8 00000008H .CRT$XIZ                DATA
 0002:000004b0 00000750H .rdata                  DATA
 0002:00000c00 00000008H .rtc$IAA                DATA
 0002:00000c08 00000008H .rtc$IZZ                DATA
 0002:00000c10 00000008H .rtc$TAA                DATA
 0002:00000c18 00000008H .rtc$TZZ                DATA
 0002:00000c20 00000774H .xdata                  DATA
 0002:00001394 0000008cH .idata$2                DATA
 0002:00001420 00000014H .idata$3                DATA
 0002:00001438 00000480H .idata$4                DATA
 0002:000018b8 00000cb4H .idata$6                DATA
 0002:00002570 00000058H .edata                  DATA
 0003:00000000 00003478H .data                   DATA
 0003:00003480 000006c8H .bss                    DATA
 0004:00000000 00000930H .pdata                  DATA

  Address         Publics by Value              Rva+Base               Lib:Object

 0000:00000000       ___safe_se_handler_table   0000000000000000     <absolute>
 0000:00000000       ___safe_se_handler_count   0000000000000000     <absolute>
 0000:00000000       __ImageBase                0000000180000000     <linker-defined>
 0001:00000000       hw8_two_tanks_initializer  0000000180001000 f   hw8_two_tanks_sfun.obj
 0001:00000010       hw8_two_tanks_terminator   0000000180001010 f   hw8_two_tanks_sfun.obj
 0001:00000020       load_hw8_two_tanks_optimization_info 0000000180001020 f   hw8_two_tanks_sfun.obj
 0001:00000070       unload_hw8_two_tanks_optimization_info 0000000180001070 f   hw8_two_tanks_sfun.obj
 0001:000000a0       sf_hw8_two_tanks_method_dispatcher 00000001800010a0 f   hw8_two_tanks_sfun.obj
 0001:000000f0       sf_hw8_two_tanks_process_check_sum_call 00000001800010f0 f   hw8_two_tanks_sfun.obj
 0001:00000770       sf_hw8_two_tanks_autoinheritance_info 0000000180001770 f   hw8_two_tanks_sfun.obj
 0001:00000950       sf_hw8_two_tanks_get_eml_resolved_functions_info 0000000180001950 f   hw8_two_tanks_sfun.obj
 0001:00000ad0       sf_hw8_two_tanks_third_party_uses_info 0000000180001ad0 f   hw8_two_tanks_sfun.obj
 0001:00000ca0       sf_hw8_two_tanks_updateBuildInfo_args_info 0000000180001ca0 f   hw8_two_tanks_sfun.obj
 0001:00000e70       hw8_two_tanks_debug_initialize 0000000180001e70 f   hw8_two_tanks_sfun.obj
 0001:00000ef0       hw8_two_tanks_register_exported_symbols 0000000180001ef0 f   hw8_two_tanks_sfun.obj
 0001:00000f00       sf_c3_hw8_two_tanks_get_eml_resolved_functions_info 0000000180001f00 f   c3_hw8_two_tanks.obj
 0001:00000f70       sf_c3_hw8_two_tanks_get_check_sum 0000000180001f70 f   c3_hw8_two_tanks.obj
 0001:00001040       c3_hw8_two_tanks_method_dispatcher 0000000180002040 f   c3_hw8_two_tanks.obj
 0001:000215e0       sf_c3_hw8_two_tanks_get_autoinheritance_info 00000001800225e0 f   c3_hw8_two_tanks.obj
 0001:00022630       sf_c3_hw8_two_tanks_third_party_uses_info 0000000180023630 f   c3_hw8_two_tanks.obj
 0001:00022660       sf_c3_hw8_two_tanks_updateBuildInfo_args_info 0000000180023660 f   c3_hw8_two_tanks.obj
 0001:00026850       sf_internal_get_sim_state_c3_hw8_two_tanks 0000000180027850 f   c3_hw8_two_tanks.obj
 0001:000269b0       sf_internal_set_sim_state_c3_hw8_two_tanks 00000001800279b0 f   c3_hw8_two_tanks.obj
 0001:00027500       mexFunction                0000000180028500 f   hw8_two_tanks_sfun_registry.obj
 0001:000286a0       _ssSetInputPortDirectFeedThroughFcn 00000001800296a0 f   hw8_two_tanks_sfun_registry.obj
 0001:00028800       _ssGetInputPortSignalPtrsFcn 0000000180029800 f   hw8_two_tanks_sfun_registry.obj
 0001:00028a20       _ssGetInputPortSignalFcn   0000000180029a20 f   hw8_two_tanks_sfun_registry.obj
 0001:00028c40       _ssSetInputPortReusableFcn 0000000180029c40 f   hw8_two_tanks_sfun_registry.obj
 0001:00028d20       _ssSetOutputPortReusableFcn 0000000180029d20 f   hw8_two_tanks_sfun_registry.obj
 0001:00028e00       ssGetIsZeroCrossControlDisabled 0000000180029e00 f   hw8_two_tanks_sfun_registry.obj
 0001:00028e70       ssSetIsInputPortUsedForContZcSignal 0000000180029e70 f   hw8_two_tanks_sfun_registry.obj
 0001:00028ee0       ssSetZcSignalIsZcElementDisc 0000000180029ee0 f   hw8_two_tanks_sfun_registry.obj
 0001:00028f90       ssSetZcSignalName          0000000180029f90 f   hw8_two_tanks_sfun_registry.obj
 0001:00029000       ssSetZcSignalWidth         000000018002a000 f   hw8_two_tanks_sfun_registry.obj
 0001:00029070       ssSetZcSignalZcEventType   000000018002a070 f   hw8_two_tanks_sfun_registry.obj
 0001:000290e0       ssSetZcSignalType          000000018002a0e0 f   hw8_two_tanks_sfun_registry.obj
 0001:00029150       ssSetZcSignalZcTol         000000018002a150 f   hw8_two_tanks_sfun_registry.obj
 0001:000291c0       ssSetZcSignalNeedsEventNotification 000000018002a1c0 f   hw8_two_tanks_sfun_registry.obj
 0001:00029230       ssCreateAndAddZcSignalInfo 000000018002a230 f   hw8_two_tanks_sfun_registry.obj
 0001:000292a0       ssCloneAndAddZcSignalInfo  000000018002a2a0 f   hw8_two_tanks_sfun_registry.obj
 0001:00029310       ssGetNumZcSignals          000000018002a310 f   hw8_two_tanks_sfun_registry.obj
 0001:00029380       ssGetZcSignalVector        000000018002a380 f   hw8_two_tanks_sfun_registry.obj
 0001:000293f0       ssGetZcSignalName          000000018002a3f0 f   hw8_two_tanks_sfun_registry.obj
 0001:00029460       ssGetZcSignalWidth         000000018002a460 f   hw8_two_tanks_sfun_registry.obj
 0001:000294d0       ssGetZcSignalZcEventType   000000018002a4d0 f   hw8_two_tanks_sfun_registry.obj
 0001:00029540       ssGetZcSignalZcEvents      000000018002a540 f   hw8_two_tanks_sfun_registry.obj
 0001:000295b0       ssGetZcSignalType          000000018002a5b0 f   hw8_two_tanks_sfun_registry.obj
 0001:00029620       ssGetZcSignalZcTol         000000018002a620 f   hw8_two_tanks_sfun_registry.obj
 0001:000296a0       ssGetZcSignalNeedsEventNotification 000000018002a6a0 f   hw8_two_tanks_sfun_registry.obj
 0001:00029710       ssGetZcSignalIsZcElementDisc 000000018002a710 f   hw8_two_tanks_sfun_registry.obj
 0001:000297b0       ssGetIsInputPortElementContinuous 000000018002a7b0 f   hw8_two_tanks_sfun_registry.obj
 0001:00029850       ssGetDTypeIdFromMxArray    000000018002a850 f   hw8_two_tanks_sfun_registry.obj
 0001:00029970       ssWriteRTWStr              000000018002a970 f   hw8_two_tanks_sfun_registry.obj
 0001:000299d0       ssWriteRTWNameValuePair    000000018002a9d0 f   hw8_two_tanks_sfun_registry.obj
 0001:00029ed0       ssWriteRTWParamSettings    000000018002aed0 f   hw8_two_tanks_sfun_registry.obj
 0001:0002a5c0       ssWriteRTWParameters       000000018002b5c0 f   hw8_two_tanks_sfun_registry.obj
 0001:0002ab90       ssWriteRTWWorkVect         000000018002bb90 f   hw8_two_tanks_sfun_registry.obj
 0001:0002b080       ssWriteRTWMxVectParam      000000018002c080 f   hw8_two_tanks_sfun_registry.obj
 0001:0002b100       ssWriteRTWMx2dMatParam     000000018002c100 f   hw8_two_tanks_sfun_registry.obj
 0001:0002b190       _ssSetInputPortMatrixDimensions 000000018002c190 f   hw8_two_tanks_sfun_registry.obj
 0001:0002b290       _ssSetOutputPortMatrixDimensions 000000018002c290 f   hw8_two_tanks_sfun_registry.obj
 0001:0002b390       _ssSetInputPortVectorDimension 000000018002c390 f   hw8_two_tanks_sfun_registry.obj
 0001:0002b440       _ssSetOutputPortVectorDimension 000000018002c440 f   hw8_two_tanks_sfun_registry.obj
 0001:0002b4f0       ssIsRunTimeParamTunable    000000018002c4f0 f   hw8_two_tanks_sfun_registry.obj
 0001:0002b560       ssGetSFuncBlockHandle      000000018002c560 f   hw8_two_tanks_sfun_registry.obj
 0001:0002b5d0       _ssGetCurrentInputPortWidth 000000018002c5d0 f   hw8_two_tanks_sfun_registry.obj
 0001:0002b6f0       _ssGetCurrentOutputPortWidth 000000018002c6f0 f   hw8_two_tanks_sfun_registry.obj
 0001:0002b810       _ssGetCallSystemNumFcnCallDestinations 000000018002c810 f   hw8_two_tanks_sfun_registry.obj
 0001:0002b880       ssWarning                  000000018002c880 f   hw8_two_tanks_sfun_registry.obj
 0001:0002b970       _ssGetAbsTol               000000018002c970 f   hw8_two_tanks_sfun_registry.obj
 0001:0002b9e0       _ssSetStateAbsTol          000000018002c9e0 f   hw8_two_tanks_sfun_registry.obj
 0001:0002bac0       sf_process_check_sum_call  000000018002cac0 f   hw8_two_tanks_sfun_registry.obj
 0001:0002bb10       sf_process_autoinheritance_call 000000018002cb10 f   hw8_two_tanks_sfun_registry.obj
 0001:0002bd40       sf_process_get_third_party_uses_info_call 000000018002cd40 f   hw8_two_tanks_sfun_registry.obj
 0001:0002bf70       sf_process_get_updateBuildInfo_args_info_call 000000018002cf70 f   hw8_two_tanks_sfun_registry.obj
 0001:0002c1a0       sf_process_get_eml_resolved_functions_info_call 000000018002d1a0 f   hw8_two_tanks_sfun_registry.obj
 0001:0002c3a0       sf_mex_unlock_call         000000018002d3a0 f   hw8_two_tanks_sfun_registry.obj
 0001:0002c610       sf_machine_global_initializer_called 000000018002d610 f   hw8_two_tanks_sfun_registry.obj
 0001:0002c640       sf_machine_global_method_dispatcher 000000018002d640 f   hw8_two_tanks_sfun_registry.obj
 0001:0002c6a0       sf_machine_global_terminator 000000018002d6a0 f   hw8_two_tanks_sfun_registry.obj
 0001:0002c6f0       sf_register_machine_exported_symbols 000000018002d6f0 f   hw8_two_tanks_sfun_registry.obj
 0001:0002c710       callCustomFcn              000000018002d710 f   hw8_two_tanks_sfun_registry.obj
 0001:0002c720       sf_machine_global_initializer 000000018002d720 f   hw8_two_tanks_sfun_registry.obj
 0001:0002c7e0       mdlGetSimState             000000018002d7e0 f   hw8_two_tanks_sfun_registry.obj
 0001:0002c820       mdlSetSimState             000000018002d820 f   hw8_two_tanks_sfun_registry.obj
 0001:0002cfc0       ProcessMexSfunctionEveryCall 000000018002dfc0 f   hw8_two_tanks_sfun_registry.obj
 0001:0002dc34       sf_load_rtw_optimization_info 000000018002ec34 f   sf_runtime:sf_runtime.dll
 0001:0002dc3a       sf_debug_initialize_machine 000000018002ec3a f   sf_runtime:sf_runtime.dll
 0001:0002dc40       sf_debug_set_machine_event_thresholds 000000018002ec40 f   sf_runtime:sf_runtime.dll
 0001:0002dc46       sf_debug_set_machine_data_thresholds 000000018002ec46 f   sf_runtime:sf_runtime.dll
 0001:0002dc4c       sf_rtw_info_uint_prop      000000018002ec4c f   sf_runtime:sf_runtime.dll
 0001:0002dc52       sf_update_buildInfo        000000018002ec52 f   sf_runtime:sf_runtime.dll
 0001:0002dc58       sf_is_chart_inlinable      000000018002ec58 f   sf_runtime:sf_runtime.dll
 0001:0002dc5e       sf_mark_chart_reusable_outputs 000000018002ec5e f   sf_runtime:sf_runtime.dll
 0001:0002dc64       sf_mark_chart_expressionable_inputs 000000018002ec64 f   sf_runtime:sf_runtime.dll
 0001:0002dc6a       sim_mode_is_rtw_gen        000000018002ec6a f   sf_runtime:sf_runtime.dll
 0001:0002dc70       sim_mode_is_external       000000018002ec70 f   sf_runtime:sf_runtime.dll
 0001:0002dc76       sf_clear_rtw_identifier    000000018002ec76 f   sf_runtime:sf_runtime.dll
 0001:0002dc7c       sf_set_rtw_dwork_info      000000018002ec7c f   sf_runtime:sf_runtime.dll
 0001:0002dc82       sf_get_time                000000018002ec82 f   sf_runtime:sf_runtime.dll
 0001:0002dc88       sf_mex_printf              000000018002ec88 f   sf_runtime:sf_runtime.dll
 0001:0002dc8e       sf_mex_call_matlab         000000018002ec8e f   sf_runtime:sf_runtime.dll
 0001:0002dc94       sf_mex_call_debug          000000018002ec94 f   sf_runtime:sf_runtime.dll
 0001:0002dc9a       sf_mex_error_message       000000018002ec9a f   sf_runtime:sf_runtime.dll
 0001:0002dca0       sf_mex_addfield            000000018002eca0 f   sf_runtime:sf_runtime.dll
 0001:0002dca6       sf_mex_createstruct        000000018002eca6 f   sf_runtime:sf_runtime.dll
 0001:0002dcac       sf_mex_create              000000018002ecac f   sf_runtime:sf_runtime.dll
 0001:0002dcb2       sf_mex_createcellmatrix    000000018002ecb2 f   sf_runtime:sf_runtime.dll
 0001:0002dcb8       sf_mex_setcell             000000018002ecb8 f   sf_runtime:sf_runtime.dll
 0001:0002dcbe       sf_mex_getcell             000000018002ecbe f   sf_runtime:sf_runtime.dll
 0001:0002dcc4       sf_mex_assign              000000018002ecc4 f   sf_runtime:sf_runtime.dll
 0001:0002dcca       sf_mex_dup                 000000018002ecca f   sf_runtime:sf_runtime.dll
 0001:0002dcd0       sf_mex_destroy             000000018002ecd0 f   sf_runtime:sf_runtime.dll
 0001:0002dcd6       sf_mex_import              000000018002ecd6 f   sf_runtime:sf_runtime.dll
 0001:0002dcdc       sf_mex_decode_encoded_mx_struct_array 000000018002ecdc f   sf_runtime:sf_runtime.dll
 0001:0002dce2       sf_mex_duplicatearraysafe  000000018002ece2 f   sf_runtime:sf_runtime.dll
 0001:0002dce8       sf_mex_emlrtNameCapturePostProcessR2012a 000000018002ece8 f   sf_runtime:sf_runtime.dll
 0001:0002dcee       sf_debug_initialize_chart  000000018002ecee f   sf_runtime:sf_runtime.dll
 0001:0002dcf4       sf_debug_call              000000018002ecf4 f   sf_runtime:sf_runtime.dll
 0001:0002dcfa       eml_debug_line_call        000000018002ecfa f   sf_runtime:sf_runtime.dll
 0001:0002dd00       cv_eval_point              000000018002ed00 f   sf_runtime:sf_runtime.dll
 0001:0002dd06       cv_eml_eval                000000018002ed06 f   sf_runtime:sf_runtime.dll
 0001:0002dd0c       cv_eml_init_script         000000018002ed0c f   sf_runtime:sf_runtime.dll
 0001:0002dd12       cv_eml_init_fcn            000000018002ed12 f   sf_runtime:sf_runtime.dll
 0001:0002dd18       cv_eml_init_if             000000018002ed18 f   sf_runtime:sf_runtime.dll
 0001:0002dd1e       cv_eml_init_mcdc           000000018002ed1e f   sf_runtime:sf_runtime.dll
 0001:0002dd24       sf_debug_reset_current_state_configuration 000000018002ed24 f   sf_runtime:sf_runtime.dll
 0001:0002dd2a       sf_debug_check_for_state_inconsistency 000000018002ed2a f   sf_runtime:sf_runtime.dll
 0001:0002dd30       sf_debug_set_honor_breakpoints 000000018002ed30 f   sf_runtime:sf_runtime.dll
 0001:0002dd36       sf_debug_get_animation     000000018002ed36 f   sf_runtime:sf_runtime.dll
 0001:0002dd3c       sf_debug_set_animation     000000018002ed3c f   sf_runtime:sf_runtime.dll
 0001:0002dd42       sf_debug_animate           000000018002ed42 f   sf_runtime:sf_runtime.dll
 0001:0002dd48       sf_debug_set_chart_data_props 000000018002ed48 f   sf_runtime:sf_runtime.dll
 0001:0002dd4e       sf_debug_set_chart_data_compiled_props 000000018002ed4e f   sf_runtime:sf_runtime.dll
 0001:0002dd54       sf_debug_symbol_scope_push 000000018002ed54 f   sf_runtime:sf_runtime.dll
 0001:0002dd5a       sf_debug_symbol_scope_push_eml 000000018002ed5a f   sf_runtime:sf_runtime.dll
 0001:0002dd60       sf_debug_symbol_scope_pop  000000018002ed60 f   sf_runtime:sf_runtime.dll
 0001:0002dd66       sf_debug_symbol_scope_add_eml_importable 000000018002ed66 f   sf_runtime:sf_runtime.dll
 0001:0002dd6c       sf_debug_set_instance_data_value_ptr 000000018002ed6c f   sf_runtime:sf_runtime.dll
 0001:0002dd72       sf_debug_set_chart_disable_implicit_casting 000000018002ed72 f   sf_runtime:sf_runtime.dll
 0001:0002dd78       sf_debug_set_chart_event_thresholds 000000018002ed78 f   sf_runtime:sf_runtime.dll
 0001:0002dd7e       sf_debug_set_chart_state_info 000000018002ed7e f   sf_runtime:sf_runtime.dll
 0001:0002dd84       sf_debug_set_chart_decomposition 000000018002ed84 f   sf_runtime:sf_runtime.dll
 0001:0002dd8a       sf_debug_set_chart_substate_count 000000018002ed8a f   sf_runtime:sf_runtime.dll
 0001:0002dd90       sf_debug_set_chart_substate_index 000000018002ed90 f   sf_runtime:sf_runtime.dll
 0001:0002dd96       sf_debug_set_chart_state_substate_count 000000018002ed96 f   sf_runtime:sf_runtime.dll
 0001:0002dd9c       sf_debug_read_before_write_check 000000018002ed9c f   sf_runtime:sf_runtime.dll
 0001:0002dda2       sf_debug_eml_data_array_bounds_error_check 000000018002eda2 f   sf_runtime:sf_runtime.dll
 0001:0002dda8       sf_debug_data_range_wrapper 000000018002eda8 f   sf_runtime:sf_runtime.dll
 0001:0002ddae       sf_debug_cv_init_trans     000000018002edae f   sf_runtime:sf_runtime.dll
 0001:0002ddb4       sf_debug_cv_init_chart     000000018002edb4 f   sf_runtime:sf_runtime.dll
 0001:0002ddba       sf_debug_cv_init_state     000000018002edba f   sf_runtime:sf_runtime.dll
 0001:0002ddc0       callMdlMethodAndReportError 000000018002edc0 f   sf_runtime:sf_runtime.dll
 0001:0002ddc6       call_sf_machine_global_method_dispatcher 000000018002edc6 f   sf_runtime:sf_runtime.dll
 0001:0002ddcc       sf_mex_error_direct_call   000000018002edcc f   sf_runtime:sf_runtime.dll
 0001:0002ddd2       sf_clear_error_manager_info 000000018002edd2 f   sf_runtime:sf_runtime.dll
 0001:0002ddd8       sf_debug_create_debug_instance_struct 000000018002edd8 f   sf_runtime:sf_runtime.dll
 0001:0002ddde       sf_debug_terminate         000000018002edde f   sf_runtime:sf_runtime.dll
 0001:0002dde4       sf_debug_api               000000018002ede4 f   sf_runtime:sf_runtime.dll
 0001:0002ddea       mxIsChar                   000000018002edea f   libmx:libmx.dll
 0001:0002ddf0       mxGetPr                    000000018002edf0 f   libmx:libmx.dll
 0001:0002ddf6       mxGetScalar                000000018002edf6 f   libmx:libmx.dll
 0001:0002ddfc       mxDestroyArray             000000018002edfc f   libmx:libmx.dll
 0001:0002de02       mxCreateDoubleMatrix_730   000000018002ee02 f   libmx:libmx.dll
 0001:0002de08       mxGetString_730            000000018002ee08 f   libmx:libmx.dll
 0001:0002de0e       mxDuplicateArray           000000018002ee0e f   libmx:libmx.dll
 0001:0002de14       mxSetField_730             000000018002ee14 f   libmx:libmx.dll
 0001:0002de1a       mxCreateDoubleScalar       000000018002ee1a f   libmx:libmx.dll
 0001:0002de20       mxCreateString             000000018002ee20 f   libmx:libmx.dll
 0001:0002de26       mxCreateCellMatrix_730     000000018002ee26 f   libmx:libmx.dll
 0001:0002de2c       mxCreateStructMatrix_730   000000018002ee2c f   libmx:libmx.dll
 0001:0002de32       mxCalloc                   000000018002ee32 f   libmx:libmx.dll
 0001:0002de38       mxGetM                     000000018002ee38 f   libmx:libmx.dll
 0001:0002de3e       mxGetClassID               000000018002ee3e f   libmx:libmx.dll
 0001:0002de44       mxIsNumeric                000000018002ee44 f   libmx:libmx.dll
 0001:0002de4a       mxIsComplex                000000018002ee4a f   libmx:libmx.dll
 0001:0002de50       mxGetN                     000000018002ee50 f   libmx:libmx.dll
 0001:0002de56       mexMakeArrayPersistent     000000018002ee56 f   libmex:libmex.dll
 0001:0002de5c       mexErrMsgTxt               000000018002ee5c f   libmex:libmex.dll
 0001:0002de62       mexWarnMsgTxt              000000018002ee62 f   libmex:libmex.dll
 0001:0002de68       mexCallMATLAB              000000018002ee68 f   libmex:libmex.dll
 0001:0002de6e       mexLock                    000000018002ee6e f   libmex:libmex.dll
 0001:0002de74       mexUnlock                  000000018002ee74 f   libmex:libmex.dll
 0001:0002de7a       mexIsLocked                000000018002ee7a f   libmex:libmex.dll
 0001:0002de80       utMalloc                   000000018002ee80 f   libut:libut.dll
 0001:0002de86       utFree                     000000018002ee86 f   libut:libut.dll
 0001:0002de8c       muDoubleScalarAbs          000000018002ee8c f   libmwmathutil:libmwmathutil.dll
 0001:0002de92       muDoubleScalarSign         000000018002ee92 f   libmwmathutil:libmwmathutil.dll
 0001:0002de98       muDoubleScalarSqrt         000000018002ee98 f   libmwmathutil:libmwmathutil.dll
 0001:0002dea0       __raise_securityfailure    000000018002eea0 f   MSVCRT:gs_report.obj
 0001:0002deec       __report_gsfailure         000000018002eeec f   MSVCRT:gs_report.obj
 0001:0002dfc0       __report_rangecheckfailure 000000018002efc0 f   MSVCRT:gs_report.obj
 0001:0002dfd4       __report_securityfailure   000000018002efd4 f   MSVCRT:gs_report.obj
 0001:0002e070       __report_securityfailureEx 000000018002f070 f   MSVCRT:gs_report.obj
 0001:0002e17e       strcmp                     000000018002f17e f   MSVCRT:MSVCR110.dll
 0001:0002e184       __GSHandlerCheck           000000018002f184 f   MSVCRT:gshandler.obj
 0001:0002e1a4       __GSHandlerCheckCommon     000000018002f1a4 f   MSVCRT:gshandler.obj
 0001:0002e220       __security_check_cookie    000000018002f220 f   MSVCRT:amdsecgs.obj
 0001:0002e240       memset                     000000018002f240 f   MSVCRT:MSVCR110.dll
 0001:0002e246       strlen                     000000018002f246 f   MSVCRT:MSVCR110.dll
 0001:0002e24c       memcpy                     000000018002f24c f   MSVCRT:MSVCR110.dll
 0001:0002e252       strcat                     000000018002f252 f   MSVCRT:MSVCR110.dll
 0001:0002e258       sprintf                    000000018002f258 f   MSVCRT:MSVCR110.dll
 0001:0002e25e       free                       000000018002f25e f   MSVCRT:MSVCR110.dll
 0001:0002e264       malloc                     000000018002f264 f   MSVCRT:MSVCR110.dll
 0001:0002e2cc       NtCurrentTeb               000000018002f2cc f i MSVCRT:crtdll.obj
 0001:0002e2d8       _CRT_INIT                  000000018002f2d8 f   MSVCRT:crtdll.obj
 0001:0002e524       _DllMainCRTStartup         000000018002f524 f   MSVCRT:crtdll.obj
 0001:0002e69a       __crt_debugger_hook        000000018002f69a f   MSVCRT:MSVCR110.dll
 0001:0002e6a0       __crtUnhandledException    000000018002f6a0 f   MSVCRT:MSVCR110.dll
 0001:0002e6a6       __crtTerminateProcess      000000018002f6a6 f   MSVCRT:MSVCR110.dll
 0001:0002e6ac       __crtCaptureCurrentContext 000000018002f6ac f   MSVCRT:MSVCR110.dll
 0001:0002e6b2       __crtCapturePreviousContext 000000018002f6b2 f   MSVCRT:MSVCR110.dll
 0001:0002e6b8       __CppXcptFilter            000000018002f6b8 f   MSVCRT:MSVCR110.dll
 0001:0002e6be       _amsg_exit                 000000018002f6be f   MSVCRT:MSVCR110.dll
 0001:0002e6d0       _FindPESection             000000018002f6d0 f   MSVCRT:pesect.obj
 0001:0002e720       _IsNonwritableInCurrentImage 000000018002f720 f   MSVCRT:pesect.obj
 0001:0002e770       _ValidateImageBase         000000018002f770 f   MSVCRT:pesect.obj
 0001:0002e7a0       __atonexitinit             000000018002f7a0 f   MSVCRT:atonexit.obj
 0001:0002e7f0       _onexit                    000000018002f7f0 f   MSVCRT:atonexit.obj
 0001:0002e8a0       atexit                     000000018002f8a0 f   MSVCRT:atonexit.obj
 0001:0002e8b8       __security_init_cookie     000000018002f8b8 f   MSVCRT:gs_support.obj
 0001:0002e970       DllMain                    000000018002f970 f   MSVCRT:dllmain.obj
 0001:0002e994       _malloc_crt                000000018002f994 f   MSVCRT:MSVCR110.dll
 0001:0002e99c       _RTC_Initialize            000000018002f99c f   MSVCRT:initsect.obj
 0001:0002e9d4       _RTC_Terminate             000000018002f9d4 f   MSVCRT:initsect.obj
 0001:0002ea0c       _initterm                  000000018002fa0c f   MSVCRT:MSVCR110.dll
 0001:0002ea12       _initterm_e                000000018002fa12 f   MSVCRT:MSVCR110.dll
 0001:0002ea18       __clean_type_info_names    000000018002fa18 f   MSVCRT:tncleanup.obj
 0001:0002ea24       __C_specific_handler       000000018002fa24 f   MSVCRT:MSVCR110.dll
 0001:0002ea2a       _lock                      000000018002fa2a f   MSVCRT:MSVCR110.dll
 0001:0002ea30       _unlock                    000000018002fa30 f   MSVCRT:MSVCR110.dll
 0001:0002ea36       _calloc_crt                000000018002fa36 f   MSVCRT:MSVCR110.dll
 0001:0002ea3c       __dllonexit                000000018002fa3c f   MSVCRT:MSVCR110.dll
 0001:0002ea42       __clean_type_info_names_internal 000000018002fa42 f   MSVCRT:MSVCR110.dll
 0001:0002ea48       IsDebuggerPresent          000000018002fa48 f   kernel32:KERNEL32.dll
 0001:0002ea4e       IsProcessorFeaturePresent  000000018002fa4e f   kernel32:KERNEL32.dll
 0001:0002ea54       EncodePointer              000000018002fa54 f   kernel32:KERNEL32.dll
 0001:0002ea5a       DecodePointer              000000018002fa5a f   kernel32:KERNEL32.dll
 0001:0002ea60       QueryPerformanceCounter    000000018002fa60 f   kernel32:KERNEL32.dll
 0001:0002ea66       GetCurrentThreadId         000000018002fa66 f   kernel32:KERNEL32.dll
 0001:0002ea6c       GetSystemTimeAsFileTime    000000018002fa6c f   kernel32:KERNEL32.dll
 0001:0002ea72       GetTickCount64             000000018002fa72 f   kernel32:KERNEL32.dll
 0001:0002ea78       DisableThreadLibraryCalls  000000018002fa78 f   kernel32:KERNEL32.dll
 0002:00000000       __imp_GetTickCount64       0000000180030000     kernel32:KERNEL32.dll
 0002:00000008       __imp_GetSystemTimeAsFileTime 0000000180030008     kernel32:KERNEL32.dll
 0002:00000010       __imp_GetCurrentThreadId   0000000180030010     kernel32:KERNEL32.dll
 0002:00000018       __imp_QueryPerformanceCounter 0000000180030018     kernel32:KERNEL32.dll
 0002:00000020       __imp_DecodePointer        0000000180030020     kernel32:KERNEL32.dll
 0002:00000028       __imp_EncodePointer        0000000180030028     kernel32:KERNEL32.dll
 0002:00000030       __imp_IsProcessorFeaturePresent 0000000180030030     kernel32:KERNEL32.dll
 0002:00000038       __imp_IsDebuggerPresent    0000000180030038     kernel32:KERNEL32.dll
 0002:00000040       __imp_DisableThreadLibraryCalls 0000000180030040     kernel32:KERNEL32.dll
 0002:00000048       \177KERNEL32_NULL_THUNK_DATA 0000000180030048     kernel32:KERNEL32.dll
 0002:00000050       __imp___clean_type_info_names_internal 0000000180030050     MSVCRT:MSVCR110.dll
 0002:00000058       __imp__onexit              0000000180030058     MSVCRT:MSVCR110.dll
 0002:00000060       __imp___dllonexit          0000000180030060     MSVCRT:MSVCR110.dll
 0002:00000068       __imp__calloc_crt          0000000180030068     MSVCRT:MSVCR110.dll
 0002:00000070       __imp__unlock              0000000180030070     MSVCRT:MSVCR110.dll
 0002:00000078       __imp__lock                0000000180030078     MSVCRT:MSVCR110.dll
 0002:00000080       __imp___C_specific_handler 0000000180030080     MSVCRT:MSVCR110.dll
 0002:00000088       __imp__initterm_e          0000000180030088     MSVCRT:MSVCR110.dll
 0002:00000090       __imp__initterm            0000000180030090     MSVCRT:MSVCR110.dll
 0002:00000098       __imp__malloc_crt          0000000180030098     MSVCRT:MSVCR110.dll
 0002:000000a0       __imp__amsg_exit           00000001800300a0     MSVCRT:MSVCR110.dll
 0002:000000a8       __imp___CppXcptFilter      00000001800300a8     MSVCRT:MSVCR110.dll
 0002:000000b0       __imp___crtCapturePreviousContext 00000001800300b0     MSVCRT:MSVCR110.dll
 0002:000000b8       __imp___crtCaptureCurrentContext 00000001800300b8     MSVCRT:MSVCR110.dll
 0002:000000c0       __imp___crtTerminateProcess 00000001800300c0     MSVCRT:MSVCR110.dll
 0002:000000c8       __imp___crtUnhandledException 00000001800300c8     MSVCRT:MSVCR110.dll
 0002:000000d0       __imp___crt_debugger_hook  00000001800300d0     MSVCRT:MSVCR110.dll
 0002:000000d8       __imp_malloc               00000001800300d8     MSVCRT:MSVCR110.dll
 0002:000000e0       __imp_free                 00000001800300e0     MSVCRT:MSVCR110.dll
 0002:000000e8       __imp_sprintf              00000001800300e8     MSVCRT:MSVCR110.dll
 0002:000000f0       __imp_strcat               00000001800300f0     MSVCRT:MSVCR110.dll
 0002:000000f8       __imp_memcpy               00000001800300f8     MSVCRT:MSVCR110.dll
 0002:00000100       __imp_strlen               0000000180030100     MSVCRT:MSVCR110.dll
 0002:00000108       __imp_memset               0000000180030108     MSVCRT:MSVCR110.dll
 0002:00000110       __imp_strcmp               0000000180030110     MSVCRT:MSVCR110.dll
 0002:00000118       \177MSVCR110_NULL_THUNK_DATA 0000000180030118     MSVCRT:MSVCR110.dll
 0002:00000120       __imp_mexUnlock            0000000180030120     libmex:libmex.dll
 0002:00000128       __imp_mexErrMsgTxt         0000000180030128     libmex:libmex.dll
 0002:00000130       __imp_mexWarnMsgTxt        0000000180030130     libmex:libmex.dll
 0002:00000138       __imp_mexCallMATLAB        0000000180030138     libmex:libmex.dll
 0002:00000140       __imp_mexIsLocked          0000000180030140     libmex:libmex.dll
 0002:00000148       __imp_mexMakeArrayPersistent 0000000180030148     libmex:libmex.dll
 0002:00000150       __imp_mexLock              0000000180030150     libmex:libmex.dll
 0002:00000158       \177libmex_NULL_THUNK_DATA 0000000180030158     libmex:libmex.dll
 0002:00000160       __imp_muDoubleScalarSign   0000000180030160     libmwmathutil:libmwmathutil.dll
 0002:00000168       __imp_muDoubleScalarSqrt   0000000180030168     libmwmathutil:libmwmathutil.dll
 0002:00000170       __imp_muDoubleScalarAbs    0000000180030170     libmwmathutil:libmwmathutil.dll
 0002:00000178       \177libmwmathutil_NULL_THUNK_DATA 0000000180030178     libmwmathutil:libmwmathutil.dll
 0002:00000180       __imp_mxGetN               0000000180030180     libmx:libmx.dll
 0002:00000188       __imp_mxIsComplex          0000000180030188     libmx:libmx.dll
 0002:00000190       __imp_mxIsNumeric          0000000180030190     libmx:libmx.dll
 0002:00000198       __imp_mxGetClassID         0000000180030198     libmx:libmx.dll
 0002:000001a0       __imp_mxGetM               00000001800301a0     libmx:libmx.dll
 0002:000001a8       __imp_mxCalloc             00000001800301a8     libmx:libmx.dll
 0002:000001b0       __imp_mxCreateStructMatrix_730 00000001800301b0     libmx:libmx.dll
 0002:000001b8       __imp_mxCreateCellMatrix_730 00000001800301b8     libmx:libmx.dll
 0002:000001c0       __imp_mxCreateString       00000001800301c0     libmx:libmx.dll
 0002:000001c8       __imp_mxCreateDoubleScalar 00000001800301c8     libmx:libmx.dll
 0002:000001d0       __imp_mxSetField_730       00000001800301d0     libmx:libmx.dll
 0002:000001d8       __imp_mxDuplicateArray     00000001800301d8     libmx:libmx.dll
 0002:000001e0       __imp_mxGetString_730      00000001800301e0     libmx:libmx.dll
 0002:000001e8       __imp_mxCreateDoubleMatrix_730 00000001800301e8     libmx:libmx.dll
 0002:000001f0       __imp_mxDestroyArray       00000001800301f0     libmx:libmx.dll
 0002:000001f8       __imp_mxGetPr              00000001800301f8     libmx:libmx.dll
 0002:00000200       __imp_mxIsChar             0000000180030200     libmx:libmx.dll
 0002:00000208       __imp_mxGetScalar          0000000180030208     libmx:libmx.dll
 0002:00000210       \177libmx_NULL_THUNK_DATA  0000000180030210     libmx:libmx.dll
 0002:00000218       __imp_utMalloc             0000000180030218     libut:libut.dll
 0002:00000220       __imp_utFree               0000000180030220     libut:libut.dll
 0002:00000228       \177libut_NULL_THUNK_DATA  0000000180030228     libut:libut.dll
 0002:00000230       __imp_sf_debug_create_debug_instance_struct 0000000180030230     sf_runtime:sf_runtime.dll
 0002:00000238       __imp_sim_mode_is_rtw_gen  0000000180030238     sf_runtime:sf_runtime.dll
 0002:00000240       __imp_callMdlMethodAndReportError 0000000180030240     sf_runtime:sf_runtime.dll
 0002:00000248       __imp_sf_debug_cv_init_state 0000000180030248     sf_runtime:sf_runtime.dll
 0002:00000250       __imp_sf_debug_cv_init_chart 0000000180030250     sf_runtime:sf_runtime.dll
 0002:00000258       __imp_sim_mode_is_external 0000000180030258     sf_runtime:sf_runtime.dll
 0002:00000260       __imp_sf_debug_cv_init_trans 0000000180030260     sf_runtime:sf_runtime.dll
 0002:00000268       __imp_sf_debug_data_range_wrapper 0000000180030268     sf_runtime:sf_runtime.dll
 0002:00000270       __imp_sf_debug_eml_data_array_bounds_error_check 0000000180030270     sf_runtime:sf_runtime.dll
 0002:00000278       __imp_sf_debug_read_before_write_check 0000000180030278     sf_runtime:sf_runtime.dll
 0002:00000280       __imp_sf_debug_set_chart_state_substate_count 0000000180030280     sf_runtime:sf_runtime.dll
 0002:00000288       __imp_sf_debug_set_chart_substate_index 0000000180030288     sf_runtime:sf_runtime.dll
 0002:00000290       __imp_sf_debug_set_chart_substate_count 0000000180030290     sf_runtime:sf_runtime.dll
 0002:00000298       __imp_sf_debug_set_chart_decomposition 0000000180030298     sf_runtime:sf_runtime.dll
 0002:000002a0       __imp_sf_clear_error_manager_info 00000001800302a0     sf_runtime:sf_runtime.dll
 0002:000002a8       __imp_sf_debug_set_chart_event_thresholds 00000001800302a8     sf_runtime:sf_runtime.dll
 0002:000002b0       __imp_sf_debug_set_chart_disable_implicit_casting 00000001800302b0     sf_runtime:sf_runtime.dll
 0002:000002b8       __imp_sf_debug_set_instance_data_value_ptr 00000001800302b8     sf_runtime:sf_runtime.dll
 0002:000002c0       __imp_sf_debug_symbol_scope_add_eml_importable 00000001800302c0     sf_runtime:sf_runtime.dll
 0002:000002c8       __imp_sf_debug_symbol_scope_pop 00000001800302c8     sf_runtime:sf_runtime.dll
 0002:000002d0       __imp_sf_debug_symbol_scope_push_eml 00000001800302d0     sf_runtime:sf_runtime.dll
 0002:000002d8       __imp_sf_debug_symbol_scope_push 00000001800302d8     sf_runtime:sf_runtime.dll
 0002:000002e0       __imp_sf_debug_set_chart_data_compiled_props 00000001800302e0     sf_runtime:sf_runtime.dll
 0002:000002e8       __imp_sf_debug_set_chart_data_props 00000001800302e8     sf_runtime:sf_runtime.dll
 0002:000002f0       __imp_sf_debug_animate     00000001800302f0     sf_runtime:sf_runtime.dll
 0002:000002f8       __imp_sf_debug_set_animation 00000001800302f8     sf_runtime:sf_runtime.dll
 0002:00000300       __imp_sf_debug_get_animation 0000000180030300     sf_runtime:sf_runtime.dll
 0002:00000308       __imp_sf_debug_set_honor_breakpoints 0000000180030308     sf_runtime:sf_runtime.dll
 0002:00000310       __imp_sf_debug_check_for_state_inconsistency 0000000180030310     sf_runtime:sf_runtime.dll
 0002:00000318       __imp_sf_debug_reset_current_state_configuration 0000000180030318     sf_runtime:sf_runtime.dll
 0002:00000320       __imp_sf_mex_error_direct_call 0000000180030320     sf_runtime:sf_runtime.dll
 0002:00000328       __imp_sf_debug_set_chart_state_info 0000000180030328     sf_runtime:sf_runtime.dll
 0002:00000330       __imp_call_sf_machine_global_method_dispatcher 0000000180030330     sf_runtime:sf_runtime.dll
 0002:00000338       __imp_cv_eml_init_mcdc     0000000180030338     sf_runtime:sf_runtime.dll
 0002:00000340       __imp_cv_eml_init_if       0000000180030340     sf_runtime:sf_runtime.dll
 0002:00000348       __imp_cv_eml_init_fcn      0000000180030348     sf_runtime:sf_runtime.dll
 0002:00000350       __imp_cv_eml_init_script   0000000180030350     sf_runtime:sf_runtime.dll
 0002:00000358       __imp_cv_eml_eval          0000000180030358     sf_runtime:sf_runtime.dll
 0002:00000360       __imp_cv_eval_point        0000000180030360     sf_runtime:sf_runtime.dll
 0002:00000368       __imp_eml_debug_line_call  0000000180030368     sf_runtime:sf_runtime.dll
 0002:00000370       __imp_sf_debug_call        0000000180030370     sf_runtime:sf_runtime.dll
 0002:00000378       __imp_sf_debug_initialize_chart 0000000180030378     sf_runtime:sf_runtime.dll
 0002:00000380       __imp_sf_mex_emlrtNameCapturePostProcessR2012a 0000000180030380     sf_runtime:sf_runtime.dll
 0002:00000388       __imp_sf_mex_duplicatearraysafe 0000000180030388     sf_runtime:sf_runtime.dll
 0002:00000390       __imp_sf_mex_decode_encoded_mx_struct_array 0000000180030390     sf_runtime:sf_runtime.dll
 0002:00000398       __imp_sf_mex_import        0000000180030398     sf_runtime:sf_runtime.dll
 0002:000003a0       __imp_sf_mex_destroy       00000001800303a0     sf_runtime:sf_runtime.dll
 0002:000003a8       __imp_sf_mex_dup           00000001800303a8     sf_runtime:sf_runtime.dll
 0002:000003b0       __imp_sf_mex_assign        00000001800303b0     sf_runtime:sf_runtime.dll
 0002:000003b8       __imp_sf_mex_getcell       00000001800303b8     sf_runtime:sf_runtime.dll
 0002:000003c0       __imp_sf_mex_setcell       00000001800303c0     sf_runtime:sf_runtime.dll
 0002:000003c8       __imp_sf_mex_createcellmatrix 00000001800303c8     sf_runtime:sf_runtime.dll
 0002:000003d0       __imp_sf_mex_create        00000001800303d0     sf_runtime:sf_runtime.dll
 0002:000003d8       __imp_sf_mex_createstruct  00000001800303d8     sf_runtime:sf_runtime.dll
 0002:000003e0       __imp_sf_mex_addfield      00000001800303e0     sf_runtime:sf_runtime.dll
 0002:000003e8       __imp_sf_mex_error_message 00000001800303e8     sf_runtime:sf_runtime.dll
 0002:000003f0       __imp_sf_mex_call_debug    00000001800303f0     sf_runtime:sf_runtime.dll
 0002:000003f8       __imp_sf_mex_call_matlab   00000001800303f8     sf_runtime:sf_runtime.dll
 0002:00000400       __imp_sf_mex_printf        0000000180030400     sf_runtime:sf_runtime.dll
 0002:00000408       __imp_sf_get_time          0000000180030408     sf_runtime:sf_runtime.dll
 0002:00000410       __imp_sf_set_rtw_dwork_info 0000000180030410     sf_runtime:sf_runtime.dll
 0002:00000418       __imp_sf_clear_rtw_identifier 0000000180030418     sf_runtime:sf_runtime.dll
 0002:00000420       __imp_sf_debug_api         0000000180030420     sf_runtime:sf_runtime.dll
 0002:00000428       __imp_sf_mark_chart_expressionable_inputs 0000000180030428     sf_runtime:sf_runtime.dll
 0002:00000430       __imp_sf_mark_chart_reusable_outputs 0000000180030430     sf_runtime:sf_runtime.dll
 0002:00000438       __imp_sf_is_chart_inlinable 0000000180030438     sf_runtime:sf_runtime.dll
 0002:00000440       __imp_sf_update_buildInfo  0000000180030440     sf_runtime:sf_runtime.dll
 0002:00000448       __imp_sf_rtw_info_uint_prop 0000000180030448     sf_runtime:sf_runtime.dll
 0002:00000450       __imp_sf_debug_set_machine_data_thresholds 0000000180030450     sf_runtime:sf_runtime.dll
 0002:00000458       __imp_sf_debug_set_machine_event_thresholds 0000000180030458     sf_runtime:sf_runtime.dll
 0002:00000460       __imp_sf_debug_initialize_machine 0000000180030460     sf_runtime:sf_runtime.dll
 0002:00000468       __imp_sf_debug_terminate   0000000180030468     sf_runtime:sf_runtime.dll
 0002:00000470       __imp_sf_load_rtw_optimization_info 0000000180030470     sf_runtime:sf_runtime.dll
 0002:00000478       \177sf_runtime_NULL_THUNK_DATA 0000000180030478     sf_runtime:sf_runtime.dll
 0002:00000480       __xc_a                     0000000180030480     MSVCRT:cinitexe.obj
 0002:00000488       __xc_z                     0000000180030488     MSVCRT:cinitexe.obj
 0002:00000490       __xi_a                     0000000180030490     MSVCRT:cinitexe.obj
 0002:000004a8       __xi_z                     00000001800304a8     MSVCRT:cinitexe.obj
 0002:000004b0       __real@41a87f12dc000000    00000001800304b0     hw8_two_tanks_sfun.obj
 0002:000004b8       __real@41b55336a3000000    00000001800304b8     hw8_two_tanks_sfun.obj
 0002:000004c0       __real@41c900e78a000000    00000001800304c0     hw8_two_tanks_sfun.obj
 0002:000004c8       __real@41da35ef27c00000    00000001800304c8     hw8_two_tanks_sfun.obj
 0002:000004d0       __real@41db88d17f800000    00000001800304d0     hw8_two_tanks_sfun.obj
 0002:000004d8       __real@41e214d375200000    00000001800304d8     hw8_two_tanks_sfun.obj
 0002:000004e0       __real@41e3fcc5d1a00000    00000001800304e0     hw8_two_tanks_sfun.obj
 0002:000004e8       __real@41e531c5ed800000    00000001800304e8     hw8_two_tanks_sfun.obj
 0002:000004f0       __real@41e695dff8600000    00000001800304f0     hw8_two_tanks_sfun.obj
 0002:000004f8       __real@41e97fdbc9400000    00000001800304f8     hw8_two_tanks_sfun.obj
 0002:00000500       __real@41eb157042800000    0000000180030500     hw8_two_tanks_sfun.obj
 0002:00000508       __real@41ecd964c3a00000    0000000180030508     hw8_two_tanks_sfun.obj
 0002:00000510       __real@41eda5398c800000    0000000180030510     hw8_two_tanks_sfun.obj
 0002:00000518       __real@41edcf5b43c00000    0000000180030518     hw8_two_tanks_sfun.obj
 0002:00000520       __real@41ee963189400000    0000000180030520     hw8_two_tanks_sfun.obj
 0002:00000528       __real@41eec80950200000    0000000180030528     hw8_two_tanks_sfun.obj
 0002:00000530       __real@3f50624dd2f1a9fc    0000000180030530     c3_hw8_two_tanks.obj
 0002:00000538       __real@3f8f8a0902de00d2    0000000180030538     c3_hw8_two_tanks.obj
 0002:00000540       __real@3faeb851eb851eb8    0000000180030540     c3_hw8_two_tanks.obj
 0002:00000548       __real@3fd3333333333333    0000000180030548     c3_hw8_two_tanks.obj
 0002:00000550       __real@3ff0000000000000    0000000180030550     c3_hw8_two_tanks.obj
 0002:00000558       __real@4000000000000000    0000000180030558     c3_hw8_two_tanks.obj
 0002:00000560       __real@40239eb851eb851f    0000000180030560     c3_hw8_two_tanks.obj
 0002:00000568       __real@4024000000000000    0000000180030568     c3_hw8_two_tanks.obj
 0002:00000570       __real@408f400000000000    0000000180030570     c3_hw8_two_tanks.obj
 0002:00000578       __real@40c3290000000000    0000000180030578     c3_hw8_two_tanks.obj
 0002:00000580       __real@41d8e08246400000    0000000180030580     c3_hw8_two_tanks.obj
 0002:00000588       __real@41e05454e8200000    0000000180030588     c3_hw8_two_tanks.obj
 0002:00000590       __real@41ea72e9c8c00000    0000000180030590     c3_hw8_two_tanks.obj
 0002:00000598       __real@41ea80de23800000    0000000180030598     c3_hw8_two_tanks.obj
 0002:000005a0       __real@bff0000000000000    00000001800305a0     c3_hw8_two_tanks.obj
 0002:000005b0       __xmm@80000000000000008000000000000000 00000001800305b0     c3_hw8_two_tanks.obj
 0002:000005c0       DYNAMIC_DIMENSION_DEF      00000001800305c0     hw8_two_tanks_sfun_registry.obj
 0002:000005e0       _ssBadLevel2InputAccessMsg 00000001800305e0     hw8_two_tanks_sfun_registry.obj
 0002:00000770       _ssBadLevel2DirectFeedMsg  0000000180030770     hw8_two_tanks_sfun_registry.obj
 0002:000008b0       _ssBadLevel2DirectFeedSolutionMsg 00000001800308b0     hw8_two_tanks_sfun_registry.obj
 0002:00000920       _ssBadLevel2ZeroDirectFeedMsg 0000000180030920     hw8_two_tanks_sfun_registry.obj
 0002:00000a60       _ssBadLevel2ZeroDirectFeedMsg2 0000000180030a60     hw8_two_tanks_sfun_registry.obj
 0002:00000b48       __real@0000000000000000    0000000180030b48     hw8_two_tanks_sfun_registry.obj
 0002:00000b50       __real@41602cbca0000000    0000000180030b50     hw8_two_tanks_sfun_registry.obj
 0002:00000b68       _pDefaultRawDllMain        0000000180030b68     MSVCRT:crtdll.obj
 0002:00000b68       _pRawDllMain               0000000180030b68     MSVCRT:crtdll.obj
 0002:00000b70       ?ProcessDetach@NativeDll@<CrtImplementationDetails>@@0IB 0000000180030b70     MSVCRT:initsect.obj
 0002:00000b74       ?ProcessAttach@NativeDll@<CrtImplementationDetails>@@0IB 0000000180030b74     MSVCRT:initsect.obj
 0002:00000b78       ?ThreadAttach@NativeDll@<CrtImplementationDetails>@@0IB 0000000180030b78     MSVCRT:initsect.obj
 0002:00000b7c       ?ThreadDetach@NativeDll@<CrtImplementationDetails>@@0IB 0000000180030b7c     MSVCRT:initsect.obj
 0002:00000b80       ?ProcessVerifier@NativeDll@<CrtImplementationDetails>@@0IB 0000000180030b80     MSVCRT:initsect.obj
 0002:00000b84       ?value@?$integral_constant@_N$0A@@std@@2_NB 0000000180030b84     MSVCRT:tncleanup.obj
 0002:00000b85       ?value@?$integral_constant@_N$00@std@@2_NB 0000000180030b85     MSVCRT:tncleanup.obj
 0002:00000b88       ?value@?$_Sizeof@U_Nil@std@@U12@U12@U12@U12@U12@U12@U12@@std@@2_KB 0000000180030b88     MSVCRT:tncleanup.obj
 0002:00000b90       _load_config_used          0000000180030b90     MSVCRT:loadcfg.obj
 0002:00000c00       __rtc_iaa                  0000000180030c00     MSVCRT:initsect.obj
 0002:00000c08       __rtc_izz                  0000000180030c08     MSVCRT:initsect.obj
 0002:00000c10       __rtc_taa                  0000000180030c10     MSVCRT:initsect.obj
 0002:00000c18       __rtc_tzz                  0000000180030c18     MSVCRT:initsect.obj
 0002:00001394       __IMPORT_DESCRIPTOR_sf_runtime 0000000180031394     sf_runtime:sf_runtime.dll
 0002:000013a8       __IMPORT_DESCRIPTOR_libmx  00000001800313a8     libmx:libmx.dll
 0002:000013bc       __IMPORT_DESCRIPTOR_libmex 00000001800313bc     libmex:libmex.dll
 0002:000013d0       __IMPORT_DESCRIPTOR_libut  00000001800313d0     libut:libut.dll
 0002:000013e4       __IMPORT_DESCRIPTOR_libmwmathutil 00000001800313e4     libmwmathutil:libmwmathutil.dll
 0002:000013f8       __IMPORT_DESCRIPTOR_MSVCR110 00000001800313f8     MSVCRT:MSVCR110.dll
 0002:0000140c       __IMPORT_DESCRIPTOR_KERNEL32 000000018003140c     kernel32:KERNEL32.dll
 0002:00001420       __NULL_IMPORT_DESCRIPTOR   0000000180031420     sf_runtime:sf_runtime.dll
 0003:000027f0       DYNAMIC_DIMENSION          00000001800357f0     hw8_two_tanks_sfun_registry.obj
 0003:00003460       __security_cookie          0000000180036460     MSVCRT:gs_cookie.obj
 0003:00003468       __security_cookie_complement 0000000180036468     MSVCRT:gs_cookie.obj
 0003:00003470       _fltused                   0000000180036470     MSVCRT:dllsupp.obj
 0003:00003474       __native_dllmain_reason    0000000180036474     MSVCRT:natstart.obj
 0003:000034b8       sfGlobalDebugInstanceStruct 00000001800364b8     hw8_two_tanks_sfun_registry.obj
 0003:00003b08       ?__type_info_root_node@@3U__type_info_node@@A 0000000180036b08     MSVCRT:tncleanup.obj
 0003:00003b18       _hw8_two_tanksMachineNumber_ 0000000180036b18     <common>
 0003:00003b20       __native_startup_lock      0000000180036b20     <common>
 0003:00003b28       __native_startup_state     0000000180036b28     <common>
 0003:00003b30       __onexitend                0000000180036b30     <common>
 0003:00003b38       __onexitbegin              0000000180036b38     <common>
 0003:00003b40       __dyn_tls_init_callback    0000000180036b40     <common>

 entry point at        0001:0002e524

 Static symbols

 0000:00000000       .debug$S                   0000000180000000     kernel32:KERNEL32.dll
 0000:00000000       .debug$S                   0000000180000000     kernel32:KERNEL32.dll
 0000:00000000       .debug$S                   0000000180000000     kernel32:KERNEL32.dll
 0000:00000000       .debug$S                   0000000180000000     kernel32:KERNEL32.dll
 0000:00000000       .debug$S                   0000000180000000     kernel32:KERNEL32.dll
 0000:00000000       .debug$S                   0000000180000000     kernel32:KERNEL32.dll
 0000:00000000       .debug$S                   0000000180000000     kernel32:KERNEL32.dll
 0000:00000000       .debug$S                   0000000180000000     kernel32:KERNEL32.dll
 0000:00000000       .debug$S                   0000000180000000     kernel32:KERNEL32.dll
 0000:00000000       .debug$S                   0000000180000000     sf_runtime:sf_runtime.dll
 0000:00000000       .debug$S                   0000000180000000     MSVCRT:MSVCR110.dll
 0000:00000000       .debug$S                   0000000180000000     MSVCRT:MSVCR110.dll
 0000:00000000       .debug$S                   0000000180000000     MSVCRT:MSVCR110.dll
 0000:00000000       .debug$S                   0000000180000000     MSVCRT:MSVCR110.dll
 0000:00000000       .debug$S                   0000000180000000     MSVCRT:MSVCR110.dll
 0000:00000000       .debug$S                   0000000180000000     MSVCRT:MSVCR110.dll
 0000:00000000       .debug$S                   0000000180000000     MSVCRT:MSVCR110.dll
 0000:00000000       .debug$S                   0000000180000000     MSVCRT:MSVCR110.dll
 0000:00000000       .debug$S                   0000000180000000     MSVCRT:MSVCR110.dll
 0000:00000000       .debug$S                   0000000180000000     MSVCRT:MSVCR110.dll
 0000:00000000       .debug$S                   0000000180000000     MSVCRT:MSVCR110.dll
 0000:00000000       .debug$S                   0000000180000000     MSVCRT:MSVCR110.dll
 0000:00000000       .debug$S                   0000000180000000     MSVCRT:MSVCR110.dll
 0000:00000000       .debug$S                   0000000180000000     MSVCRT:MSVCR110.dll
 0000:00000000       .debug$S                   0000000180000000     MSVCRT:MSVCR110.dll
 0000:00000000       .debug$S                   0000000180000000     MSVCRT:MSVCR110.dll
 0000:00000000       .debug$S                   0000000180000000     MSVCRT:MSVCR110.dll
 0000:00000000       .debug$S                   0000000180000000     MSVCRT:MSVCR110.dll
 0000:00000000       .debug$S                   0000000180000000     MSVCRT:MSVCR110.dll
 0000:00000000       .debug$S                   0000000180000000     MSVCRT:MSVCR110.dll
 0000:00000000       .debug$S                   0000000180000000     MSVCRT:MSVCR110.dll
 0000:00000000       .debug$S                   0000000180000000     MSVCRT:MSVCR110.dll
 0000:00000000       .debug$S                   0000000180000000     MSVCRT:MSVCR110.dll
 0000:00000000       .debug$S                   0000000180000000     MSVCRT:MSVCR110.dll
 0000:00000000       .debug$S                   0000000180000000     MSVCRT:MSVCR110.dll
 0000:00000000       .debug$S                   0000000180000000     sf_runtime:sf_runtime.dll
 0000:00000000       .debug$S                   0000000180000000     sf_runtime:sf_runtime.dll
 0000:00000000       .debug$S                   0000000180000000     sf_runtime:sf_runtime.dll
 0000:00000000       .debug$S                   0000000180000000     sf_runtime:sf_runtime.dll
 0000:00000000       .debug$S                   0000000180000000     sf_runtime:sf_runtime.dll
 0000:00000000       .debug$S                   0000000180000000     sf_runtime:sf_runtime.dll
 0000:00000000       .debug$S                   0000000180000000     sf_runtime:sf_runtime.dll
 0000:00000000       .debug$S                   0000000180000000     sf_runtime:sf_runtime.dll
 0000:00000000       .debug$S                   0000000180000000     sf_runtime:sf_runtime.dll
 0000:00000000       .debug$S                   0000000180000000     sf_runtime:sf_runtime.dll
 0000:00000000       .debug$S                   0000000180000000     sf_runtime:sf_runtime.dll
 0000:00000000       .debug$S                   0000000180000000     sf_runtime:sf_runtime.dll
 0000:00000000       .debug$S                   0000000180000000     sf_runtime:sf_runtime.dll
 0000:00000000       .debug$S                   0000000180000000     sf_runtime:sf_runtime.dll
 0000:00000000       .debug$S                   0000000180000000     sf_runtime:sf_runtime.dll
 0000:00000000       .debug$S                   0000000180000000     sf_runtime:sf_runtime.dll
 0000:00000000       .debug$S                   0000000180000000     sf_runtime:sf_runtime.dll
 0000:00000000       .debug$S                   0000000180000000     sf_runtime:sf_runtime.dll
 0000:00000000       .debug$S                   0000000180000000     sf_runtime:sf_runtime.dll
 0000:00000000       .debug$S                   0000000180000000     sf_runtime:sf_runtime.dll
 0000:00000000       .debug$S                   0000000180000000     sf_runtime:sf_runtime.dll
 0000:00000000       .debug$S                   0000000180000000     sf_runtime:sf_runtime.dll
 0000:00000000       .debug$S                   0000000180000000     sf_runtime:sf_runtime.dll
 0000:00000000       .debug$S                   0000000180000000     sf_runtime:sf_runtime.dll
 0000:00000000       .debug$S                   0000000180000000     sf_runtime:sf_runtime.dll
 0000:00000000       .debug$S                   0000000180000000     sf_runtime:sf_runtime.dll
 0000:00000000       .debug$S                   0000000180000000     sf_runtime:sf_runtime.dll
 0000:00000000       .debug$S                   0000000180000000     sf_runtime:sf_runtime.dll
 0000:00000000       .debug$S                   0000000180000000     sf_runtime:sf_runtime.dll
 0000:00000000       .debug$S                   0000000180000000     sf_runtime:sf_runtime.dll
 0000:00000000       .debug$S                   0000000180000000     sf_runtime:sf_runtime.dll
 0000:00000000       .debug$S                   0000000180000000     sf_runtime:sf_runtime.dll
 0000:00000000       .debug$S                   0000000180000000     sf_runtime:sf_runtime.dll
 0000:00000000       .debug$S                   0000000180000000     sf_runtime:sf_runtime.dll
 0000:00000000       .debug$S                   0000000180000000     sf_runtime:sf_runtime.dll
 0000:00000000       .debug$S                   0000000180000000     sf_runtime:sf_runtime.dll
 0000:00000000       .debug$S                   0000000180000000     libmwmathutil:libmwmathutil.dll
 0000:00000000       .debug$S                   0000000180000000     libmwmathutil:libmwmathutil.dll
 0000:00000000       .debug$S                   0000000180000000     libmwmathutil:libmwmathutil.dll
 0000:00000000       .debug$S                   0000000180000000     sf_runtime:sf_runtime.dll
 0000:00000000       .debug$S                   0000000180000000     libut:libut.dll
 0000:00000000       .debug$S                   0000000180000000     libut:libut.dll
 0000:00000000       .debug$S                   0000000180000000     sf_runtime:sf_runtime.dll
 0000:00000000       .debug$S                   0000000180000000     libmex:libmex.dll
 0000:00000000       .debug$S                   0000000180000000     libmex:libmex.dll
 0000:00000000       .debug$S                   0000000180000000     libmex:libmex.dll
 0000:00000000       .debug$S                   0000000180000000     libmex:libmex.dll
 0000:00000000       .debug$S                   0000000180000000     libmex:libmex.dll
 0000:00000000       .debug$S                   0000000180000000     libmex:libmex.dll
 0000:00000000       .debug$S                   0000000180000000     libmex:libmex.dll
 0000:00000000       .debug$S                   0000000180000000     sf_runtime:sf_runtime.dll
 0000:00000000       .debug$S                   0000000180000000     libmx:libmx.dll
 0000:00000000       .debug$S                   0000000180000000     libmx:libmx.dll
 0000:00000000       .debug$S                   0000000180000000     libmx:libmx.dll
 0000:00000000       .debug$S                   0000000180000000     libmx:libmx.dll
 0000:00000000       .debug$S                   0000000180000000     libmx:libmx.dll
 0000:00000000       .debug$S                   0000000180000000     libmx:libmx.dll
 0000:00000000       .debug$S                   0000000180000000     libmx:libmx.dll
 0000:00000000       .debug$S                   0000000180000000     libmx:libmx.dll
 0000:00000000       .debug$S                   0000000180000000     libmx:libmx.dll
 0000:00000000       .debug$S                   0000000180000000     sf_runtime:sf_runtime.dll
 0000:00000000       .debug$S                   0000000180000000     sf_runtime:sf_runtime.dll
 0000:00000000       .debug$S                   0000000180000000     sf_runtime:sf_runtime.dll
 0000:00000000       .debug$S                   0000000180000000     sf_runtime:sf_runtime.dll
 0000:00000000       .debug$S                   0000000180000000     sf_runtime:sf_runtime.dll
 0000:00000000       .debug$S                   0000000180000000     sf_runtime:sf_runtime.dll
 0000:00000000       .debug$S                   0000000180000000     sf_runtime:sf_runtime.dll
 0000:00000000       .debug$S                   0000000180000000     sf_runtime:sf_runtime.dll
 0000:00000000       .debug$S                   0000000180000000     sf_runtime:sf_runtime.dll
 0000:00000000       .debug$S                   0000000180000000     sf_runtime:sf_runtime.dll
 0000:00000000       .debug$S                   0000000180000000     sf_runtime:sf_runtime.dll
 0000:00000000       .debug$S                   0000000180000000     sf_runtime:sf_runtime.dll
 0000:00000000       .debug$S                   0000000180000000     sf_runtime:sf_runtime.dll
 0000:00000000       .debug$S                   0000000180000000     sf_runtime:sf_runtime.dll
 0000:00000000       .debug$S                   0000000180000000     sf_runtime:sf_runtime.dll
 0000:00000000       .debug$S                   0000000180000000     sf_runtime:sf_runtime.dll
 0000:00000000       .debug$S                   0000000180000000     sf_runtime:sf_runtime.dll
 0000:00000000       .debug$S                   0000000180000000     sf_runtime:sf_runtime.dll
 0000:00000000       .debug$S                   0000000180000000     sf_runtime:sf_runtime.dll
 0000:00000000       .debug$S                   0000000180000000     sf_runtime:sf_runtime.dll
 0000:00000000       .debug$S                   0000000180000000     sf_runtime:sf_runtime.dll
 0000:00000000       .debug$S                   0000000180000000     sf_runtime:sf_runtime.dll
 0000:00000000       .debug$S                   0000000180000000     sf_runtime:sf_runtime.dll
 0000:00000000       .debug$S                   0000000180000000     sf_runtime:sf_runtime.dll
 0000:00000000       .debug$S                   0000000180000000     sf_runtime:sf_runtime.dll
 0000:00000000       .debug$S                   0000000180000000     sf_runtime:sf_runtime.dll
 0000:00000000       .debug$S                   0000000180000000     sf_runtime:sf_runtime.dll
 0000:00000000       .debug$S                   0000000180000000     sf_runtime:sf_runtime.dll
 0000:00000000       .debug$S                   0000000180000000     sf_runtime:sf_runtime.dll
 0000:00000000       .debug$S                   0000000180000000     sf_runtime:sf_runtime.dll
 0000:00000000       .debug$S                   0000000180000000     sf_runtime:sf_runtime.dll
 0000:00000000       .debug$S                   0000000180000000     sf_runtime:sf_runtime.dll
 0000:00000000       .debug$S                   0000000180000000     sf_runtime:sf_runtime.dll
 0000:00000000       .debug$S                   0000000180000000     libmx:libmx.dll
 0000:00000000       .debug$S                   0000000180000000     libmx:libmx.dll
 0000:00000000       .debug$S                   0000000180000000     libmx:libmx.dll
 0000:00000000       .debug$S                   0000000180000000     libmx:libmx.dll
 0000:00000000       .debug$S                   0000000180000000     libmx:libmx.dll
 0000:00000000       .debug$S                   0000000180000000     libmx:libmx.dll
 0000:00000000       .debug$S                   0000000180000000     libmx:libmx.dll
 0000:00000000       .debug$S                   0000000180000000     libmx:libmx.dll
 0000:00000000       .debug$S                   0000000180000000     libmx:libmx.dll
 0001:000010b0       initialize_c3_hw8_two_tanks 00000001800020b0 f   c3_hw8_two_tanks.obj
 0001:000011e0       initialize_params_c3_hw8_two_tanks 00000001800021e0 f   c3_hw8_two_tanks.obj
 0001:000011f0       enable_c3_hw8_two_tanks    00000001800021f0 f   c3_hw8_two_tanks.obj
 0001:00001220       disable_c3_hw8_two_tanks   0000000180002220 f   c3_hw8_two_tanks.obj
 0001:00001250       c3_update_debugger_state_c3_hw8_two_tanks 0000000180002250 f   c3_hw8_two_tanks.obj
 0001:00001850       get_sim_state_c3_hw8_two_tanks 0000000180002850 f   c3_hw8_two_tanks.obj
 0001:000018a0       set_sim_state_c3_hw8_two_tanks 00000001800028a0 f   c3_hw8_two_tanks.obj
 0001:000018f0       c3_set_sim_state_side_effects_c3_hw8_two_tanks 00000001800028f0 f   c3_hw8_two_tanks.obj
 0001:000019d0       finalize_c3_hw8_two_tanks  00000001800029d0 f   c3_hw8_two_tanks.obj
 0001:00001a00       sf_gateway_c3_hw8_two_tanks 0000000180002a00 f   c3_hw8_two_tanks.obj
 0001:0000e320       zeroCrossings_c3_hw8_two_tanks 000000018000f320 f   c3_hw8_two_tanks.obj
 0001:00011780       derivatives_c3_hw8_two_tanks 0000000180012780 f   c3_hw8_two_tanks.obj
 0001:00017af0       outputs_c3_hw8_two_tanks   0000000180018af0 f   c3_hw8_two_tanks.obj
 0001:0001db60       initSimStructsc3_hw8_two_tanks 000000018001eb60 f   c3_hw8_two_tanks.obj
 0001:0001db70       c3_abs                     000000018001eb70 f   c3_hw8_two_tanks.obj
 0001:0001dba0       c3_eml_scalar_abs          000000018001eba0 f   c3_hw8_two_tanks.obj
 0001:0001dbd0       c3_eml_error               000000018001ebd0 f   c3_hw8_two_tanks.obj
 0001:0001dc80       c3_mrdivide                000000018001ec80 f   c3_hw8_two_tanks.obj
 0001:0001dcc0       c3_rdivide                 000000018001ecc0 f   c3_hw8_two_tanks.obj
 0001:0001dd00       c3_eml_div                 000000018001ed00 f   c3_hw8_two_tanks.obj
 0001:0001dd40       c3_div                     000000018001ed40 f   c3_hw8_two_tanks.obj
 0001:0001dd70       init_script_number_translation 000000018001ed70 f   c3_hw8_two_tanks.obj
 0001:0001dd90       c3_emlrt_marshallOut       000000018001ed90 f   c3_hw8_two_tanks.obj
 0001:0001de20       c3_b_emlrt_marshallOut     000000018001ee20 f   c3_hw8_two_tanks.obj
 0001:0001deb0       c3_c_emlrt_marshallOut     000000018001eeb0 f   c3_hw8_two_tanks.obj
 0001:0001df30       c3_sf_marshallOut          000000018001ef30 f   c3_hw8_two_tanks.obj
 0001:0001df90       c3_emlrt_marshallIn        000000018001ef90 f   c3_hw8_two_tanks.obj
 0001:0001e000       c3_b_emlrt_marshallIn      000000018001f000 f   c3_hw8_two_tanks.obj
 0001:0001e090       c3_sf_marshallIn           000000018001f090 f   c3_hw8_two_tanks.obj
 0001:0001e0f0       c3_d_emlrt_marshallOut     000000018001f0f0 f   c3_hw8_two_tanks.obj
 0001:0001e170       c3_b_sf_marshallOut        000000018001f170 f   c3_hw8_two_tanks.obj
 0001:0001e1d0       c3_c_emlrt_marshallIn      000000018001f1d0 f   c3_hw8_two_tanks.obj
 0001:0001e230       c3_d_emlrt_marshallIn      000000018001f230 f   c3_hw8_two_tanks.obj
 0001:0001e2c0       c3_b_sf_marshallIn         000000018001f2c0 f   c3_hw8_two_tanks.obj
 0001:0001e320       c3_info_helper             000000018001f320 f   c3_hw8_two_tanks.obj
 0001:00020a00       c3_e_emlrt_marshallOut     0000000180021a00 f   c3_hw8_two_tanks.obj
 0001:00020a90       c3_f_emlrt_marshallOut     0000000180021a90 f   c3_hw8_two_tanks.obj
 0001:00020b00       c3_h_emlrt_marshallOut     0000000180021b00 f   c3_hw8_two_tanks.obj
 0001:00020b80       c3_g_emlrt_marshallIn      0000000180021b80 f   c3_hw8_two_tanks.obj
 0001:00020be0       c3_h_emlrt_marshallIn      0000000180021be0 f   c3_hw8_two_tanks.obj
 0001:00020c70       c3_i_emlrt_marshallOut     0000000180021c70 f   c3_hw8_two_tanks.obj
 0001:00020f70       c3_i_emlrt_marshallIn      0000000180021f70 f   c3_hw8_two_tanks.obj
 0001:000212e0       c3_j_emlrt_marshallIn      00000001800222e0 f   c3_hw8_two_tanks.obj
 0001:00021360       c3_k_emlrt_marshallIn      0000000180022360 f   c3_hw8_two_tanks.obj
 0001:000213c0       c3_updateDataWrittenToVector 00000001800223c0 f   c3_hw8_two_tanks.obj
 0001:00021440       c3_errorIfDataNotWrittenToFcn 0000000180022440 f   c3_hw8_two_tanks.obj
 0001:00021500       c3_b_sign                  0000000180022500 f   c3_hw8_two_tanks.obj
 0001:00021530       c3_b_eml_scalar_sign       0000000180022530 f   c3_hw8_two_tanks.obj
 0001:00021560       c3_b_sqrt                  0000000180022560 f   c3_hw8_two_tanks.obj
 0001:000215a0       c3_b_eml_scalar_sqrt       00000001800225a0 f   c3_hw8_two_tanks.obj
 0001:000215d0       init_dsm_address_info      00000001800225d0 f   c3_hw8_two_tanks.obj
 0001:00022690       sf_get_sim_state_info_c3_hw8_two_tanks 0000000180023690 f   c3_hw8_two_tanks.obj
 0001:00022760       chart_debug_initialization 0000000180023760 f   c3_hw8_two_tanks.obj
 0001:00026740       sf_get_instance_specialization 0000000180027740 f   c3_hw8_two_tanks.obj
 0001:00026750       sf_opaque_initialize_c3_hw8_two_tanks 0000000180027750 f   c3_hw8_two_tanks.obj
 0001:00026790       sf_opaque_enable_c3_hw8_two_tanks 0000000180027790 f   c3_hw8_two_tanks.obj
 0001:000267b0       sf_opaque_disable_c3_hw8_two_tanks 00000001800277b0 f   c3_hw8_two_tanks.obj
 0001:000267d0       sf_opaque_zeroCrossings_c3_hw8_two_tanks 00000001800277d0 f   c3_hw8_two_tanks.obj
 0001:000267f0       sf_opaque_outputs_c3_hw8_two_tanks 00000001800277f0 f   c3_hw8_two_tanks.obj
 0001:00026810       sf_opaque_derivatives_c3_hw8_two_tanks 0000000180027810 f   c3_hw8_two_tanks.obj
 0001:00026830       sf_opaque_gateway_c3_hw8_two_tanks 0000000180027830 f   c3_hw8_two_tanks.obj
 0001:00026b10       sf_opaque_get_sim_state_c3_hw8_two_tanks 0000000180027b10 f   c3_hw8_two_tanks.obj
 0001:00026b30       sf_opaque_set_sim_state_c3_hw8_two_tanks 0000000180027b30 f   c3_hw8_two_tanks.obj
 0001:00026b60       sf_opaque_terminate_c3_hw8_two_tanks 0000000180027b60 f   c3_hw8_two_tanks.obj
 0001:00026c00       sf_opaque_init_subchart_simstructs 0000000180027c00 f   c3_hw8_two_tanks.obj
 0001:00026c20       mdlProcessParameters_c3_hw8_two_tanks 0000000180027c20 f   c3_hw8_two_tanks.obj
 0001:00026d00       mdlSetWorkWidths_c3_hw8_two_tanks 0000000180027d00 f   c3_hw8_two_tanks.obj
 0001:00027280       mdlRTW_c3_hw8_two_tanks    0000000180028280 f   c3_hw8_two_tanks.obj
 0001:000272c0       mdlStart_c3_hw8_two_tanks  00000001800282c0 f   c3_hw8_two_tanks.obj
 0001:000285e4       $LN107                     00000001800295e4     hw8_two_tanks_sfun_registry.obj
 0001:00029914       $LN17                      000000018002a914     hw8_two_tanks_sfun_registry.obj
 0001:00029e9c       $LN26                      000000018002ae9c     hw8_two_tanks_sfun_registry.obj
 0001:0002a584       $LN23                      000000018002b584     hw8_two_tanks_sfun_registry.obj
 0001:0002ab60       $LN26                      000000018002bb60     hw8_two_tanks_sfun_registry.obj
 0001:0002c490       sf_debug_api_wrapper       000000018002d490 f   hw8_two_tanks_sfun_registry.obj
 0001:0002c4e0       ProcessMexSfunctionCmdLineCall 000000018002d4e0 f   hw8_two_tanks_sfun_registry.obj
 0001:0002c7a0       getChartInfoFromSimStruct  000000018002d7a0 f   hw8_two_tanks_sfun_registry.obj
 0001:0002c860       mdlSetWorkWidths           000000018002d860 f   hw8_two_tanks_sfun_registry.obj
 0001:0002c890       mdlProcessParameters       000000018002d890 f   hw8_two_tanks_sfun_registry.obj
 0001:0002c8c0       mdl_start_processing       000000018002d8c0 f   hw8_two_tanks_sfun_registry.obj
 0001:0002c950       mdl_terminate_processing   000000018002d950 f   hw8_two_tanks_sfun_registry.obj
 0001:0002c9d0       mdlStart                   000000018002d9d0 f   hw8_two_tanks_sfun_registry.obj
 0001:0002ca00       mdlTerminate               000000018002da00 f   hw8_two_tanks_sfun_registry.obj
 0001:0002ca30       mdlInitializeSizes         000000018002da30 f   hw8_two_tanks_sfun_registry.obj
 0001:0002ca60       mdlInitializeSampleTimes   000000018002da60 f   hw8_two_tanks_sfun_registry.obj
 0001:0002ca90       mdl_outputs_continuous_legacy 000000018002da90 f   hw8_two_tanks_sfun_registry.obj
 0001:0002cb90       mdl_outputs_processing     000000018002db90 f   hw8_two_tanks_sfun_registry.obj
 0001:0002cc90       mdl_zeroCrossings_processing 000000018002dc90 f   hw8_two_tanks_sfun_registry.obj
 0001:0002ccd0       mdlZeroCrossings           000000018002dcd0 f   hw8_two_tanks_sfun_registry.obj
 0001:0002cd00       mdl_derivatives_processing 000000018002dd00 f   hw8_two_tanks_sfun_registry.obj
 0001:0002cd50       mdlDerivatives             000000018002dd50 f   hw8_two_tanks_sfun_registry.obj
 0001:0002cd80       mdl_initialize_conditions_processing 000000018002dd80 f   hw8_two_tanks_sfun_registry.obj
 0001:0002cdd0       mdlInitializeConditions    000000018002ddd0 f   hw8_two_tanks_sfun_registry.obj
 0001:0002ce00       mdl_ext_mode_exec_processing 000000018002de00 f   hw8_two_tanks_sfun_registry.obj
 0001:0002ce40       mdlExtModeExec             000000018002de40 f   hw8_two_tanks_sfun_registry.obj
 0001:0002ce70       mdlRTW                     000000018002de70 f   hw8_two_tanks_sfun_registry.obj
 0001:0002ceb0       mdl_enable_processing      000000018002deb0 f   hw8_two_tanks_sfun_registry.obj
 0001:0002cef0       mdlEnable                  000000018002def0 f   hw8_two_tanks_sfun_registry.obj
 0001:0002cf20       mdl_disable_processing     000000018002df20 f   hw8_two_tanks_sfun_registry.obj
 0001:0002cf60       mdlDisable                 000000018002df60 f   hw8_two_tanks_sfun_registry.obj
 0001:0002cf90       mdlOutputs                 000000018002df90 f   hw8_two_tanks_sfun_registry.obj
 0001:0002d160       mdlGetTimeOfNextVarHit     000000018002e160 f   hw8_two_tanks_sfun_registry.obj
 0001:0002d1b0       _RegNumInputPortsCB        000000018002e1b0 f   hw8_two_tanks_sfun_registry.obj
 0001:0002d230       _RegNumOutputPortsCB       000000018002e230 f   hw8_two_tanks_sfun_registry.obj
 0001:0002d2b0       _CreateSimStruct           000000018002e2b0 f   hw8_two_tanks_sfun_registry.obj
 0001:0002d440       _ssFatalError              000000018002e440 f   hw8_two_tanks_sfun_registry.obj
 0001:0002d4f0       _ProcessMexSfunctionCmdLineCall 000000018002e4f0 f   hw8_two_tanks_sfun_registry.obj
 0001:0002e210       $$000000                   000000018002f210     MSVCRT:amdsecgs.obj
 0001:0002e26c       pre_c_init                 000000018002f26c f   MSVCRT:crtdll.obj
 0001:0002e564       __DllMainCRTStartup        000000018002f564 f   MSVCRT:crtdll.obj
 0001:0002ea80       __DllMainCRTStartup$filt$0 000000018002fa80 f   MSVCRT:crtdll.obj
 0001:0002eaa5       __DllMainCRTStartup$fin$1  000000018002faa5 f   MSVCRT:crtdll.obj
 0001:0002eac0       _IsNonwritableInCurrentImage$filt$0 000000018002fac0 f   MSVCRT:pesect.obj
 0001:0002eae0       _onexit$fin$0              000000018002fae0 f   MSVCRT:atonexit.obj
 0002:00000498       pcinit                     0000000180030498     MSVCRT:crtdll.obj
 0002:000004a0       pinit                      00000001800304a0     MSVCRT:atonexit.obj
 0002:00000b58       GS_ExceptionPointers       0000000180030b58     MSVCRT:gs_report.obj
 0002:00000c20       $unwind$load_hw8_two_tanks_optimization_info 0000000180030c20     hw8_two_tanks_sfun.obj
 0002:00000c28       $unwind$unload_hw8_two_tanks_optimization_info 0000000180030c28     hw8_two_tanks_sfun.obj
 0002:00000c30       $unwind$sf_hw8_two_tanks_method_dispatcher 0000000180030c30     hw8_two_tanks_sfun.obj
 0002:00000c38       $unwind$sf_hw8_two_tanks_process_check_sum_call 0000000180030c38     hw8_two_tanks_sfun.obj
 0002:00000c48       $unwind$sf_hw8_two_tanks_autoinheritance_info 0000000180030c48     hw8_two_tanks_sfun.obj
 0002:00000c58       $unwind$sf_hw8_two_tanks_get_eml_resolved_functions_info 0000000180030c58     hw8_two_tanks_sfun.obj
 0002:00000c68       $unwind$sf_hw8_two_tanks_third_party_uses_info 0000000180030c68     hw8_two_tanks_sfun.obj
 0002:00000c78       $unwind$sf_hw8_two_tanks_updateBuildInfo_args_info 0000000180030c78     hw8_two_tanks_sfun.obj
 0002:00000c88       $unwind$hw8_two_tanks_debug_initialize 0000000180030c88     hw8_two_tanks_sfun.obj
 0002:00000c90       $unwind$sf_c3_hw8_two_tanks_get_eml_resolved_functions_info 0000000180030c90     c3_hw8_two_tanks.obj
 0002:00000c98       $unwind$sf_c3_hw8_two_tanks_get_check_sum 0000000180030c98     c3_hw8_two_tanks.obj
 0002:00000ca0       $unwind$c3_hw8_two_tanks_method_dispatcher 0000000180030ca0     c3_hw8_two_tanks.obj
 0002:00000ca8       $unwind$initialize_c3_hw8_two_tanks 0000000180030ca8     c3_hw8_two_tanks.obj
 0002:00000cb0       $unwind$enable_c3_hw8_two_tanks 0000000180030cb0     c3_hw8_two_tanks.obj
 0002:00000cb8       $unwind$disable_c3_hw8_two_tanks 0000000180030cb8     c3_hw8_two_tanks.obj
 0002:00000cc0       $unwind$c3_update_debugger_state_c3_hw8_two_tanks 0000000180030cc0     c3_hw8_two_tanks.obj
 0002:00000cc8       $unwind$get_sim_state_c3_hw8_two_tanks 0000000180030cc8     c3_hw8_two_tanks.obj
 0002:00000cd0       $unwind$set_sim_state_c3_hw8_two_tanks 0000000180030cd0     c3_hw8_two_tanks.obj
 0002:00000cd8       $unwind$finalize_c3_hw8_two_tanks 0000000180030cd8     c3_hw8_two_tanks.obj
 0002:00000ce0       $unwind$sf_gateway_c3_hw8_two_tanks 0000000180030ce0     c3_hw8_two_tanks.obj
 0002:00000cf0       $unwind$zeroCrossings_c3_hw8_two_tanks 0000000180030cf0     c3_hw8_two_tanks.obj
 0002:00000d00       $unwind$derivatives_c3_hw8_two_tanks 0000000180030d00     c3_hw8_two_tanks.obj
 0002:00000d10       $unwind$outputs_c3_hw8_two_tanks 0000000180030d10     c3_hw8_two_tanks.obj
 0002:00000d20       $unwind$c3_abs             0000000180030d20     c3_hw8_two_tanks.obj
 0002:00000d28       $unwind$c3_eml_scalar_abs  0000000180030d28     c3_hw8_two_tanks.obj
 0002:00000d30       $unwind$c3_eml_error       0000000180030d30     c3_hw8_two_tanks.obj
 0002:00000d38       $unwind$c3_mrdivide        0000000180030d38     c3_hw8_two_tanks.obj
 0002:00000d40       $unwind$c3_rdivide         0000000180030d40     c3_hw8_two_tanks.obj
 0002:00000d48       $unwind$c3_eml_div         0000000180030d48     c3_hw8_two_tanks.obj
 0002:00000d50       $unwind$c3_emlrt_marshallOut 0000000180030d50     c3_hw8_two_tanks.obj
 0002:00000d58       $unwind$c3_b_emlrt_marshallOut 0000000180030d58     c3_hw8_two_tanks.obj
 0002:00000d60       $unwind$c3_c_emlrt_marshallOut 0000000180030d60     c3_hw8_two_tanks.obj
 0002:00000d68       $unwind$c3_sf_marshallOut  0000000180030d68     c3_hw8_two_tanks.obj
 0002:00000d70       $unwind$c3_emlrt_marshallIn 0000000180030d70     c3_hw8_two_tanks.obj
 0002:00000d78       $unwind$c3_b_emlrt_marshallIn 0000000180030d78     c3_hw8_two_tanks.obj
 0002:00000d80       $unwind$c3_sf_marshallIn   0000000180030d80     c3_hw8_two_tanks.obj
 0002:00000d88       $unwind$c3_d_emlrt_marshallOut 0000000180030d88     c3_hw8_two_tanks.obj
 0002:00000d90       $unwind$c3_b_sf_marshallOut 0000000180030d90     c3_hw8_two_tanks.obj
 0002:00000d98       $unwind$c3_c_emlrt_marshallIn 0000000180030d98     c3_hw8_two_tanks.obj
 0002:00000da0       $unwind$c3_d_emlrt_marshallIn 0000000180030da0     c3_hw8_two_tanks.obj
 0002:00000da8       $unwind$c3_b_sf_marshallIn 0000000180030da8     c3_hw8_two_tanks.obj
 0002:00000db0       $unwind$c3_info_helper     0000000180030db0     c3_hw8_two_tanks.obj
 0002:00000db8       $unwind$c3_e_emlrt_marshallOut 0000000180030db8     c3_hw8_two_tanks.obj
 0002:00000dc0       $unwind$c3_f_emlrt_marshallOut 0000000180030dc0     c3_hw8_two_tanks.obj
 0002:00000dc8       $unwind$c3_h_emlrt_marshallOut 0000000180030dc8     c3_hw8_two_tanks.obj
 0002:00000dd0       $unwind$c3_g_emlrt_marshallIn 0000000180030dd0     c3_hw8_two_tanks.obj
 0002:00000dd8       $unwind$c3_h_emlrt_marshallIn 0000000180030dd8     c3_hw8_two_tanks.obj
 0002:00000de0       $unwind$c3_i_emlrt_marshallOut 0000000180030de0     c3_hw8_two_tanks.obj
 0002:00000de8       $unwind$c3_i_emlrt_marshallIn 0000000180030de8     c3_hw8_two_tanks.obj
 0002:00000df0       $unwind$c3_j_emlrt_marshallIn 0000000180030df0     c3_hw8_two_tanks.obj
 0002:00000df8       $unwind$c3_k_emlrt_marshallIn 0000000180030df8     c3_hw8_two_tanks.obj
 0002:00000e00       $unwind$c3_updateDataWrittenToVector 0000000180030e00     c3_hw8_two_tanks.obj
 0002:00000e08       $unwind$c3_errorIfDataNotWrittenToFcn 0000000180030e08     c3_hw8_two_tanks.obj
 0002:00000e10       $unwind$c3_b_sign          0000000180030e10     c3_hw8_two_tanks.obj
 0002:00000e18       $unwind$c3_b_eml_scalar_sign 0000000180030e18     c3_hw8_two_tanks.obj
 0002:00000e20       $unwind$c3_b_sqrt          0000000180030e20     c3_hw8_two_tanks.obj
 0002:00000e28       $unwind$c3_b_eml_scalar_sqrt 0000000180030e28     c3_hw8_two_tanks.obj
 0002:00000e30       $unwind$sf_c3_hw8_two_tanks_get_autoinheritance_info 0000000180030e30     c3_hw8_two_tanks.obj
 0002:00000e38       $unwind$sf_c3_hw8_two_tanks_third_party_uses_info 0000000180030e38     c3_hw8_two_tanks.obj
 0002:00000e40       $unwind$sf_c3_hw8_two_tanks_updateBuildInfo_args_info 0000000180030e40     c3_hw8_two_tanks.obj
 0002:00000e48       $unwind$sf_get_sim_state_info_c3_hw8_two_tanks 0000000180030e48     c3_hw8_two_tanks.obj
 0002:00000e50       $unwind$chart_debug_initialization 0000000180030e50     c3_hw8_two_tanks.obj
 0002:00000e58       $unwind$sf_opaque_initialize_c3_hw8_two_tanks 0000000180030e58     c3_hw8_two_tanks.obj
 0002:00000e60       $unwind$sf_opaque_enable_c3_hw8_two_tanks 0000000180030e60     c3_hw8_two_tanks.obj
 0002:00000e68       $unwind$sf_opaque_disable_c3_hw8_two_tanks 0000000180030e68     c3_hw8_two_tanks.obj
 0002:00000e70       $unwind$sf_opaque_zeroCrossings_c3_hw8_two_tanks 0000000180030e70     c3_hw8_two_tanks.obj
 0002:00000e78       $unwind$sf_opaque_outputs_c3_hw8_two_tanks 0000000180030e78     c3_hw8_two_tanks.obj
 0002:00000e80       $unwind$sf_opaque_derivatives_c3_hw8_two_tanks 0000000180030e80     c3_hw8_two_tanks.obj
 0002:00000e88       $unwind$sf_opaque_gateway_c3_hw8_two_tanks 0000000180030e88     c3_hw8_two_tanks.obj
 0002:00000e90       $unwind$sf_internal_get_sim_state_c3_hw8_two_tanks 0000000180030e90     c3_hw8_two_tanks.obj
 0002:00000e98       $unwind$sf_internal_set_sim_state_c3_hw8_two_tanks 0000000180030e98     c3_hw8_two_tanks.obj
 0002:00000ea0       $unwind$sf_opaque_get_sim_state_c3_hw8_two_tanks 0000000180030ea0     c3_hw8_two_tanks.obj
 0002:00000ea8       $unwind$sf_opaque_set_sim_state_c3_hw8_two_tanks 0000000180030ea8     c3_hw8_two_tanks.obj
 0002:00000eb0       $unwind$sf_opaque_terminate_c3_hw8_two_tanks 0000000180030eb0     c3_hw8_two_tanks.obj
 0002:00000eb8       $unwind$sf_opaque_init_subchart_simstructs 0000000180030eb8     c3_hw8_two_tanks.obj
 0002:00000ec0       $unwind$mdlProcessParameters_c3_hw8_two_tanks 0000000180030ec0     c3_hw8_two_tanks.obj
 0002:00000ec8       $unwind$mdlSetWorkWidths_c3_hw8_two_tanks 0000000180030ec8     c3_hw8_two_tanks.obj
 0002:00000ed0       $unwind$mdlRTW_c3_hw8_two_tanks 0000000180030ed0     c3_hw8_two_tanks.obj
 0002:00000ed8       $unwind$mdlStart_c3_hw8_two_tanks 0000000180030ed8     c3_hw8_two_tanks.obj
 0002:00000ee0       $unwind$mexFunction        0000000180030ee0     hw8_two_tanks_sfun_registry.obj
 0002:00000ee8       $unwind$_ssSetInputPortDirectFeedThroughFcn 0000000180030ee8     hw8_two_tanks_sfun_registry.obj
 0002:00000ef0       $unwind$_ssGetInputPortSignalPtrsFcn 0000000180030ef0     hw8_two_tanks_sfun_registry.obj
 0002:00000ef8       $unwind$_ssGetInputPortSignalFcn 0000000180030ef8     hw8_two_tanks_sfun_registry.obj
 0002:00000f00       $unwind$_ssSetInputPortReusableFcn 0000000180030f00     hw8_two_tanks_sfun_registry.obj
 0002:00000f10       $unwind$_ssSetOutputPortReusableFcn 0000000180030f10     hw8_two_tanks_sfun_registry.obj
 0002:00000f20       $unwind$ssGetIsZeroCrossControlDisabled 0000000180030f20     hw8_two_tanks_sfun_registry.obj
 0002:00000f28       $unwind$ssSetIsInputPortUsedForContZcSignal 0000000180030f28     hw8_two_tanks_sfun_registry.obj
[...]
 0004:00000018       $pdata$sf_hw8_two_tanks_method_dispatcher 0000000180037018     hw8_two_tanks_sfun.obj
 0004:00000024       $pdata$sf_hw8_two_tanks_process_check_sum_call 0000000180037024     hw8_two_tanks_sfun.obj
 0004:00000030       $pdata$sf_hw8_two_tanks_autoinheritance_info 0000000180037030     hw8_two_tanks_sfun.obj
 0004:0000003c       $pdata$sf_hw8_two_tanks_get_eml_resolved_functions_info 000000018003703c     hw8_two_tanks_sfun.obj
 0004:00000048       $pdata$sf_hw8_two_tanks_third_party_uses_info 0000000180037048     hw8_two_tanks_sfun.obj
 0004:00000054       $pdata$sf_hw8_two_tanks_updateBuildInfo_args_info 0000000180037054     hw8_two_tanks_sfun.obj
 0004:00000060       $pdata$hw8_two_tanks_debug_initialize 0000000180037060     hw8_two_tanks_sfun.obj
 0004:0000006c       $pdata$sf_c3_hw8_two_tanks_get_eml_resolved_functions_info 000000018003706c     c3_hw8_two_tanks.obj
 0004:00000078       $pdata$sf_c3_hw8_two_tanks_get_check_sum 0000000180037078     c3_hw8_two_tanks.obj
 0004:00000084       $pdata$c3_hw8_two_tanks_method_dispatcher 0000000180037084     c3_hw8_two_tanks.obj
 0004:00000090       $pdata$initialize_c3_hw8_two_tanks 0000000180037090     c3_hw8_two_tanks.obj
 0004:0000009c       $pdata$enable_c3_hw8_two_tanks 000000018003709c     c3_hw8_two_tanks.obj
 0004:000000a8       $pdata$disable_c3_hw8_two_tanks 00000001800370a8     c3_hw8_two_tanks.obj
 0004:000000b4       $pdata$c3_update_debugger_state_c3_hw8_two_tanks 00000001800370b4     c3_hw8_two_tanks.obj
 0004:000000c0       $pdata$get_sim_state_c3_hw8_two_tanks 00000001800370c0     c3_hw8_two_tanks.obj
 0004:000000cc       $pdata$set_sim_state_c3_hw8_two_tanks 00000001800370cc     c3_hw8_two_tanks.obj
 0004:000000d8       $pdata$finalize_c3_hw8_two_tanks 00000001800370d8     c3_hw8_two_tanks.obj
 0004:000000e4       $pdata$sf_gateway_c3_hw8_two_tanks 00000001800370e4     c3_hw8_two_tanks.obj
 0004:000000f0       $pdata$zeroCrossings_c3_hw8_two_tanks 00000001800370f0     c3_hw8_two_tanks.obj
 0004:000000fc       $pdata$derivatives_c3_hw8_two_tanks 00000001800370fc     c3_hw8_two_tanks.obj
 0004:00000108       $pdata$outputs_c3_hw8_two_tanks 0000000180037108     c3_hw8_two_tanks.obj
 0004:00000114       $pdata$c3_abs              0000000180037114     c3_hw8_two_tanks.obj
 0004:00000120       $pdata$c3_eml_scalar_abs   0000000180037120     c3_hw8_two_tanks.obj
 0004:0000012c       $pdata$c3_eml_error        000000018003712c     c3_hw8_two_tanks.obj
 0004:00000138       $pdata$c3_mrdivide         0000000180037138     c3_hw8_two_tanks.obj
 0004:00000144       $pdata$c3_rdivide          0000000180037144     c3_hw8_two_tanks.obj
 0004:00000150       $pdata$c3_eml_div          0000000180037150     c3_hw8_two_tanks.obj
 0004:0000015c       $pdata$c3_emlrt_marshallOut 000000018003715c     c3_hw8_two_tanks.obj
 0004:00000168       $pdata$c3_b_emlrt_marshallOut 0000000180037168     c3_hw8_two_tanks.obj
 0004:00000174       $pdata$c3_c_emlrt_marshallOut 0000000180037174     c3_hw8_two_tanks.obj
 0004:00000180       $pdata$c3_sf_marshallOut   0000000180037180     c3_hw8_two_tanks.obj
 0004:0000018c       $pdata$c3_emlrt_marshallIn 000000018003718c     c3_hw8_two_tanks.obj
 0004:00000198       $pdata$c3_b_emlrt_marshallIn 0000000180037198     c3_hw8_two_tanks.obj
 0004:000001a4       $pdata$c3_sf_marshallIn    00000001800371a4     c3_hw8_two_tanks.obj
 0004:000001b0       $pdata$c3_d_emlrt_marshallOut 00000001800371b0     c3_hw8_two_tanks.obj
 0004:000001bc       $pdata$c3_b_sf_marshallOut 00000001800371bc     c3_hw8_two_tanks.obj
 0004:000001c8       $pdata$c3_c_emlrt_marshallIn 00000001800371c8     c3_hw8_two_tanks.obj
 0004:000001d4       $pdata$c3_d_emlrt_marshallIn 00000001800371d4     c3_hw8_two_tanks.obj
 0004:000001e0       $pdata$c3_b_sf_marshallIn  00000001800371e0     c3_hw8_two_tanks.obj
 0004:000001ec       $pdata$c3_info_helper      00000001800371ec     c3_hw8_two_tanks.obj
 0004:000001f8       $pdata$c3_e_emlrt_marshallOut 00000001800371f8     c3_hw8_two_tanks.obj
 0004:00000204       $pdata$c3_f_emlrt_marshallOut 0000000180037204     c3_hw8_two_tanks.obj
 0004:00000210       $pdata$c3_h_emlrt_marshallOut 0000000180037210     c3_hw8_two_tanks.obj
 0004:0000021c       $pdata$c3_g_emlrt_marshallIn 000000018003721c     c3_hw8_two_tanks.obj
 0004:00000228       $pdata$c3_h_emlrt_marshallIn 0000000180037228     c3_hw8_two_tanks.obj
 0004:00000234       $pdata$c3_i_emlrt_marshallOut 0000000180037234     c3_hw8_two_tanks.obj
 0004:00000240       $pdata$c3_i_emlrt_marshallIn 0000000180037240     c3_hw8_two_tanks.obj
 0004:0000024c       $pdata$c3_j_emlrt_marshallIn 000000018003724c     c3_hw8_two_tanks.obj
 0004:00000258       $pdata$c3_k_emlrt_marshallIn 0000000180037258     c3_hw8_two_tanks.obj
 0004:00000264       $pdata$c3_updateDataWrittenToVector 0000000180037264     c3_hw8_two_tanks.obj
 0004:00000270       $pdata$c3_errorIfDataNotWrittenToFcn 0000000180037270     c3_hw8_two_tanks.obj
 0004:0000027c       $pdata$c3_b_sign           000000018003727c     c3_hw8_two_tanks.obj
 0004:00000288       $pdata$c3_b_eml_scalar_sign 0000000180037288     c3_hw8_two_tanks.obj
 0004:00000294       $pdata$c3_b_sqrt           0000000180037294     c3_hw8_two_tanks.obj
 0004:000002a0       $pdata$c3_b_eml_scalar_sqrt 00000001800372a0     c3_hw8_two_tanks.obj
 0004:000002ac       $pdata$sf_c3_hw8_two_tanks_get_autoinheritance_info 00000001800372ac     c3_hw8_two_tanks.obj
 0004:000002b8       $pdata$sf_c3_hw8_two_tanks_third_party_uses_info 00000001800372b8     c3_hw8_two_tanks.obj
 0004:000002c4       $pdata$sf_c3_hw8_two_tanks_updateBuildInfo_args_info 00000001800372c4     c3_hw8_two_tanks.obj
 0004:000002d0       $pdata$sf_get_sim_state_info_c3_hw8_two_tanks 00000001800372d0     c3_hw8_two_tanks.obj
 0004:000002dc       $pdata$chart_debug_initialization 00000001800372dc     c3_hw8_two_tanks.obj
 0004:000002e8       $pdata$sf_opaque_initialize_c3_hw8_two_tanks 00000001800372e8     c3_hw8_two_tanks.obj
 0004:000002f4       $pdata$sf_opaque_enable_c3_hw8_two_tanks 00000001800372f4     c3_hw8_two_tanks.obj
 0004:00000300       $pdata$sf_opaque_disable_c3_hw8_two_tanks 0000000180037300     c3_hw8_two_tanks.obj
 0004:0000030c       $pdata$sf_opaque_zeroCrossings_c3_hw8_two_tanks 000000018003730c     c3_hw8_two_tanks.obj
 0004:00000318       $pdata$sf_opaque_outputs_c3_hw8_two_tanks 0000000180037318     c3_hw8_two_tanks.obj
 0004:00000324       $pdata$sf_opaque_derivatives_c3_hw8_two_tanks 0000000180037324     c3_hw8_two_tanks.obj
 0004:00000330       $pdata$sf_opaque_gateway_c3_hw8_two_tanks 0000000180037330     c3_hw8_two_tanks.obj
 0004:0000033c       $pdata$sf_internal_get_sim_state_c3_hw8_two_tanks 000000018003733c     c3_hw8_two_tanks.obj
 0004:00000348       $pdata$sf_internal_set_sim_state_c3_hw8_two_tanks 0000000180037348     c3_hw8_two_tanks.obj
 0004:00000354       $pdata$sf_opaque_get_sim_state_c3_hw8_two_tanks 0000000180037354     c3_hw8_two_tanks.obj
 0004:00000360       $pdata$sf_opaque_set_sim_state_c3_hw8_two_tanks 0000000180037360     c3_hw8_two_tanks.obj
 0004:0000036c       $pdata$sf_opaque_terminate_c3_hw8_two_tanks 000000018003736c     c3_hw8_two_tanks.obj
 0004:00000378       $pdata$sf_opaque_init_subchart_simstructs 0000000180037378     c3_hw8_two_tanks.obj
 0004:00000384       $pdata$mdlProcessParameters_c3_hw8_two_tanks 0000000180037384     c3_hw8_two_tanks.obj
 0004:00000390       $pdata$mdlSetWorkWidths_c3_hw8_two_tanks 0000000180037390     c3_hw8_two_tanks.obj
 0004:0000039c       $pdata$mdlRTW_c3_hw8_two_tanks 000000018003739c     c3_hw8_two_tanks.obj
 0004:000003a8       $pdata$mdlStart_c3_hw8_two_tanks 00000001800373a8     c3_hw8_two_tanks.obj
 0004:000003b4       $pdata$mexFunction         00000001800373b4     hw8_two_tanks_sfun_registry.obj
 0004:000003c0       $pdata$_ssSetInputPortDirectFeedThroughFcn 00000001800373c0     hw8_two_tanks_sfun_registry.obj
 0004:000003cc       $pdata$_ssGetInputPortSignalPtrsFcn 00000001800373cc     hw8_two_tanks_sfun_registry.obj
 0004:000003d8       $pdata$_ssGetInputPortSignalFcn 00000001800373d8     hw8_two_tanks_sfun_registry.obj
 0004:000003e4       $pdata$_ssSetInputPortReusableFcn 00000001800373e4     hw8_two_tanks_sfun_registry.obj
 0004:000003f0       $pdata$_ssSetOutputPortReusableFcn 00000001800373f0     hw8_two_tanks_sfun_registry.obj
 0004:000003fc       $pdata$ssGetIsZeroCrossControlDisabled 00000001800373fc     hw8_two_tanks_sfun_registry.obj
 0004:00000408       $pdata$ssSetIsInputPortUsedForContZcSignal 0000000180037408     hw8_two_tanks_sfun_registry.obj
 0004:00000414       $pdata$ssSetZcSignalIsZcElementDisc 0000000180037414     hw8_two_tanks_sfun_registry.obj
 0004:00000420       $pdata$ssSetZcSignalName   0000000180037420     hw8_two_tanks_sfun_registry.obj
 0004:0000042c       $pdata$ssSetZcSignalWidth  000000018003742c     hw8_two_tanks_sfun_registry.obj
 0004:00000438       $pdata$ssSetZcSignalZcEventType 0000000180037438     hw8_two_tanks_sfun_registry.obj
 0004:00000444       $pdata$ssSetZcSignalType   0000000180037444     hw8_two_tanks_sfun_registry.obj
 0004:00000450       $pdata$ssSetZcSignalZcTol  0000000180037450     hw8_two_tanks_sfun_registry.obj
 0004:0000045c       $pdata$ssSetZcSignalNeedsEventNotification 000000018003745c     hw8_two_tanks_sfun_registry.obj
 0004:00000468       $pdata$ssCreateAndAddZcSignalInfo 0000000180037468     hw8_two_tanks_sfun_registry.obj
 0004:00000474       $pdata$ssCloneAndAddZcSignalInfo 0000000180037474     hw8_two_tanks_sfun_registry.obj
 0004:00000480       $pdata$ssGetNumZcSignals   0000000180037480     hw8_two_tanks_sfun_registry.obj
 0004:0000048c       $pdata$ssGetZcSignalVector 000000018003748c     hw8_two_tanks_sfun_registry.obj
 0004:00000498       $pdata$ssGetZcSignalName   0000000180037498     hw8_two_tanks_sfun_registry.obj
 0004:000004a4       $pdata$ssGetZcSignalWidth  00000001800374a4     hw8_two_tanks_sfun_registry.obj
 0004:000004b0       $pdata$ssGetZcSignalZcEventType 00000001800374b0     hw8_two_tanks_sfun_registry.obj
 0004:000004bc       $pdata$ssGetZcSignalZcEvents 00000001800374bc     hw8_two_tanks_sfun_registry.obj
 0004:000004c8       $pdata$ssGetZcSignalType   00000001800374c8     hw8_two_tanks_sfun_registry.obj
 0004:000004d4       $pdata$ssGetZcSignalZcTol  00000001800374d4     hw8_two_tanks_sfun_registry.obj
 0004:000004e0       $pdata$ssGetZcSignalNeedsEventNotification 00000001800374e0     hw8_two_tanks_sfun_registry.obj
 0004:000004ec       $pdata$ssGetZcSignalIsZcElementDisc 00000001800374ec     hw8_two_tanks_sfun_registry.obj
 0004:000004f8       $pdata$ssGetIsInputPortElementContinuous 00000001800374f8     hw8_two_tanks_sfun_registry.obj
 0004:00000504       $pdata$ssGetDTypeIdFromMxArray 0000000180037504     hw8_two_tanks_sfun_registry.obj
 0004:00000510       $pdata$ssWriteRTWStr       0000000180037510     hw8_two_tanks_sfun_registry.obj
 0004:0000051c       $pdata$ssWriteRTWNameValuePair 000000018003751c     hw8_two_tanks_sfun_registry.obj
 0004:00000528       $pdata$ssWriteRTWParamSettings 0000000180037528     hw8_two_tanks_sfun_registry.obj
 0004:00000534       $pdata$ssWriteRTWParameters 0000000180037534     hw8_two_tanks_sfun_registry.obj
 0004:00000540       $pdata$ssWriteRTWWorkVect  0000000180037540     hw8_two_tanks_sfun_registry.obj
 0004:0000054c       $pdata$ssWriteRTWMxVectParam 000000018003754c     hw8_two_tanks_sfun_registry.obj
 0004:00000558       $pdata$ssWriteRTWMx2dMatParam 0000000180037558     hw8_two_tanks_sfun_registry.obj
 0004:00000564       $pdata$_ssSetInputPortMatrixDimensions 0000000180037564     hw8_two_tanks_sfun_registry.obj
 0004:00000570       $pdata$_ssSetOutputPortMatrixDimensions 0000000180037570     hw8_two_tanks_sfun_registry.obj
 0004:0000057c       $pdata$_ssSetInputPortVectorDimension 000000018003757c     hw8_two_tanks_sfun_registry.obj
 0004:00000588       $pdata$_ssSetOutputPortVectorDimension 0000000180037588     hw8_two_tanks_sfun_registry.obj
 0004:00000594       $pdata$ssIsRunTimeParamTunable 0000000180037594     hw8_two_tanks_sfun_registry.obj
 0004:000005a0       $pdata$ssGetSFuncBlockHandle 00000001800375a0     hw8_two_tanks_sfun_registry.obj
 0004:000005ac       $pdata$_ssGetCurrentInputPortWidth 00000001800375ac     hw8_two_tanks_sfun_registry.obj
 0004:000005b8       $pdata$_ssGetCurrentOutputPortWidth 00000001800375b8     hw8_two_tanks_sfun_registry.obj
 0004:000005c4       $pdata$_ssGetCallSystemNumFcnCallDestinations 00000001800375c4     hw8_two_tanks_sfun_registry.obj
 0004:000005d0       $pdata$ssWarning           00000001800375d0     hw8_two_tanks_sfun_registry.obj
 0004:000005dc       $pdata$_ssGetAbsTol        00000001800375dc     hw8_two_tanks_sfun_registry.obj
 0004:000005e8       $pdata$sf_process_check_sum_call 00000001800375e8     hw8_two_tanks_sfun_registry.obj
 0004:000005f4       $pdata$sf_process_autoinheritance_call 00000001800375f4     hw8_two_tanks_sfun_registry.obj
 0004:00000600       $pdata$sf_process_get_third_party_uses_info_call 0000000180037600     hw8_two_tanks_sfun_registry.obj
 0004:0000060c       $pdata$sf_process_get_updateBuildInfo_args_info_call 000000018003760c     hw8_two_tanks_sfun_registry.obj
 0004:00000618       $pdata$sf_process_get_eml_resolved_functions_info_call 0000000180037618     hw8_two_tanks_sfun_registry.obj
 0004:00000624       $pdata$sf_mex_unlock_call  0000000180037624     hw8_two_tanks_sfun_registry.obj
 0004:00000630       $pdata$sf_debug_api_wrapper 0000000180037630     hw8_two_tanks_sfun_registry.obj
 0004:0000063c       $pdata$ProcessMexSfunctionCmdLineCall 000000018003763c     hw8_two_tanks_sfun_registry.obj
 0004:00000648       $pdata$sf_machine_global_initializer_called 0000000180037648     hw8_two_tanks_sfun_registry.obj
 0004:00000654       $pdata$sf_machine_global_method_dispatcher 0000000180037654     hw8_two_tanks_sfun_registry.obj
 0004:00000660       $pdata$sf_machine_global_terminator 0000000180037660     hw8_two_tanks_sfun_registry.obj
 0004:0000066c       $pdata$sf_register_machine_exported_symbols 000000018003766c     hw8_two_tanks_sfun_registry.obj
 0004:00000678       $pdata$sf_machine_global_initializer 0000000180037678     hw8_two_tanks_sfun_registry.obj
 0004:00000684       $pdata$getChartInfoFromSimStruct 0000000180037684     hw8_two_tanks_sfun_registry.obj
 0004:00000690       $pdata$mdlGetSimState      0000000180037690     hw8_two_tanks_sfun_registry.obj
 0004:0000069c       $pdata$mdlSetSimState      000000018003769c     hw8_two_tanks_sfun_registry.obj
 0004:000006a8       $pdata$mdlSetWorkWidths    00000001800376a8     hw8_two_tanks_sfun_registry.obj
 0004:000006b4       $pdata$mdlProcessParameters 00000001800376b4     hw8_two_tanks_sfun_registry.obj
 0004:000006c0       $pdata$mdl_start_processing 00000001800376c0     hw8_two_tanks_sfun_registry.obj
 0004:000006cc       $pdata$mdl_terminate_processing 00000001800376cc     hw8_two_tanks_sfun_registry.obj
 0004:000006d8       $pdata$mdlStart            00000001800376d8     hw8_two_tanks_sfun_registry.obj
 0004:000006e4       $pdata$mdlTerminate        00000001800376e4     hw8_two_tanks_sfun_registry.obj
 0004:000006f0       $pdata$mdlInitializeSizes  00000001800376f0     hw8_two_tanks_sfun_registry.obj
 0004:000006fc       $pdata$mdlInitializeSampleTimes 00000001800376fc     hw8_two_tanks_sfun_registry.obj
 0004:00000708       $pdata$mdl_outputs_continuous_legacy 0000000180037708     hw8_two_tanks_sfun_registry.obj
 0004:00000714       $pdata$mdl_outputs_processing 0000000180037714     hw8_two_tanks_sfun_registry.obj
 0004:00000720       $pdata$mdl_zeroCrossings_processing 0000000180037720     hw8_two_tanks_sfun_registry.obj
 0004:0000072c       $pdata$mdlZeroCrossings    000000018003772c     hw8_two_tanks_sfun_registry.obj
 0004:00000738       $pdata$mdl_derivatives_processing 0000000180037738     hw8_two_tanks_sfun_registry.obj
 0004:00000744       $pdata$mdlDerivatives      0000000180037744     hw8_two_tanks_sfun_registry.obj
 0004:00000750       $pdata$mdl_initialize_conditions_processing 0000000180037750     hw8_two_tanks_sfun_registry.obj
 0004:0000075c       $pdata$mdlInitializeConditions 000000018003775c     hw8_two_tanks_sfun_registry.obj
 0004:00000768       $pdata$mdl_ext_mode_exec_processing 0000000180037768     hw8_two_tanks_sfun_registry.obj
 0004:00000774       $pdata$mdlExtModeExec      0000000180037774     hw8_two_tanks_sfun_registry.obj
 0004:00000780       $pdata$mdlRTW              0000000180037780     hw8_two_tanks_sfun_registry.obj
 0004:0000078c       $pdata$mdl_enable_processing 000000018003778c     hw8_two_tanks_sfun_registry.obj
 0004:00000798       $pdata$mdlEnable           0000000180037798     hw8_two_tanks_sfun_registry.obj
 0004:000007a4       $pdata$mdl_disable_processing 00000001800377a4     hw8_two_tanks_sfun_registry.obj
 0004:000007b0       $pdata$mdlDisable          00000001800377b0     hw8_two_tanks_sfun_registry.obj
 0004:000007bc       $pdata$mdlOutputs          00000001800377bc     hw8_two_tanks_sfun_registry.obj
 0004:000007c8       $pdata$ProcessMexSfunctionEveryCall 00000001800377c8     hw8_two_tanks_sfun_registry.obj
 0004:000007d4       $pdata$_RegNumInputPortsCB 00000001800377d4     hw8_two_tanks_sfun_registry.obj
 0004:000007e0       $pdata$_RegNumOutputPortsCB 00000001800377e0     hw8_two_tanks_sfun_registry.obj
 0004:000007ec       $pdata$_CreateSimStruct    00000001800377ec     hw8_two_tanks_sfun_registry.obj
 0004:000007f8       $pdata$_ssFatalError       00000001800377f8     hw8_two_tanks_sfun_registry.obj
 0004:00000804       $pdata$_ProcessMexSfunctionCmdLineCall 0000000180037804     hw8_two_tanks_sfun_registry.obj
 0004:00000810       $pdata$__raise_securityfailure 0000000180037810     MSVCRT:gs_report.obj
 0004:0000081c       $pdata$__report_gsfailure  000000018003781c     MSVCRT:gs_report.obj
 0004:00000828       $pdata$__report_rangecheckfailure 0000000180037828     MSVCRT:gs_report.obj
 0004:00000834       $pdata$__report_securityfailure 0000000180037834     MSVCRT:gs_report.obj
 0004:00000840       $pdata$__report_securityfailureEx 0000000180037840     MSVCRT:gs_report.obj
 0004:0000084c       $pdata$__GSHandlerCheck    000000018003784c     MSVCRT:gshandler.obj
 0004:00000858       $pdata$__GSHandlerCheckCommon 0000000180037858     MSVCRT:gshandler.obj
 0004:00000870       $pdata$pre_c_init          0000000180037870     MSVCRT:crtdll.obj
 0004:0000087c       $pdata$_CRT_INIT           000000018003787c     MSVCRT:crtdll.obj
 0004:00000888       $pdata$_DllMainCRTStartup  0000000180037888     MSVCRT:crtdll.obj
 0004:00000894       $pdata$__DllMainCRTStartup 0000000180037894     MSVCRT:crtdll.obj
 0004:000008a0       $pdata$_IsNonwritableInCurrentImage 00000001800378a0     MSVCRT:pesect.obj
 0004:000008ac       $pdata$__atonexitinit      00000001800378ac     MSVCRT:atonexit.obj
 0004:000008b8       $pdata$_onexit             00000001800378b8     MSVCRT:atonexit.obj
 0004:000008c4       $pdata$atexit              00000001800378c4     MSVCRT:atonexit.obj
 0004:000008d0       $pdata$__security_init_cookie 00000001800378d0     MSVCRT:gs_support.obj
 0004:000008dc       $pdata$DllMain             00000001800378dc     MSVCRT:dllmain.obj
 0004:000008e8       $pdata$_RTC_Initialize     00000001800378e8     MSVCRT:initsect.obj
 0004:000008f4       $pdata$_RTC_Terminate      00000001800378f4     MSVCRT:initsect.obj
 0004:00000900       $pdata$__DllMainCRTStartup$filt$0 0000000180037900     MSVCRT:crtdll.obj
 0004:0000090c       $pdata$__DllMainCRTStartup$fin$1 000000018003790c     MSVCRT:crtdll.obj
 0004:00000918       $pdata$_IsNonwritableInCurrentImage$filt$0 0000000180037918     MSVCRT:pesect.obj
 0004:00000924       $pdata$_onexit$fin$0       0000000180037924     MSVCRT:atonexit.obj
